山西省公共资源交易平台 AI兜底与OCR报告
生成时间: 2026-07-13 13:56:01
使用模型: glm-4.6-thinking
============================================================

【汇总】
  处理记录数 : 9
  成功        : 1
  失败        : 1

【Token消耗】
  AI调用次数  : 9
  输入tokens  : 45,745
  输出tokens  : 884
  合计tokens  : 46,629

【详细记录】
----------------------------------------
项目: 白水河流域（泽州路以东）排口整治及溢流污染控制工程总承包
链接: https://www.sxbid.com.cn/f/new/notice/1/5fee06e93d8e42cfb72ff78eb5767570
目标字段: 招标人地址, 招标人联系人, 招标人联系方式, 招标代理机构地址, 招标代理机构联系人, 招标代理机构联系方式, 监督部门地址, 监督部门联系人, 监督部门联系方式
结果: 部分成功
  - 招标人地址: 晋城市文昌街1626号
  - 招标人联系人: 邢先生
  - 招标人联系方式: 0356-3166697
  - 招标代理机构地址: 无
  - 招标代理机构联系人: 无
  - 招标代理机构联系方式: 无
  - 监督部门地址: 无
  - 监督部门联系人: 无
  - 监督部门联系方式: 0356-2229661
----------------------------------------
项目: 翼城县全域旅游配套基础设施提升项目(木石四牌坊环境整治项目)木石四牌坊环境整治改造工程施工
链接: https://www.sxbid.com.cn/f/new/notice/1/b7d206dd56004e2da7563d630546aa61
目标字段: 招标人地址, 招标人联系人, 招标人联系方式, 招标代理机构地址, 招标代理机构联系人, 招标代理机构联系方式, 监督部门地址, 监督部门联系人, 监督部门联系方式
结果: 部分成功
  - 招标人地址: 翼城县解放西街八一路口
  - 招标人联系人: 翟晓奇
  - 招标人联系方式: 0357-4922171
  - 招标代理机构地址: 山西省运城市卡纳溪谷西门北侧 4422-12号商铺
  - 招标代理机构联系人: 王牵珍
  - 招标代理机构联系方式: 0359-2568868
  - 监督部门地址: 无
  - 监督部门联系人: 无
  - 监督部门联系方式: 0357-4922171
----------------------------------------
项目: 夹马口引黄灌区续建配套与现代化改造工程（2026-2027年度）勘察
链接: https://www.sxbid.com.cn/f/new/notice/1/6d69b061961140aaa9c81bf6c99e6232
目标字段: 招标人地址, 招标人联系人, 招标人联系方式, 招标代理机构地址, 招标代理机构联系人, 招标代理机构联系方式, 监督部门地址, 监督部门联系人, 监督部门联系方式
结果: 失败
  - 招标人地址: 无
  - 招标人联系人: 无
  - 招标人联系方式: 无
  - 招标代理机构地址: 无
  - 招标代理机构联系人: 无
  - 招标代理机构联系方式: 无
  - 监督部门地址: 无
  - 监督部门联系人: 无
  - 监督部门联系方式: 无
----------------------------------------
项目: 汾西县县乡公路病害修复工程
链接: https://www.sxbid.com.cn/f/new/notice/1/4593817eb65a44aca922e20f1a47a403
目标字段: 招标人地址, 招标人联系人, 招标人联系方式, 招标代理机构地址, 招标代理机构联系人, 招标代理机构联系方式, 监督部门地址, 监督部门联系人, 监督部门联系方式
结果: 成功
  - 招标人地址: 汾西县交通大厦
  - 招标人联系人: 王军
  - 招标人联系方式: 0357-5123330
  - 招标代理机构地址: 山西省临汾市尧都区百汇郡邸1号楼1单元101
  - 招标代理机构联系人: 郭建芳
  - 招标代理机构联系方式: 18536738967
  - 监督部门地址: 临汾市秦蜀路71号
  - 监督部门联系人: 侯向峰
  - 监督部门联系方式: 15935762829
----------------------------------------
项目: 白水河流域（泽州路以东）排口整治及溢流污染控制工程监理
链接: https://www.sxbid.com.cn/f/new/notice/1/adc83a92399c4986a15c768d7918cfcc
目标字段: 招标人地址, 招标人联系人, 招标人联系方式, 招标代理机构地址, 招标代理机构联系人, 招标代理机构联系方式, 监督部门地址, 监督部门联系人, 监督部门联系方式
结果: 部分成功
  - 招标人地址: 晋城市文昌街1626号
  - 招标人联系人: 邢先生
  - 招标人联系方式: 0356-3166697
  - 招标代理机构地址: 山西省晋城市城区泽州路1278号物资大厦三楼305室
  - 招标代理机构联系人: 原女士
  - 招标代理机构联系方式: 15934170426
  - 监督部门地址: 无
  - 监督部门联系人: 无
  - 监督部门联系方式: 0356-2229661
----------------------------------------
项目: 介休泰新储能有限公司221MW/400.588MWh独立混合储能电站项目总承包（EPC）
链接: https://www.sxbid.com.cn/f/new/notice/1/9d67e6732d2f44c28bab97cd9ab7e674
目标字段: 监督部门地址, 监督部门联系人, 监督部门联系方式
结果: 部分成功
  - 监督部门地址: 无
  - 监督部门联系人: 乔先生
  - 监督部门联系方式: 13403446320
----------------------------------------
项目: 山西省管涔山国有林管理局2026年吕梁山生态保护修复和水土流失综合治理项目（作业设计编制）
链接: https://www.sxbid.com.cn/f/new/notice/1/e128a8edc142451c9d2d32be99e24d16
目标字段: 监督部门地址, 监督部门联系人, 监督部门联系方式
结果: 部分成功
  - 监督部门地址: 无
  - 监督部门联系人: 无
  - 监督部门联系方式: 生态处:0351-4072954 纪检科:15034469663
----------------------------------------
项目: 白水河流域（泽州路以西）排口整治及溢流污染控制工程监理
链接: https://www.sxbid.com.cn/f/new/notice/1/4bb3326304fd44b39148cb638beb4735
目标字段: 招标人地址, 招标人联系人, 招标人联系方式, 招标代理机构地址, 招标代理机构联系人, 招标代理机构联系方式, 监督部门地址, 监督部门联系人, 监督部门联系方式
结果: 部分成功
  - 招标人地址: 晋城市文昌街1626号
  - 招标人联系人: 邢先生
  - 招标人联系方式: 0356-3166697
  - 招标代理机构地址: 晋城市白水西街方程国际25楼2505室
  - 招标代理机构联系人: 范卷、张昕、郝俊
  - 招标代理机构联系方式: 18035662504
  - 监督部门地址: 无
  - 监督部门联系人: 无
  - 监督部门联系方式: 0356-2229311
----------------------------------------
项目: 长治高新技术产业开发区起步区低碳可再生能源综合利用项目-晶博光电产业园低碳能源综合利用分项（空气能供热及热水部分）（第十三标段）施工
链接: https://www.sxbid.com.cn/f/new/notice/1/d8fc342029f74d459307bff8e261a166
目标字段: 监督部门地址, 监督部门联系人, 监督部门联系方式
结果: 部分成功
  - 监督部门地址: 无
  - 监督部门联系人: 张女士
  - 监督部门联系方式: 0355-5866055
