2026-07-13 13:24:30 [scrapy.utils.log] INFO: Scrapy 2.16.0 started (bot: sxbid_crawler)
2026-07-13 13:24:30 [scrapy.utils.log] INFO: Versions:
{'lxml': '6.1.1',
 'libxml2': '2.14.6',
 'cssselect': '1.4.0',
 'parsel': '1.11.0',
 'w3lib': '2.4.1',
 'Twisted': '26.4.0',
 'Python': '3.10.20 (main, Jun 11 2026, 15:17:37) [GCC 14.3.0]',
 'pyOpenSSL': '26.3.0 (OpenSSL 4.0.1 9 Jun 2026)',
 'cryptography': '49.0.0',
 'Platform': 'Linux-6.2.0-37-generic-x86_64-with-glibc2.35'}
2026-07-13 13:24:30 [scrapy.addons] INFO: Enabled addons:
[]
2026-07-13 13:24:30 [scrapy.extensions.telnet] INFO: Telnet Password: da19f914fa835b78
2026-07-13 13:24:30 [scrapy.middleware] INFO: Enabled extensions:
['scrapy.extensions.corestats.CoreStats',
 'scrapy.extensions.logcount.LogCount',
 'scrapy.extensions.telnet.TelnetConsole',
 'scrapy.extensions.memusage.MemoryUsage',
 'scrapy.extensions.feedexport.FeedExporter',
 'scrapy.extensions.logstats.LogStats']
2026-07-13 13:24:30 [scrapy.crawler] INFO: Overridden settings:
{'BOT_NAME': 'sxbid_crawler',
 'CONCURRENT_REQUESTS': 8,
 'CONCURRENT_REQUESTS_PER_DOMAIN': 2,
 'DOWNLOAD_DELAY': 2.0,
 'DOWNLOAD_TIMEOUT': 30,
 'FEED_EXPORT_ENCODING': 'utf-8-sig',
 'LOG_FILE': 'logs/ai_10.log',
 'LOG_LEVEL': 'INFO',
 'NEWSPIDER_MODULE': 'sxbid_crawler.spiders',
 'REACTOR_THREADPOOL_MAXSIZE': 32,
 'RETRY_HTTP_CODES': [403, 407, 408, 429, 500, 502, 503, 504],
 'RETRY_TIMES': 5,
 'SPIDER_MODULES': ['sxbid_crawler.spiders']}
2026-07-13 13:24:30 [scrapy.middleware] INFO: Enabled downloader middlewares:
['scrapy.downloadermiddlewares.offsite.OffsiteMiddleware',
 'scrapy.downloadermiddlewares.httpauth.HttpAuthMiddleware',
 'scrapy.downloadermiddlewares.downloadtimeout.DownloadTimeoutMiddleware',
 'scrapy.downloadermiddlewares.defaultheaders.DefaultHeadersMiddleware',
 'sxbid_crawler.middlewares.RandomUserAgentMiddleware',
 'scrapy.downloadermiddlewares.useragent.UserAgentMiddleware',
 'sxbid_crawler.middlewares.ProxyMiddleware',
 'scrapy.downloadermiddlewares.retry.RetryMiddleware',
 'scrapy.downloadermiddlewares.redirect.MetaRefreshMiddleware',
 'scrapy.downloadermiddlewares.httpcompression.HttpCompressionMiddleware',
 'scrapy.downloadermiddlewares.redirect.RedirectMiddleware',
 'scrapy.downloadermiddlewares.cookies.CookiesMiddleware',
 'scrapy.downloadermiddlewares.httpproxy.HttpProxyMiddleware',
 'scrapy.downloadermiddlewares.stats.DownloaderStats']
2026-07-13 13:24:30 [scrapy.middleware] INFO: Enabled spider middlewares:
['scrapy.spidermiddlewares.start.StartSpiderMiddleware',
 'scrapy.spidermiddlewares.httperror.HttpErrorMiddleware',
 'scrapy.spidermiddlewares.referer.RefererMiddleware',
 'scrapy.spidermiddlewares.urllength.UrlLengthMiddleware',
 'scrapy.spidermiddlewares.depth.DepthMiddleware']
2026-07-13 13:24:30 [scrapy.middleware] INFO: Enabled item pipelines:
['sxbid_crawler.pipelines.SxbidCsvUpsertPipeline']
2026-07-13 13:24:30 [scrapy.core.engine] INFO: Spider opened
2026-07-13 13:24:30 [scrapy.extensions.logstats] INFO: Crawled 0 pages (at 0 pages/min), scraped 0 items (at 0 items/min)
2026-07-13 13:24:30 [scrapy.extensions.telnet] INFO: Telnet console listening on 127.0.0.1:6023
2026-07-13 13:24:30 [scrapy-playwright] INFO: Starting download handler
2026-07-13 13:24:30 [scrapy-playwright] INFO: Starting download handler
2026-07-13 13:24:32 [sxbid_notice] INFO: 栏目发现公告: id=11 name=依法招标-招标公告 count=1
2026-07-13 13:24:33 [sxbid_notice] WARNING: 栏目未发现详情链接: id=12 name=依法招标-中标候选人公示 status=200 length=29521
2026-07-13 13:24:36 [sxbid_notice] INFO: 栏目发现公告: id=14 name=依法招标-更正公告公示 count=1
2026-07-13 13:24:36 [sxbid_notice] WARNING: 栏目未发现详情链接: id=13 name=依法招标-中标结果公示 status=200 length=29365
2026-07-13 13:24:39 [sxbid_notice] INFO: 栏目发现公告: id=41 name=前期物业-招标公告 count=1
2026-07-13 13:24:44 [sxbid_crawler.middlewares] WARNING: 详情页为空壳响应，换代理重试: url=https://www.sxbid.com.cn/f/new/notice/1/d8fc342029f74d459307bff8e261a166 retry=1/5
2026-07-13 13:24:45 [sxbid_crawler.middlewares] WARNING: 详情页为空壳响应，换代理重试: url=https://www.sxbid.com.cn/f/new/notice/1/9119e67949e645389080d178a89979ab retry=1/5
2026-07-13 13:24:49 [sxbid_crawler.middlewares] WARNING: 详情页为空壳响应，换代理重试: url=https://www.sxbid.com.cn/f/new/notice/1/d8fc342029f74d459307bff8e261a166 retry=2/5
2026-07-13 13:24:56 [sxbid_crawler.middlewares] WARNING: 详情页为空壳响应，换代理重试: url=https://www.sxbid.com.cn/f/new/notice/1/d8fc342029f74d459307bff8e261a166 retry=3/5
2026-07-13 13:25:08 [sxbid_crawler.middlewares] WARNING: 详情页为空壳响应，换代理重试: url=https://www.sxbid.com.cn/f/new/notice/1/d8fc342029f74d459307bff8e261a166 retry=4/5
2026-07-13 13:25:11 [sxbid_notice] INFO: PDF正文提取完成: url=https://www.sxbid.com.cn/f/downloadByFileName?type=3&fname=f83a99a2-3659-4a94-a0bb-4b97b272f536 bytes=188888 text_chars=667
2026-07-13 13:25:22 [sxbid_notice] INFO: PDF正文提取完成: url=https://www.sxbid.com.cn/f/downloadByFileName?type=3&fname=5883690a-e57d-408e-a8b9-045d3a100b04 bytes=249277 text_chars=2291
2026-07-13 13:25:30 [scrapy.extensions.logstats] INFO: Crawled 13 pages (at 13 pages/min), scraped 2 items (at 2 items/min)
2026-07-13 13:25:32 [sxbid_crawler.middlewares] WARNING: PDF响应无效(bytes=0)，换代理重试: url=https://www.sxbid.com.cn/f/downloadByFileName?type=3&fname=7eda1799-ea3c-4fb7-94cd-4379fea93631 retry=1/10
2026-07-13 13:26:30 [scrapy.extensions.logstats] INFO: Crawled 13 pages (at 0 pages/min), scraped 2 items (at 0 items/min)
2026-07-13 13:27:04 [sxbid_crawler.middlewares] WARNING: PDF响应无效(bytes=0)，换代理重试: url=https://www.sxbid.com.cn/f/downloadByFileName?type=3&fname=7eda1799-ea3c-4fb7-94cd-4379fea93631 retry=2/10
2026-07-13 13:27:06 [sxbid_crawler.middlewares] WARNING: PDF响应无效(bytes=0)，换代理重试: url=https://www.sxbid.com.cn/f/downloadByFileName?type=3&fname=7eda1799-ea3c-4fb7-94cd-4379fea93631 retry=3/10
2026-07-13 13:27:09 [sxbid_crawler.middlewares] WARNING: PDF响应无效(bytes=0)，换代理重试: url=https://www.sxbid.com.cn/f/downloadByFileName?type=3&fname=7eda1799-ea3c-4fb7-94cd-4379fea93631 retry=4/10
2026-07-13 13:27:11 [sxbid_crawler.middlewares] WARNING: PDF响应无效(bytes=0)，换代理重试: url=https://www.sxbid.com.cn/f/downloadByFileName?type=3&fname=7eda1799-ea3c-4fb7-94cd-4379fea93631 retry=5/10
2026-07-13 13:27:30 [scrapy.extensions.logstats] INFO: Crawled 13 pages (at 0 pages/min), scraped 2 items (at 0 items/min)
2026-07-13 13:27:48 [sxbid_crawler.middlewares] WARNING: PDF响应无效(bytes=0)，换代理重试: url=https://www.sxbid.com.cn/f/downloadByFileName?type=3&fname=7eda1799-ea3c-4fb7-94cd-4379fea93631 retry=6/10
2026-07-13 13:27:50 [sxbid_crawler.middlewares] WARNING: PDF响应无效(bytes=0)，换代理重试: url=https://www.sxbid.com.cn/f/downloadByFileName?type=3&fname=7eda1799-ea3c-4fb7-94cd-4379fea93631 retry=7/10
2026-07-13 13:27:52 [sxbid_crawler.middlewares] WARNING: PDF响应无效(bytes=0)，换代理重试: url=https://www.sxbid.com.cn/f/downloadByFileName?type=3&fname=7eda1799-ea3c-4fb7-94cd-4379fea93631 retry=8/10
2026-07-13 13:27:54 [sxbid_crawler.middlewares] WARNING: PDF响应无效(bytes=0)，换代理重试: url=https://www.sxbid.com.cn/f/downloadByFileName?type=3&fname=7eda1799-ea3c-4fb7-94cd-4379fea93631 retry=9/10
2026-07-13 13:28:27 [scrapy.downloadermiddlewares.retry] ERROR: Gave up retrying <GET https://www.sxbid.com.cn/f/downloadByFileName?type=3&fname=7eda1799-ea3c-4fb7-94cd-4379fea93631> (failed 6 times): Getting https://www.sxbid.com.cn/f/downloadByFileName?type=3&fname=7eda1799-ea3c-4fb7-94cd-4379fea93631 took longer than 30.0 seconds.
2026-07-13 13:28:27 [sxbid_notice] ERROR: PDF请求最终失败，保留网页解析结果: detail_url=https://www.sxbid.com.cn/f/new/notice/1/5c1ff96979524a8a8a56e7d29c84dc85 pdf_url=https://www.sxbid.com.cn/f/downloadByFileName?type=3&fname=7eda1799-ea3c-4fb7-94cd-4379fea93631 error=Getting https://www.sxbid.com.cn/f/downloadByFileName?type=3&fname=7eda1799-ea3c-4fb7-94cd-4379fea93631 took longer than 30.0 seconds.
2026-07-13 13:28:30 [scrapy.extensions.logstats] INFO: Crawled 13 pages (at 0 pages/min), scraped 3 items (at 1 items/min)
2026-07-13 13:28:30 [scrapy.core.engine] INFO: Closing spider (finished)
2026-07-13 13:28:30 [scrapy.extensions.feedexport] INFO: Stored jsonl feed (3 items) in: output/ai_10.jsonl
2026-07-13 13:28:30 [scrapy.statscollectors] INFO: Dumping Scrapy stats:
{'downloader/exception_count': 6,
 'downloader/exception_type_count/scrapy.exceptions.DownloadTimeoutError': 6,
 'downloader/request_bytes': 15989,
 'downloader/request_count': 33,
 'downloader/request_method_count/GET': 33,
 'downloader/response_bytes': 541418,
 'downloader/response_count': 27,
 'downloader/response_status_count/200': 27,
 'elapsed_time_seconds': 240.25391887314618,
 'feedexport/success_count/FileFeedStorage': 1,
 'finish_reason': 'finished',
 'finish_time': datetime.datetime(2026, 7, 13, 5, 28, 30, 775152, tzinfo=datetime.timezone.utc),
 'httpcompression/response_bytes': 500068,
 'httpcompression/response_count': 16,
 'item_scraped_count': 3,
 'items_per_minute': 0.75,
 'log_count/ERROR': 2,
 'log_count/INFO': 14,
 'log_count/WARNING': 16,
 'memusage/max': 159412224,
 'memusage/startup': 96907264,
 'request_depth_max': 3,
 'response_received_count': 13,
 'responses_per_minute': 3.25,
 'retry/count': 5,
 'retry/max_reached': 1,
 'retry/reason_count/scrapy.exceptions.DownloadTimeoutError': 5,
 'scheduler/dequeued': 33,
 'scheduler/dequeued/memory': 33,
 'scheduler/enqueued': 33,
 'scheduler/enqueued/memory': 33,
 'start_time': datetime.datetime(2026, 7, 13, 5, 24, 30, 521235, tzinfo=datetime.timezone.utc)}
2026-07-13 13:28:30 [scrapy.core.engine] INFO: Spider closed (finished)
2026-07-13 13:28:30 [scrapy-playwright] INFO: Closing download handler
2026-07-13 13:28:30 [scrapy-playwright] INFO: Closing download handler
