2026-07-13 13:01:18 [scrapy.utils.log] INFO: Scrapy 2.16.0 started (bot: sxbid_crawler)
2026-07-13 13:01:18 [scrapy.utils.log] INFO: Versions:
{'lxml': '6.1.1',
 'libxml2': '2.14.6',
 'cssselect': '1.4.0',
 'parsel': '1.11.0',
 'w3lib': '2.4.1',
 'Twisted': '26.4.0',
 'Python': '3.10.20 (main, Jun 11 2026, 15:17:37) [GCC 14.3.0]',
 'pyOpenSSL': '26.3.0 (OpenSSL 4.0.1 9 Jun 2026)',
 'cryptography': '49.0.0',
 'Platform': 'Linux-6.2.0-37-generic-x86_64-with-glibc2.35'}
2026-07-13 13:01:18 [scrapy.addons] INFO: Enabled addons:
[]
2026-07-13 13:01:18 [scrapy.extensions.telnet] INFO: Telnet Password: dd9ffc8890f09b2b
2026-07-13 13:01:18 [scrapy.middleware] INFO: Enabled extensions:
['scrapy.extensions.corestats.CoreStats',
 'scrapy.extensions.logcount.LogCount',
 'scrapy.extensions.telnet.TelnetConsole',
 'scrapy.extensions.memusage.MemoryUsage',
 'scrapy.extensions.feedexport.FeedExporter',
 'scrapy.extensions.logstats.LogStats']
2026-07-13 13:01:18 [scrapy.crawler] INFO: Overridden settings:
{'BOT_NAME': 'sxbid_crawler',
 'CONCURRENT_REQUESTS': 8,
 'CONCURRENT_REQUESTS_PER_DOMAIN': 2,
 'DOWNLOAD_DELAY': 2.0,
 'DOWNLOAD_TIMEOUT': 30,
 'FEED_EXPORT_ENCODING': 'utf-8-sig',
 'LOG_LEVEL': 'INFO',
 'NEWSPIDER_MODULE': 'sxbid_crawler.spiders',
 'REACTOR_THREADPOOL_MAXSIZE': 32,
 'RETRY_HTTP_CODES': [403, 407, 408, 429, 500, 502, 503, 504],
 'RETRY_TIMES': 5,
 'SPIDER_MODULES': ['sxbid_crawler.spiders']}
2026-07-13 13:01:19 [scrapy.middleware] INFO: Enabled downloader middlewares:
['scrapy.downloadermiddlewares.offsite.OffsiteMiddleware',
 'scrapy.downloadermiddlewares.httpauth.HttpAuthMiddleware',
 'scrapy.downloadermiddlewares.downloadtimeout.DownloadTimeoutMiddleware',
 'scrapy.downloadermiddlewares.defaultheaders.DefaultHeadersMiddleware',
 'sxbid_crawler.middlewares.RandomUserAgentMiddleware',
 'scrapy.downloadermiddlewares.useragent.UserAgentMiddleware',
 'sxbid_crawler.middlewares.ProxyMiddleware',
 'scrapy.downloadermiddlewares.retry.RetryMiddleware',
 'scrapy.downloadermiddlewares.redirect.MetaRefreshMiddleware',
 'scrapy.downloadermiddlewares.httpcompression.HttpCompressionMiddleware',
 'scrapy.downloadermiddlewares.redirect.RedirectMiddleware',
 'scrapy.downloadermiddlewares.cookies.CookiesMiddleware',
 'scrapy.downloadermiddlewares.httpproxy.HttpProxyMiddleware',
 'scrapy.downloadermiddlewares.stats.DownloaderStats']
2026-07-13 13:01:19 [scrapy.middleware] INFO: Enabled spider middlewares:
['scrapy.spidermiddlewares.start.StartSpiderMiddleware',
 'scrapy.spidermiddlewares.httperror.HttpErrorMiddleware',
 'scrapy.spidermiddlewares.referer.RefererMiddleware',
 'scrapy.spidermiddlewares.urllength.UrlLengthMiddleware',
 'scrapy.spidermiddlewares.depth.DepthMiddleware']
2026-07-13 13:01:19 [scrapy.middleware] INFO: Enabled item pipelines:
['sxbid_crawler.pipelines.SxbidCsvUpsertPipeline']
2026-07-13 13:01:19 [scrapy.core.engine] INFO: Spider opened
2026-07-13 13:01:19 [scrapy.extensions.logstats] INFO: Crawled 0 pages (at 0 pages/min), scraped 0 items (at 0 items/min)
2026-07-13 13:01:19 [scrapy.extensions.telnet] INFO: Telnet console listening on 127.0.0.1:6023
2026-07-13 13:01:19 [scrapy-playwright] INFO: Starting download handler
2026-07-13 13:01:19 [scrapy-playwright] INFO: Starting download handler
2026-07-13 13:01:20 [sxbid_notice] INFO: 栏目发现公告: id=11 name=依法招标-招标公告 count=3
2026-07-13 13:01:31 [sxbid_notice] WARNING: 公告没有找到PDF: https://www.sxbid.com.cn/f/new/notice/1/9d67e6732d2f44c28bab97cd9ab7e674
2026-07-13 13:01:45 [sxbid_notice] INFO: PDF正文提取完成: bytes=0 text_chars=0
2026-07-13 13:02:19 [scrapy.extensions.logstats] INFO: Crawled 8 pages (at 8 pages/min), scraped 2 items (at 2 items/min)
2026-07-13 13:02:19 [sxbid_notice] INFO: PDF正文提取完成: bytes=214450 text_chars=4407
2026-07-13 13:02:25 [scrapy.core.engine] INFO: Closing spider (finished)
2026-07-13 13:02:25 [scrapy.extensions.feedexport] INFO: Stored jsonl feed (3 items) in: output/ai_spider_3.jsonl
2026-07-13 13:02:25 [scrapy.statscollectors] INFO: Dumping Scrapy stats:
{'downloader/exception_count': 1,
 'downloader/exception_type_count/scrapy.exceptions.DownloadTimeoutError': 1,
 'downloader/request_bytes': 4877,
 'downloader/request_count': 10,
 'downloader/request_method_count/GET': 10,
 'downloader/response_bytes': 252764,
 'downloader/response_count': 9,
 'downloader/response_status_count/200': 9,
 'elapsed_time_seconds': 66.10501360334456,
 'feedexport/success_count/FileFeedStorage': 1,
 'finish_reason': 'finished',
 'finish_time': datetime.datetime(2026, 7, 13, 5, 2, 25, 119980, tzinfo=datetime.timezone.utc),
 'httpcompression/response_bytes': 170254,
 'httpcompression/response_count': 7,
 'item_scraped_count': 3,
 'items_per_minute': 2.727272727272727,
 'log_count/INFO': 9,
 'log_count/WARNING': 1,
 'memusage/max': 155361280,
 'memusage/startup': 96903168,
 'request_depth_max': 3,
 'response_received_count': 9,
 'responses_per_minute': 8.181818181818182,
 'retry/count': 1,
 'retry/reason_count/scrapy.exceptions.DownloadTimeoutError': 1,
 'scheduler/dequeued': 10,
 'scheduler/dequeued/memory': 10,
 'scheduler/enqueued': 10,
 'scheduler/enqueued/memory': 10,
 'start_time': datetime.datetime(2026, 7, 13, 5, 1, 19, 14956, tzinfo=datetime.timezone.utc)}
2026-07-13 13:02:25 [scrapy.core.engine] INFO: Spider closed (finished)
2026-07-13 13:02:25 [scrapy-playwright] INFO: Closing download handler
2026-07-13 13:02:25 [scrapy-playwright] INFO: Closing download handler
