2026-07-13 12:11:16 [scrapy.utils.log] INFO: Scrapy 2.16.0 started (bot: sxbid_crawler)
2026-07-13 12:11:16 [scrapy.utils.log] INFO: Versions:
{'lxml': '6.1.1',
 'libxml2': '2.14.6',
 'cssselect': '1.4.0',
 'parsel': '1.11.0',
 'w3lib': '2.4.1',
 'Twisted': '26.4.0',
 'Python': '3.10.20 (main, Jun 11 2026, 15:17:37) [GCC 14.3.0]',
 'pyOpenSSL': '26.3.0 (OpenSSL 4.0.1 9 Jun 2026)',
 'cryptography': '49.0.0',
 'Platform': 'Linux-6.2.0-37-generic-x86_64-with-glibc2.35'}
2026-07-13 12:11:16 [scrapy.crawler] DEBUG: Using AsyncCrawlerProcess
2026-07-13 12:11:16 [asyncio] DEBUG: Using selector: EpollSelector
2026-07-13 12:11:16 [scrapy.addons] INFO: Enabled addons:
[]
2026-07-13 12:11:16 [scrapy.utils.log] DEBUG: Using reactor: twisted.internet.asyncioreactor.AsyncioSelectorReactor
2026-07-13 12:11:16 [scrapy.utils.log] DEBUG: Using asyncio event loop: asyncio.unix_events._UnixSelectorEventLoop
2026-07-13 12:11:16 [scrapy.extensions.telnet] INFO: Telnet Password: ab1452f2486508e2
2026-07-13 12:11:16 [scrapy.middleware] INFO: Enabled extensions:
['scrapy.extensions.corestats.CoreStats',
 'scrapy.extensions.logcount.LogCount',
 'scrapy.extensions.telnet.TelnetConsole',
 'scrapy.extensions.memusage.MemoryUsage',
 'scrapy.extensions.feedexport.FeedExporter',
 'scrapy.extensions.logstats.LogStats']
2026-07-13 12:11:16 [scrapy.crawler] INFO: Overridden settings:
{'BOT_NAME': 'sxbid_crawler',
 'CONCURRENT_REQUESTS': 8,
 'CONCURRENT_REQUESTS_PER_DOMAIN': 2,
 'DOWNLOAD_DELAY': 2.0,
 'DOWNLOAD_TIMEOUT': 30,
 'FEED_EXPORT_ENCODING': 'utf-8-sig',
 'LOG_FILE': 'logs/contact_debug.log',
 'NEWSPIDER_MODULE': 'sxbid_crawler.spiders',
 'REACTOR_THREADPOOL_MAXSIZE': 32,
 'RETRY_HTTP_CODES': [403, 407, 408, 429, 500, 502, 503, 504],
 'RETRY_TIMES': 5,
 'SPIDER_MODULES': ['sxbid_crawler.spiders']}
2026-07-13 12:11:16 [scrapy.middleware] INFO: Enabled downloader middlewares:
['scrapy.downloadermiddlewares.offsite.OffsiteMiddleware',
 'scrapy.downloadermiddlewares.httpauth.HttpAuthMiddleware',
 'scrapy.downloadermiddlewares.downloadtimeout.DownloadTimeoutMiddleware',
 'scrapy.downloadermiddlewares.defaultheaders.DefaultHeadersMiddleware',
 'sxbid_crawler.middlewares.RandomUserAgentMiddleware',
 'scrapy.downloadermiddlewares.useragent.UserAgentMiddleware',
 'sxbid_crawler.middlewares.ProxyMiddleware',
 'scrapy.downloadermiddlewares.retry.RetryMiddleware',
 'scrapy.downloadermiddlewares.redirect.MetaRefreshMiddleware',
 'scrapy.downloadermiddlewares.httpcompression.HttpCompressionMiddleware',
 'scrapy.downloadermiddlewares.redirect.RedirectMiddleware',
 'scrapy.downloadermiddlewares.cookies.CookiesMiddleware',
 'scrapy.downloadermiddlewares.httpproxy.HttpProxyMiddleware',
 'scrapy.downloadermiddlewares.stats.DownloaderStats']
2026-07-13 12:11:16 [scrapy.middleware] INFO: Enabled spider middlewares:
['scrapy.spidermiddlewares.start.StartSpiderMiddleware',
 'scrapy.spidermiddlewares.httperror.HttpErrorMiddleware',
 'scrapy.spidermiddlewares.referer.RefererMiddleware',
 'scrapy.spidermiddlewares.urllength.UrlLengthMiddleware',
 'scrapy.spidermiddlewares.depth.DepthMiddleware']
2026-07-13 12:11:16 [scrapy.middleware] INFO: Enabled item pipelines:
['sxbid_crawler.pipelines.SxbidCsvUpsertPipeline']
2026-07-13 12:11:16 [scrapy.core.engine] INFO: Spider opened
2026-07-13 12:11:16 [scrapy.extensions.logstats] INFO: Crawled 0 pages (at 0 pages/min), scraped 0 items (at 0 items/min)
2026-07-13 12:11:16 [scrapy.extensions.telnet] INFO: Telnet console listening on 127.0.0.1:6023
2026-07-13 12:11:16 [scrapy-playwright] INFO: Starting download handler
2026-07-13 12:11:16 [scrapy-playwright] INFO: Starting download handler
2026-07-13 12:11:16 [urllib3.connectionpool] DEBUG: Starting new HTTP connection (1): api.tianqiip.com:80
2026-07-13 12:11:17 [urllib3.connectionpool] DEBUG: http://api.tianqiip.com:80 "GET /getip?secret=aliejy64ogh6c1kx&sign=e69907c179da76044ed221bdb095e0f5&num=30&type=json&port=2&time=5&mr=1 HTTP/1.1" 200 372
2026-07-13 12:11:18 [scrapy.core.engine] DEBUG: Crawled (200) <GET https://www.sxbid.com.cn/f/new/notice/list/11> (referer: https://www.sxbid.com.cn/f/new/jypt)
2026-07-13 12:11:18 [sxbid_notice] INFO: 栏目发现公告: id=11 name=依法招标-招标公告 count=5
2026-07-13 12:11:20 [scrapy.core.engine] DEBUG: Crawled (200) <GET https://www.sxbid.com.cn/f/new/notice/1/b7d206dd56004e2da7563d630546aa61> (referer: https://www.sxbid.com.cn/f/new/notice/list/11)
2026-07-13 12:11:23 [scrapy.core.engine] DEBUG: Crawled (200) <GET https://www.sxbid.com.cn/f/new/notice/1/6d69b061961140aaa9c81bf6c99e6232> (referer: https://www.sxbid.com.cn/f/new/notice/list/11)
2026-07-13 12:11:26 [scrapy.core.engine] DEBUG: Crawled (200) <GET https://www.sxbid.com.cn/f/new/notice/1/e128a8edc142451c9d2d32be99e24d16> (referer: https://www.sxbid.com.cn/f/new/notice/list/11)
2026-07-13 12:11:29 [scrapy.core.engine] DEBUG: Crawled (200) <GET https://www.sxbid.com.cn/f/new/notice/1/9d67e6732d2f44c28bab97cd9ab7e674> (referer: https://www.sxbid.com.cn/f/new/notice/list/11)
2026-07-13 12:11:33 [scrapy.core.engine] DEBUG: Crawled (200) <GET https://www.sxbid.com.cn/f/new/notice/getRelatedContent/1/GC141000202600249001> (referer: https://www.sxbid.com.cn/f/new/notice/1/b7d206dd56004e2da7563d630546aa61)
2026-07-13 12:11:33 [scrapy.core.engine] DEBUG: Crawled (200) <GET https://www.sxbid.com.cn/f/new/notice/1/4593817eb65a44aca922e20f1a47a403> (referer: https://www.sxbid.com.cn/f/new/notice/list/11)
2026-07-13 12:11:35 [scrapy.core.engine] DEBUG: Crawled (200) <GET https://www.sxbid.com.cn/f/new/notice/getRelatedContent/1/E1403000159015935961> (referer: https://www.sxbid.com.cn/f/new/notice/1/6d69b061961140aaa9c81bf6c99e6232)
2026-07-13 12:11:36 [sxbid_notice] WARNING: 公告没有找到PDF: https://www.sxbid.com.cn/f/new/notice/1/6d69b061961140aaa9c81bf6c99e6232
2026-07-13 12:11:36 [scrapy.core.scraper] DEBUG: Scraped from <200 https://www.sxbid.com.cn/f/new/notice/getRelatedContent/1/E1403000159015935961>
{'依据文件': '运城市行政审批服务管理局关于夹马口引黄灌区续建配套与现代化改造工程可行性研究报告（代项目建议书）的批复',
 '依据文号': '运审管审发【2023】3号',
 '公告内容': '夹马口引黄灌区续建配套与现代化改造工程（2026-2027年度）地质勘察工作等相关服务',
 '公告历史': '夹马口引黄灌区续建配套与现代化改造工程（2026-2027年度）勘察招标公告|https://www.sxbid.com.cn/f/new/notice/1/6d69b061961140aaa9c81bf6c99e6232',
 '公告类型': '招标公告',
 '发布日期': '2026-07-13',
 '发布网站': '山西省招标投标公共服务平台',
 '开标时间': '2026-08-04',
 '所属行业': '房屋建筑业',
 '招标人': '运城市夹马口引黄服务中心有限公司',
 '招标人地址': '无',
 '招标人联系人': '无',
 '招标人联系方式': '无',
 '招标代理机构': '山西河东投资项目管理咨询服务有限公司',
 '招标代理机构地址': '无',
 '招标代理机构联系人': '无',
 '招标代理机构联系方式': '无',
 '来源栏目': '依法招标-招标公告',
 '标书发售时间': '2026-07-13至2026-07-18',
 '监督部门': '运城市水务局',
 '监督部门地址': '无',
 '监督部门联系人': '无',
 '监督部门联系方式': '无',
 '组织形式': '委托招标',
 '详情链接': 'https://www.sxbid.com.cn/f/new/notice/1/6d69b061961140aaa9c81bf6c99e6232',
 '项目名称': '夹马口引黄灌区续建配套与现代化改造工程（2026-2027年度）勘察'}
2026-07-13 12:11:38 [scrapy.core.engine] DEBUG: Crawled (200) <GET https://www.sxbid.com.cn/f/new/notice/getRelatedContent/1/M1100000048005551001> (referer: https://www.sxbid.com.cn/f/new/notice/1/e128a8edc142451c9d2d32be99e24d16)
2026-07-13 12:11:38 [sxbid_notice] WARNING: 公告没有找到PDF: https://www.sxbid.com.cn/f/new/notice/1/e128a8edc142451c9d2d32be99e24d16
2026-07-13 12:11:38 [scrapy.core.scraper] DEBUG: Scraped from <200 https://www.sxbid.com.cn/f/new/notice/getRelatedContent/1/M1100000048005551001>
{'依据文件': '关于同意山西省管涔山国有林管理局吕梁山生态保护修复和水土流失综合治理项目初步设计的函',
 '依据文号': '晋发改审批函〔2025〕170号、晋发改审批函〔2024〕154号',
 '公告内容': '招标内容与范围：详见招标文件“第五章技术标准和相关要求”中的相关内容，本招标项目划分为1个标段，招标范围及内容具体情况为\n'
         '秋千沟林场0.27万亩、大石洞林场0.27万亩、高桥洼林场0.27万亩、马家庄林场0.27万亩、怀道林场0.26万亩、轩岗林场0.26万亩、羊圈沟林场0.27万亩、杏岭子林场0.26万亩、山丛林林场0.26万亩、水门林场0.26万亩、温泉林场0.30万亩、闫家村林场0.26万亩、阳武河林场0.26万亩、接官亭林场0.26万亩、杜家村中心林场0.27万亩，合计为非沙化土地治理4万亩，包括人工造乔木林4万亩的作业设计及图纸编制。',
 '公告历史': '山西省管涔山国有林管理局2026年吕梁山生态保护修复和水土流失综合治理项目（作业设计编制）招标公告|https://www.sxbid.com.cn/f/new/notice/1/e128a8edc142451c9d2d32be99e24d16',
 '公告类型': '招标公告',
 '发布日期': '2026-07-13',
 '发布网站': '山西省招标投标公共服务平台',
 '开标时间': '2026-08-03',
 '所属行业': '林业',
 '招标人': '山西省管涔山国有林管理局',
 '招标人地址': '无',
 '招标人联系人': '无',
 '招标人联系方式': '无',
 '招标代理机构': '山西启标科技有限公司',
 '招标代理机构地址': '无',
 '招标代理机构联系人': '无',
 '招标代理机构联系方式': '无',
 '来源栏目': '依法招标-招标公告',
 '标书发售时间': '2026-07-13至2026-07-18',
 '监督部门': '山西省林业和草原局',
 '监督部门地址': '无',
 '监督部门联系人': '无',
 '监督部门联系方式': '无',
 '组织形式': '委托招标',
 '详情链接': 'https://www.sxbid.com.cn/f/new/notice/1/e128a8edc142451c9d2d32be99e24d16',
 '项目名称': '山西省管涔山国有林管理局2026年吕梁山生态保护修复和水土流失综合治理项目（作业设计编制）'}
2026-07-13 12:11:41 [scrapy.core.engine] DEBUG: Crawled (200) <GET https://www.sxbid.com.cn/f/new/notice/getRelatedContent/1/E1407000827004403001> (referer: https://www.sxbid.com.cn/f/new/notice/1/9d67e6732d2f44c28bab97cd9ab7e674)
2026-07-13 12:11:44 [scrapy.core.engine] DEBUG: Crawled (200) <GET https://www.sxbid.com.cn/f/downloadByFileName?type=3&fname=6b1cd76f-7242-4f91-8dd3-f5d2ef4c2e80> (referer: https://www.sxbid.com.cn/f/new/notice/1/b7d206dd56004e2da7563d630546aa61)
2026-07-13 12:11:44 [sxbid_notice] INFO: PDF正文提取完成: bytes=199435 text_chars=639
2026-07-13 12:11:44 [scrapy.core.scraper] DEBUG: Scraped from <200 https://www.sxbid.com.cn/f/downloadByFileName?type=3&fname=6b1cd76f-7242-4f91-8dd3-f5d2ef4c2e80>
{'依据文件': '关于翼城县全域旅游配套基础设施提升项目可行性研究报告的批复',
 '依据文号': '2101-141022-89-01-383191',
 '公告内容': '建设内容：一是街区风貌提升：对木坊街、石坊街、牌坊路沿街169座民居立面更新改造；二是街区环境改造工程：对原党校前广场、木坊街中心休息区等花园广场改造；三是市政改造工程：含木坊街、石坊街、牌坊路2044米道路改造，涵盖电力、通信、排水、照明及石板路铺装；四是民俗文化展演中心工程：建筑面积1544.36平方米，地上一层，钢结构，建筑高度9.0米，耐火等级二级，设计使用年限50年，配套给排水、电气、暖通、消防等设施；五是原党校外立面改造工程：对现有的4层砖混结构建筑外立面以及门厅进行改造，改造面积2857平方米。',
 '公告历史': '翼城县全域旅游配套基础设施提升项目(木石四牌坊环境整治项目)木石四牌坊环境整治改造工程施工招标控制价公示|https://www.sxbid.com.cn/f/new/notice/1/b7d206dd56004e2da7563d630546aa61\n'
         '翼城县全域旅游配套基础设施提升项目(木石四牌坊环境整治项目)木石四牌坊环境整治改造工程施工答疑公告|https://www.sxbid.com.cn/f/new/notice/1/b159c6ee8e564049abc64de064df6499\n'
         '翼城县全域旅游配套基础设施提升项目(木石四牌坊环境整治项目)木石四牌坊环境整治改造工程施工招标公告|https://www.sxbid.com.cn/f/new/notice/1/86320e3624a64d6384d414b33b72267e',
 '公告类型': '招标公告',
 '发布日期': '2026-07-11',
 '发布网站': '山西省招标投标公共服务平台',
 '开标时间': '2026-07-27',
 '所属行业': '房屋建筑业',
 '招标人': '翼城县工程建设服务中心',
 '招标人地址': '翼城县解放西街八一路口',
 '招标人联系人': '翟晓奇',
 '招标人联系方式': '0357-4922171',
 '招标代理机构': '山西林辉工程项目管理有限公司',
 '招标代理机构地址': '山西省运城市卡纳溪谷西门北侧4422-12号商铺',
 '招标代理机构联系人': '王牵珍',
 '招标代理机构联系方式': '0359-2568868',
 '来源栏目': '依法招标-招标公告',
 '标书发售时间': '2026-06-25至2026-07-01',
 '监督部门': '翼城县住房和城乡建设管理局',
 '监督部门地址': '无',
 '监督部门联系人': '无',
 '监督部门联系方式': '0357-4922171',
 '组织形式': '委托招标',
 '详情链接': 'https://www.sxbid.com.cn/f/new/notice/1/b7d206dd56004e2da7563d630546aa61',
 '项目名称': '翼城县全域旅游配套基础设施提升项目(木石四牌坊环境整治项目)木石四牌坊环境整治改造工程施工'}
2026-07-13 12:11:46 [scrapy.core.engine] DEBUG: Crawled (200) <GET https://www.sxbid.com.cn/f/new/notice/getRelatedContent/1/GC141000202600279001> (referer: https://www.sxbid.com.cn/f/new/notice/1/4593817eb65a44aca922e20f1a47a403)
2026-07-13 12:11:46 [sxbid_notice] WARNING: 公告没有找到PDF: https://www.sxbid.com.cn/f/new/notice/1/4593817eb65a44aca922e20f1a47a403
2026-07-13 12:11:46 [scrapy.core.scraper] DEBUG: Scraped from <200 https://www.sxbid.com.cn/f/new/notice/getRelatedContent/1/GC141000202600279001>
{'依据文件': '汾西县行政审批服务管理局关于汾西县县乡公路病害修复工程可行性研究报告的批复',
 '依据文号': '汾审管可研批(2026)13号',
 '公告内容': '001 汾西县县乡公路病害修复工程一标段： '
         '包括义邢线、僧小线、闫和线、闫寺线、佃邢线、滩城线6条县乡公路，主要建设内容包括路基工程、路面工程、交通工程及沿线设施、临时工程，招标控制价为781.20万元；002汾西县县乡公路病害修复工程二标段， '
         '包括岔上线、涧店线、什佃线、涧白线4条县乡公路，主要建设内容包括路基工程、路面工程、交通工程及沿线设施、临时工程，招标控制价为318.80万元；',
 '公告历史': '汾西县县乡公路病害修复工程招标公告|https://www.sxbid.com.cn/f/new/notice/1/4593817eb65a44aca922e20f1a47a403',
 '公告类型': '招标公告',
 '发布日期': '2026-07-13',
 '发布网站': '山西省招标投标公共服务平台',
 '开标时间': '2026-08-05',
 '所属行业': '土木工程建筑业',
 '招标人': '汾西县交通运输局',
 '招标人地址': '无',
 '招标人联系人': '无',
 '招标人联系方式': '无',
 '招标代理机构': '山西汇诚项目管理有限公司',
 '招标代理机构地址': '无',
 '招标代理机构联系人': '无',
 '招标代理机构联系方式': '无',
 '来源栏目': '依法招标-招标公告',
 '标书发售时间': '2026-07-14至2026-07-20',
 '监督部门': '临汾市交通运输局',
 '监督部门地址': '无',
 '监督部门联系人': '无',
 '监督部门联系方式': '无',
 '组织形式': '委托招标',
 '详情链接': 'https://www.sxbid.com.cn/f/new/notice/1/4593817eb65a44aca922e20f1a47a403',
 '项目名称': '汾西县县乡公路病害修复工程'}
2026-07-13 12:12:11 [scrapy.core.engine] DEBUG: Crawled (200) <GET https://www.sxbid.com.cn/f/downloadByFileName?type=3&fname=c794cfc0-ca78-4695-90aa-7f6d5886c851> (referer: https://www.sxbid.com.cn/f/new/notice/1/9d67e6732d2f44c28bab97cd9ab7e674)
2026-07-13 12:12:11 [sxbid_notice] INFO: PDF正文提取完成: bytes=190270 text_chars=4086
2026-07-13 12:12:11 [scrapy.core.scraper] DEBUG: Scraped from <200 https://www.sxbid.com.cn/f/downloadByFileName?type=3&fname=c794cfc0-ca78-4695-90aa-7f6d5886c851>
{'依据文件': '山西省企业投资项目备案证',
 '依据文号': '2512-140781-89-01-170554',
 '公告内容': '本次招标为其中的001第1标段: '
         '（1）勘察设计：勘察内容为本项目的地形图测绘、地质勘察，出具合格的勘察报告；设计内容为本项目的初步设计、施工图设计、竣工图编制等阶段的设计及相关服务，初步设计报告至竣工验收全阶段的设计工作。 '
         '（2）设备材料采购：储能电站所需设备采购，包括但不限于储能系统相关设备、变配电设备等；以及主要设备的监造工作；全流程配套服务：负责设备材料的到货检验、装卸运输、二次倒运；提供备品备件、专用工具；开展技术服务、设计联络、人员培训，供应消耗品并提交全套技术资料； '
         '（3）施工范围：储能电站的临建、建筑施工及安装工程。包括但不限于建、构筑物及设备基础；站内外道路、围墙、大门工程、绿化、给排水系统及所有电气设备安装调试、水环保、安全消防设备设施等所有室外配套工程； '
         '（4）其他：①办理与项目施工有关的所有许可文件并承担相应费用（不包含招标人已经办理完成的各项批复及手续的费用），包括但不限于施工备案手续，电力质检、防雷、消防、劳动卫生等；②办理项目环境保护、安全等备案及验收工作；完成环境保护监测（包括电磁辐射监测）等工作，并承担相应费用；③办理项目并网前、后的各项试验及验收手续，取得相应报告并承担相应费用；包括但不限于：电能质量测试、保护定值计算、二次安防评估、各相关主管部门验收及并网、电池储能系统满足电网验收要求的到货至并网各阶段第三方检测等，最终满足正常运行要求；④承担本工程施工所涉及的相关民事协调工作，承担储能电站、送出线路临时占地及地面附着物补偿费用；承担施工临时用地（吊装平台、设备运输道路、堆场等）的租赁；⑤协助办理建设用地报批手续、建设用地规划许可证、土地使用权证、建设工程规划许可证、施工许可证并承担相应协调费用。⑥配合招标人办理电力业务许可证、办理《购售电合同》、《并网调度协议》、《通信协议》、《高压供电合同》等。',
 '公告历史': '介休泰新储能有限公司221MW/400.588MWh独立混合储能电站项目总承包（EPC）招标公告|https://www.sxbid.com.cn/f/new/notice/1/9d67e6732d2f44c28bab97cd9ab7e674',
 '公告类型': '招标公告',
 '发布日期': '2026-07-13',
 '发布网站': '山西省招标投标公共服务平台',
 '开标时间': '2026-08-14',
 '所属行业': '土木工程建筑业',
 '招标人': '介休泰新储能有限公司',
 '招标人地址': '山西省晋中市介休市绵山镇定阳西路238号2层',
 '招标人联系人': '赵伟华',
 '招标人联系方式': '15535358921',
 '招标代理机构': '中晋岷嵘（山西）项目管理有限公司',
 '招标代理机构地址': '山西省太原市万柏林区神堂沟北路天际运动公园方隅楼一层',
 '招标代理机构联系人': '李涛',
 '招标代理机构联系方式': '13623413566',
 '来源栏目': '依法招标-招标公告',
 '标书发售时间': '2026-07-13至2026-07-18',
 '监督部门': '介休市能源局',
 '监督部门地址': '无',
 '监督部门联系人': '无',
 '监督部门联系方式': '无',
 '组织形式': '委托招标',
 '详情链接': 'https://www.sxbid.com.cn/f/new/notice/1/9d67e6732d2f44c28bab97cd9ab7e674',
 '项目名称': '介休泰新储能有限公司221MW/400.588MWh独立混合储能电站项目总承包（EPC）'}
2026-07-13 12:12:11 [scrapy.core.engine] INFO: Closing spider (finished)
2026-07-13 12:12:11 [scrapy.extensions.feedexport] INFO: Stored jsonl feed (5 items) in: output/contact_debug.jsonl
2026-07-13 12:12:11 [scrapy.statscollectors] INFO: Dumping Scrapy stats:
{'downloader/request_bytes': 6250,
 'downloader/request_count': 13,
 'downloader/request_method_count/GET': 13,
 'downloader/response_bytes': 447096,
 'downloader/response_count': 13,
 'downloader/response_status_count/200': 13,
 'elapsed_time_seconds': 55.21104047074914,
 'feedexport/success_count/FileFeedStorage': 1,
 'finish_reason': 'finished',
 'finish_time': datetime.datetime(2026, 7, 13, 4, 12, 11, 894174, tzinfo=datetime.timezone.utc),
 'httpcompression/response_bytes': 263935,
 'httpcompression/response_count': 11,
 'item_scraped_count': 5,
 'items_per_minute': 5.454545454545455,
 'log_count/DEBUG': 20,
 'log_count/INFO': 8,
 'log_count/WARNING': 3,
 'memusage/max': 96886784,
 'memusage/startup': 96886784,
 'request_depth_max': 3,
 'response_received_count': 13,
 'responses_per_minute': 14.181818181818182,
 'scheduler/dequeued': 13,
 'scheduler/dequeued/memory': 13,
 'scheduler/enqueued': 13,
 'scheduler/enqueued/memory': 13,
 'start_time': datetime.datetime(2026, 7, 13, 4, 11, 16, 683127, tzinfo=datetime.timezone.utc)}
2026-07-13 12:12:11 [scrapy.core.engine] INFO: Spider closed (finished)
2026-07-13 12:12:11 [scrapy-playwright] INFO: Closing download handler
2026-07-13 12:12:11 [scrapy-playwright] INFO: Closing download handler
