2026-07-13 13:20:37 [scrapy.utils.log] INFO: Scrapy 2.16.0 started (bot: sxbid_crawler)
2026-07-13 13:20:37 [scrapy.utils.log] INFO: Versions:
{'lxml': '6.1.1',
 'libxml2': '2.14.6',
 'cssselect': '1.4.0',
 'parsel': '1.11.0',
 'w3lib': '2.4.1',
 'Twisted': '26.4.0',
 'Python': '3.10.20 (main, Jun 11 2026, 15:17:37) [GCC 14.3.0]',
 'pyOpenSSL': '26.3.0 (OpenSSL 4.0.1 9 Jun 2026)',
 'cryptography': '49.0.0',
 'Platform': 'Linux-6.2.0-37-generic-x86_64-with-glibc2.35'}
2026-07-13 13:20:37 [scrapy.addons] INFO: Enabled addons:
[]
2026-07-13 13:20:37 [scrapy.extensions.telnet] INFO: Telnet Password: 99f27d47ff0cf6b6
2026-07-13 13:20:37 [scrapy.middleware] INFO: Enabled extensions:
['scrapy.extensions.corestats.CoreStats',
 'scrapy.extensions.logcount.LogCount',
 'scrapy.extensions.telnet.TelnetConsole',
 'scrapy.extensions.memusage.MemoryUsage',
 'scrapy.extensions.feedexport.FeedExporter',
 'scrapy.extensions.logstats.LogStats']
2026-07-13 13:20:37 [scrapy.crawler] INFO: Overridden settings:
{'BOT_NAME': 'sxbid_crawler',
 'CONCURRENT_REQUESTS': 8,
 'CONCURRENT_REQUESTS_PER_DOMAIN': 2,
 'DOWNLOAD_DELAY': 2.0,
 'DOWNLOAD_TIMEOUT': 30,
 'FEED_EXPORT_ENCODING': 'utf-8-sig',
 'LOG_LEVEL': 'INFO',
 'NEWSPIDER_MODULE': 'sxbid_crawler.spiders',
 'REACTOR_THREADPOOL_MAXSIZE': 32,
 'RETRY_HTTP_CODES': [403, 407, 408, 429, 500, 502, 503, 504],
 'RETRY_TIMES': 5,
 'SPIDER_MODULES': ['sxbid_crawler.spiders']}
2026-07-13 13:20:37 [scrapy.middleware] INFO: Enabled downloader middlewares:
['scrapy.downloadermiddlewares.offsite.OffsiteMiddleware',
 'scrapy.downloadermiddlewares.httpauth.HttpAuthMiddleware',
 'scrapy.downloadermiddlewares.downloadtimeout.DownloadTimeoutMiddleware',
 'scrapy.downloadermiddlewares.defaultheaders.DefaultHeadersMiddleware',
 'sxbid_crawler.middlewares.RandomUserAgentMiddleware',
 'scrapy.downloadermiddlewares.useragent.UserAgentMiddleware',
 'sxbid_crawler.middlewares.ProxyMiddleware',
 'scrapy.downloadermiddlewares.retry.RetryMiddleware',
 'scrapy.downloadermiddlewares.redirect.MetaRefreshMiddleware',
 'scrapy.downloadermiddlewares.httpcompression.HttpCompressionMiddleware',
 'scrapy.downloadermiddlewares.redirect.RedirectMiddleware',
 'scrapy.downloadermiddlewares.cookies.CookiesMiddleware',
 'scrapy.downloadermiddlewares.httpproxy.HttpProxyMiddleware',
 'scrapy.downloadermiddlewares.stats.DownloaderStats']
2026-07-13 13:20:37 [scrapy.middleware] INFO: Enabled spider middlewares:
['scrapy.spidermiddlewares.start.StartSpiderMiddleware',
 'scrapy.spidermiddlewares.httperror.HttpErrorMiddleware',
 'scrapy.spidermiddlewares.referer.RefererMiddleware',
 'scrapy.spidermiddlewares.urllength.UrlLengthMiddleware',
 'scrapy.spidermiddlewares.depth.DepthMiddleware']
2026-07-13 13:20:37 [scrapy.middleware] INFO: Enabled item pipelines:
['sxbid_crawler.pipelines.SxbidCsvUpsertPipeline']
2026-07-13 13:20:37 [scrapy.core.engine] INFO: Spider opened
2026-07-13 13:20:37 [scrapy.extensions.logstats] INFO: Crawled 0 pages (at 0 pages/min), scraped 0 items (at 0 items/min)
2026-07-13 13:20:37 [scrapy.extensions.telnet] INFO: Telnet console listening on 127.0.0.1:6023
2026-07-13 13:20:37 [scrapy-playwright] INFO: Starting download handler
2026-07-13 13:20:37 [scrapy-playwright] INFO: Starting download handler
2026-07-13 13:20:40 [sxbid_notice] INFO: 栏目发现公告: id=11 name=依法招标-招标公告 count=3
2026-07-13 13:20:47 [sxbid_crawler.middlewares] WARNING: 详情页为空壳响应，换代理重试: url=https://www.sxbid.com.cn/f/new/notice/1/d8fc342029f74d459307bff8e261a166 retry=1/5
2026-07-13 13:20:58 [sxbid_notice] INFO: PDF正文提取完成: url=https://www.sxbid.com.cn/f/downloadByFileName?type=3&fname=c794cfc0-ca78-4695-90aa-7f6d5886c851 bytes=190270 text_chars=4086
2026-07-13 13:21:03 [sxbid_notice] WARNING: 公告没有找到PDF: https://www.sxbid.com.cn/f/new/notice/1/4593817eb65a44aca922e20f1a47a403
2026-07-13 13:21:37 [scrapy.extensions.logstats] INFO: Crawled 8 pages (at 8 pages/min), scraped 2 items (at 2 items/min)
2026-07-13 13:21:45 [sxbid_crawler.middlewares] WARNING: PDF响应无效(bytes=0)，换代理重试: url=https://www.sxbid.com.cn/f/downloadByFileName?type=3&fname=5883690a-e57d-408e-a8b9-045d3a100b04 retry=1/10
2026-07-13 13:21:47 [sxbid_crawler.middlewares] WARNING: PDF响应无效(bytes=0)，换代理重试: url=https://www.sxbid.com.cn/f/downloadByFileName?type=3&fname=5883690a-e57d-408e-a8b9-045d3a100b04 retry=2/10
2026-07-13 13:21:49 [sxbid_crawler.middlewares] WARNING: PDF响应无效(bytes=0)，换代理重试: url=https://www.sxbid.com.cn/f/downloadByFileName?type=3&fname=5883690a-e57d-408e-a8b9-045d3a100b04 retry=3/10
2026-07-13 13:21:51 [sxbid_crawler.middlewares] WARNING: PDF响应无效(bytes=0)，换代理重试: url=https://www.sxbid.com.cn/f/downloadByFileName?type=3&fname=5883690a-e57d-408e-a8b9-045d3a100b04 retry=4/10
2026-07-13 13:21:54 [sxbid_crawler.middlewares] WARNING: PDF响应无效(bytes=0)，换代理重试: url=https://www.sxbid.com.cn/f/downloadByFileName?type=3&fname=5883690a-e57d-408e-a8b9-045d3a100b04 retry=5/10
2026-07-13 13:21:56 [sxbid_crawler.middlewares] WARNING: PDF响应无效(bytes=0)，换代理重试: url=https://www.sxbid.com.cn/f/downloadByFileName?type=3&fname=5883690a-e57d-408e-a8b9-045d3a100b04 retry=6/10
2026-07-13 13:21:59 [sxbid_crawler.middlewares] WARNING: PDF响应无效(bytes=0)，换代理重试: url=https://www.sxbid.com.cn/f/downloadByFileName?type=3&fname=5883690a-e57d-408e-a8b9-045d3a100b04 retry=7/10
2026-07-13 13:22:04 [sxbid_crawler.middlewares] WARNING: PDF响应无效(bytes=0)，换代理重试: url=https://www.sxbid.com.cn/f/downloadByFileName?type=3&fname=5883690a-e57d-408e-a8b9-045d3a100b04 retry=8/10
2026-07-13 13:22:37 [sxbid_notice] INFO: PDF正文提取完成: url=https://www.sxbid.com.cn/f/downloadByFileName?type=3&fname=5883690a-e57d-408e-a8b9-045d3a100b04 bytes=249277 text_chars=2291
2026-07-13 13:22:48 [scrapy.extensions.logstats] INFO: Crawled 9 pages (at 1 pages/min), scraped 3 items (at 1 items/min)
2026-07-13 13:22:48 [scrapy.core.engine] INFO: Closing spider (finished)
2026-07-13 13:22:48 [scrapy.extensions.feedexport] INFO: Stored jsonl feed (3 items) in: output/final_ai_3.jsonl
2026-07-13 13:22:48 [scrapy.statscollectors] INFO: Dumping Scrapy stats:
{'downloader/exception_count': 3,
 'downloader/exception_type_count/scrapy.core.downloader.handlers.http11.TunnelError': 1,
 'downloader/exception_type_count/scrapy.exceptions.DownloadTimeoutError': 2,
 'downloader/request_bytes': 10569,
 'downloader/request_count': 21,
 'downloader/request_method_count/GET': 21,
 'downloader/response_bytes': 489077,
 'downloader/response_count': 18,
 'downloader/response_status_count/200': 18,
 'elapsed_time_seconds': 130.2810326460749,
 'feedexport/success_count/FileFeedStorage': 1,
 'finish_reason': 'finished',
 'finish_time': datetime.datetime(2026, 7, 13, 5, 22, 48, 250463, tzinfo=datetime.timezone.utc),
 'httpcompression/response_bytes': 224378,
 'httpcompression/response_count': 8,
 'item_scraped_count': 3,
 'items_per_minute': 1.3846153846153848,
 'log_count/INFO': 10,
 'log_count/WARNING': 10,
 'memusage/max': 162209792,
 'memusage/startup': 96903168,
 'request_depth_max': 3,
 'response_received_count': 9,
 'responses_per_minute': 4.153846153846154,
 'retry/count': 3,
 'retry/reason_count/scrapy.core.downloader.handlers.http11.TunnelError': 1,
 'retry/reason_count/scrapy.exceptions.DownloadTimeoutError': 2,
 'scheduler/dequeued': 21,
 'scheduler/dequeued/memory': 21,
 'scheduler/enqueued': 21,
 'scheduler/enqueued/memory': 21,
 'start_time': datetime.datetime(2026, 7, 13, 5, 20, 37, 969428, tzinfo=datetime.timezone.utc)}
2026-07-13 13:22:48 [scrapy.core.engine] INFO: Spider closed (finished)
2026-07-13 13:22:48 [scrapy-playwright] INFO: Closing download handler
2026-07-13 13:22:48 [scrapy-playwright] INFO: Closing download handler
