2026-07-13 13:35:03 [scrapy.utils.log] INFO: Scrapy 2.16.0 started (bot: sxbid_crawler)
2026-07-13 13:35:03 [scrapy.utils.log] INFO: Versions:
{'lxml': '6.1.1',
 'libxml2': '2.14.6',
 'cssselect': '1.4.0',
 'parsel': '1.11.0',
 'w3lib': '2.4.1',
 'Twisted': '26.4.0',
 'Python': '3.10.20 (main, Jun 11 2026, 15:17:37) [GCC 14.3.0]',
 'pyOpenSSL': '26.3.0 (OpenSSL 4.0.1 9 Jun 2026)',
 'cryptography': '49.0.0',
 'Platform': 'Linux-6.2.0-37-generic-x86_64-with-glibc2.35'}
2026-07-13 13:35:03 [scrapy.addons] INFO: Enabled addons:
[]
2026-07-13 13:35:03 [scrapy.extensions.telnet] INFO: Telnet Password: 91d9ed2fe4e0078f
2026-07-13 13:35:03 [scrapy.middleware] INFO: Enabled extensions:
['scrapy.extensions.corestats.CoreStats',
 'scrapy.extensions.logcount.LogCount',
 'scrapy.extensions.telnet.TelnetConsole',
 'scrapy.extensions.memusage.MemoryUsage',
 'scrapy.extensions.feedexport.FeedExporter',
 'scrapy.extensions.logstats.LogStats']
2026-07-13 13:35:03 [scrapy.crawler] INFO: Overridden settings:
{'BOT_NAME': 'sxbid_crawler',
 'CONCURRENT_REQUESTS': 8,
 'CONCURRENT_REQUESTS_PER_DOMAIN': 2,
 'DOWNLOAD_DELAY': 2.0,
 'DOWNLOAD_TIMEOUT': '60',
 'FEED_EXPORT_ENCODING': 'utf-8-sig',
 'LOG_FILE': 'logs/notice_ai_10.log',
 'LOG_LEVEL': 'INFO',
 'NEWSPIDER_MODULE': 'sxbid_crawler.spiders',
 'REACTOR_THREADPOOL_MAXSIZE': 32,
 'RETRY_HTTP_CODES': [403, 407, 408, 429, 500, 502, 503, 504],
 'RETRY_TIMES': 5,
 'SPIDER_MODULES': ['sxbid_crawler.spiders']}
2026-07-13 13:35:04 [scrapy.middleware] INFO: Enabled downloader middlewares:
['scrapy.downloadermiddlewares.offsite.OffsiteMiddleware',
 'scrapy.downloadermiddlewares.httpauth.HttpAuthMiddleware',
 'scrapy.downloadermiddlewares.downloadtimeout.DownloadTimeoutMiddleware',
 'scrapy.downloadermiddlewares.defaultheaders.DefaultHeadersMiddleware',
 'sxbid_crawler.middlewares.RandomUserAgentMiddleware',
 'scrapy.downloadermiddlewares.useragent.UserAgentMiddleware',
 'sxbid_crawler.middlewares.ProxyMiddleware',
 'scrapy.downloadermiddlewares.retry.RetryMiddleware',
 'scrapy.downloadermiddlewares.redirect.MetaRefreshMiddleware',
 'scrapy.downloadermiddlewares.httpcompression.HttpCompressionMiddleware',
 'scrapy.downloadermiddlewares.redirect.RedirectMiddleware',
 'scrapy.downloadermiddlewares.cookies.CookiesMiddleware',
 'scrapy.downloadermiddlewares.httpproxy.HttpProxyMiddleware',
 'scrapy.downloadermiddlewares.stats.DownloaderStats']
2026-07-13 13:35:04 [scrapy.middleware] INFO: Enabled spider middlewares:
['scrapy.spidermiddlewares.start.StartSpiderMiddleware',
 'scrapy.spidermiddlewares.httperror.HttpErrorMiddleware',
 'scrapy.spidermiddlewares.referer.RefererMiddleware',
 'scrapy.spidermiddlewares.urllength.UrlLengthMiddleware',
 'scrapy.spidermiddlewares.depth.DepthMiddleware']
2026-07-13 13:35:04 [scrapy.middleware] INFO: Enabled item pipelines:
['sxbid_crawler.pipelines.SxbidCsvUpsertPipeline']
2026-07-13 13:35:04 [scrapy.core.engine] INFO: Spider opened
2026-07-13 13:35:04 [scrapy.extensions.logstats] INFO: Crawled 0 pages (at 0 pages/min), scraped 0 items (at 0 items/min)
2026-07-13 13:35:04 [scrapy.extensions.telnet] INFO: Telnet console listening on 127.0.0.1:6023
2026-07-13 13:35:04 [scrapy-playwright] INFO: Starting download handler
2026-07-13 13:35:04 [scrapy-playwright] INFO: Starting download handler
2026-07-13 13:35:05 [sxbid_notice] INFO: 栏目发现公告: id=11 name=依法招标-招标公告 count=10
2026-07-13 13:35:28 [sxbid_crawler.middlewares] WARNING: 详情页为空壳响应，换代理重试: url=https://www.sxbid.com.cn/f/new/notice/1/d8fc342029f74d459307bff8e261a166 retry=1/5
2026-07-13 13:36:04 [scrapy.extensions.logstats] INFO: Crawled 8 pages (at 8 pages/min), scraped 0 items (at 0 items/min)
2026-07-13 13:36:10 [sxbid_notice] WARNING: 公告没有找到PDF: https://www.sxbid.com.cn/f/new/notice/1/adc83a92399c4986a15c768d7918cfcc
2026-07-13 13:36:17 [sxbid_notice] WARNING: 公告没有找到PDF: https://www.sxbid.com.cn/f/new/notice/1/b7d206dd56004e2da7563d630546aa61
2026-07-13 13:36:39 [sxbid_notice] WARNING: 公告没有找到PDF: https://www.sxbid.com.cn/f/new/notice/1/6d69b061961140aaa9c81bf6c99e6232
2026-07-13 13:37:04 [scrapy.extensions.logstats] INFO: Crawled 16 pages (at 8 pages/min), scraped 3 items (at 3 items/min)
2026-07-13 13:37:36 [sxbid_notice] INFO: PDF正文提取完成: url=https://www.sxbid.com.cn/f/downloadByFileName?type=3&fname=c794cfc0-ca78-4695-90aa-7f6d5886c851 bytes=190270 text_chars=4086
2026-07-13 13:37:42 [sxbid_notice] WARNING: 公告没有找到PDF: https://www.sxbid.com.cn/f/new/notice/1/4bb3326304fd44b39148cb638beb4735
2026-07-13 13:37:54 [sxbid_notice] INFO: PDF正文提取完成: url=https://www.sxbid.com.cn/f/downloadByFileName?type=3&fname=b3d6af03-7ec8-4c7c-ab3f-f4d2f5919c78 bytes=214450 text_chars=4407
2026-07-13 13:38:05 [scrapy.extensions.logstats] INFO: Crawled 20 pages (at 4 pages/min), scraped 6 items (at 3 items/min)
2026-07-13 13:38:06 [sxbid_notice] WARNING: 公告没有找到PDF: https://www.sxbid.com.cn/f/new/notice/1/5fee06e93d8e42cfb72ff78eb5767570
2026-07-13 13:38:13 [sxbid_notice] INFO: PDF正文提取完成: url=https://www.sxbid.com.cn/f/downloadByFileName?type=3&fname=d4293c22-53eb-442d-bb18-5ac91ce832f2 bytes=131910 text_chars=2529
2026-07-13 13:38:24 [sxbid_notice] INFO: PDF正文提取完成: url=https://www.sxbid.com.cn/f/downloadByFileName?type=3&fname=4a856d35-6261-42bc-94b7-c0e72f6d5d2f bytes=161322 text_chars=2940
2026-07-13 13:39:04 [scrapy.extensions.logstats] INFO: Crawled 25 pages (at 5 pages/min), scraped 9 items (at 3 items/min)
2026-07-13 13:39:19 [sxbid_notice] INFO: PDF正文提取完成: url=https://www.sxbid.com.cn/f/downloadByFileName?type=3&fname=5883690a-e57d-408e-a8b9-045d3a100b04 bytes=249277 text_chars=2291
2026-07-13 13:39:24 [scrapy.core.engine] INFO: Closing spider (finished)
2026-07-13 13:39:24 [scrapy.extensions.feedexport] INFO: Stored jsonl feed (10 items) in: output/notice_ai_10.jsonl
2026-07-13 13:39:24 [scrapy.statscollectors] INFO: Dumping Scrapy stats:
{'downloader/exception_count': 6,
 'downloader/exception_type_count/scrapy.core.downloader.handlers.http11.TunnelError': 1,
 'downloader/exception_type_count/scrapy.exceptions.DownloadTimeoutError': 5,
 'downloader/request_bytes': 16101,
 'downloader/request_count': 33,
 'downloader/request_method_count/GET': 33,
 'downloader/response_bytes': 1062222,
 'downloader/response_count': 27,
 'downloader/response_status_count/200': 27,
 'elapsed_time_seconds': 260.3454587031156,
 'feedexport/success_count/FileFeedStorage': 1,
 'finish_reason': 'finished',
 'finish_time': datetime.datetime(2026, 7, 13, 5, 39, 24, 424964, tzinfo=datetime.timezone.utc),
 'httpcompression/response_bytes': 577250,
 'httpcompression/response_count': 22,
 'item_scraped_count': 10,
 'items_per_minute': 2.307692307692308,
 'log_count/INFO': 15,
 'log_count/WARNING': 6,
 'memusage/max': 165216256,
 'memusage/startup': 96899072,
 'request_depth_max': 3,
 'response_received_count': 26,
 'responses_per_minute': 6.0,
 'retry/count': 6,
 'retry/reason_count/scrapy.core.downloader.handlers.http11.TunnelError': 1,
 'retry/reason_count/scrapy.exceptions.DownloadTimeoutError': 5,
 'scheduler/dequeued': 33,
 'scheduler/dequeued/memory': 33,
 'scheduler/enqueued': 33,
 'scheduler/enqueued/memory': 33,
 'start_time': datetime.datetime(2026, 7, 13, 5, 35, 4, 79484, tzinfo=datetime.timezone.utc)}
2026-07-13 13:39:24 [scrapy.core.engine] INFO: Spider closed (finished)
2026-07-13 13:39:24 [scrapy-playwright] INFO: Closing download handler
2026-07-13 13:39:24 [scrapy-playwright] INFO: Closing download handler
2026-07-13 13:47:34 [scrapy.utils.log] INFO: Scrapy 2.16.0 started (bot: sxbid_crawler)
2026-07-13 13:47:34 [scrapy.utils.log] INFO: Versions:
{'lxml': '6.1.1',
 'libxml2': '2.14.6',
 'cssselect': '1.4.0',
 'parsel': '1.11.0',
 'w3lib': '2.4.1',
 'Twisted': '26.4.0',
 'Python': '3.10.20 (main, Jun 11 2026, 15:17:37) [GCC 14.3.0]',
 'pyOpenSSL': '26.3.0 (OpenSSL 4.0.1 9 Jun 2026)',
 'cryptography': '49.0.0',
 'Platform': 'Linux-6.2.0-37-generic-x86_64-with-glibc2.35'}
2026-07-13 13:47:34 [scrapy.addons] INFO: Enabled addons:
[]
2026-07-13 13:47:34 [scrapy.extensions.telnet] INFO: Telnet Password: 30a1d92bdc441415
2026-07-13 13:47:34 [scrapy.middleware] INFO: Enabled extensions:
['scrapy.extensions.corestats.CoreStats',
 'scrapy.extensions.logcount.LogCount',
 'scrapy.extensions.telnet.TelnetConsole',
 'scrapy.extensions.memusage.MemoryUsage',
 'scrapy.extensions.feedexport.FeedExporter',
 'scrapy.extensions.logstats.LogStats']
2026-07-13 13:47:34 [scrapy.crawler] INFO: Overridden settings:
{'BOT_NAME': 'sxbid_crawler',
 'CONCURRENT_REQUESTS': 8,
 'CONCURRENT_REQUESTS_PER_DOMAIN': 2,
 'DOWNLOAD_DELAY': 2.0,
 'DOWNLOAD_TIMEOUT': '60',
 'FEED_EXPORT_ENCODING': 'utf-8-sig',
 'LOG_FILE': 'logs/notice_ai_10.log',
 'LOG_LEVEL': 'INFO',
 'NEWSPIDER_MODULE': 'sxbid_crawler.spiders',
 'REACTOR_THREADPOOL_MAXSIZE': 32,
 'RETRY_HTTP_CODES': [403, 407, 408, 429, 500, 502, 503, 504],
 'RETRY_TIMES': 5,
 'SPIDER_MODULES': ['sxbid_crawler.spiders']}
2026-07-13 13:47:34 [scrapy.middleware] INFO: Enabled downloader middlewares:
['scrapy.downloadermiddlewares.offsite.OffsiteMiddleware',
 'scrapy.downloadermiddlewares.httpauth.HttpAuthMiddleware',
 'scrapy.downloadermiddlewares.downloadtimeout.DownloadTimeoutMiddleware',
 'scrapy.downloadermiddlewares.defaultheaders.DefaultHeadersMiddleware',
 'sxbid_crawler.middlewares.RandomUserAgentMiddleware',
 'scrapy.downloadermiddlewares.useragent.UserAgentMiddleware',
 'sxbid_crawler.middlewares.ProxyMiddleware',
 'scrapy.downloadermiddlewares.retry.RetryMiddleware',
 'scrapy.downloadermiddlewares.redirect.MetaRefreshMiddleware',
 'scrapy.downloadermiddlewares.httpcompression.HttpCompressionMiddleware',
 'scrapy.downloadermiddlewares.redirect.RedirectMiddleware',
 'scrapy.downloadermiddlewares.cookies.CookiesMiddleware',
 'scrapy.downloadermiddlewares.httpproxy.HttpProxyMiddleware',
 'scrapy.downloadermiddlewares.stats.DownloaderStats']
2026-07-13 13:47:34 [scrapy.middleware] INFO: Enabled spider middlewares:
['scrapy.spidermiddlewares.start.StartSpiderMiddleware',
 'scrapy.spidermiddlewares.httperror.HttpErrorMiddleware',
 'scrapy.spidermiddlewares.referer.RefererMiddleware',
 'scrapy.spidermiddlewares.urllength.UrlLengthMiddleware',
 'scrapy.spidermiddlewares.depth.DepthMiddleware']
2026-07-13 13:47:34 [scrapy.middleware] INFO: Enabled item pipelines:
['sxbid_crawler.pipelines.SxbidCsvUpsertPipeline']
2026-07-13 13:47:34 [scrapy.core.engine] INFO: Spider opened
2026-07-13 13:47:34 [scrapy.extensions.logstats] INFO: Crawled 0 pages (at 0 pages/min), scraped 0 items (at 0 items/min)
2026-07-13 13:47:34 [scrapy.extensions.telnet] INFO: Telnet console listening on 127.0.0.1:6023
2026-07-13 13:47:34 [scrapy-playwright] INFO: Starting download handler
2026-07-13 13:47:34 [scrapy-playwright] INFO: Starting download handler
2026-07-13 13:47:36 [sxbid_notice] INFO: 栏目发现公告: id=11 name=依法招标-招标公告 count=10
2026-07-13 13:48:34 [scrapy.extensions.logstats] INFO: Crawled 2 pages (at 2 pages/min), scraped 0 items (at 0 items/min)
2026-07-13 13:48:51 [sxbid_crawler.middlewares] WARNING: 详情页为空壳响应，换代理重试: url=https://www.sxbid.com.cn/f/new/notice/1/d8fc342029f74d459307bff8e261a166 retry=1/5
2026-07-13 13:48:53 [sxbid_notice] WARNING: 公告没有找到PDF: https://www.sxbid.com.cn/f/new/notice/1/5fee06e93d8e42cfb72ff78eb5767570
2026-07-13 13:49:02 [sxbid_notice] WARNING: 公告没有找到PDF: https://www.sxbid.com.cn/f/new/notice/1/b7d206dd56004e2da7563d630546aa61
2026-07-13 13:49:07 [sxbid_crawler.middlewares] WARNING: 详情页为空壳响应，换代理重试: url=https://www.sxbid.com.cn/f/new/notice/1/9963a4d22ed64f98944ae89fbc86ab70 retry=1/5
2026-07-13 13:49:08 [sxbid_notice] WARNING: 公告没有找到PDF: https://www.sxbid.com.cn/f/new/notice/1/6d69b061961140aaa9c81bf6c99e6232
2026-07-13 13:49:34 [scrapy.extensions.logstats] INFO: Crawled 13 pages (at 11 pages/min), scraped 3 items (at 3 items/min)
2026-07-13 13:50:19 [sxbid_notice] WARNING: 公告没有找到PDF: https://www.sxbid.com.cn/f/new/notice/1/4593817eb65a44aca922e20f1a47a403
2026-07-13 13:50:24 [sxbid_crawler.middlewares] WARNING: 详情页为空壳响应，换代理重试: url=https://www.sxbid.com.cn/f/new/notice/1/9963a4d22ed64f98944ae89fbc86ab70 retry=2/5
2026-07-13 13:50:27 [sxbid_notice] WARNING: 公告没有找到PDF: https://www.sxbid.com.cn/f/new/notice/1/adc83a92399c4986a15c768d7918cfcc
2026-07-13 13:50:34 [sxbid_crawler.middlewares] WARNING: PDF响应无效(bytes=0)，换代理重试: url=https://www.sxbid.com.cn/f/downloadByFileName?type=3&fname=d4293c22-53eb-442d-bb18-5ac91ce832f2 retry=1/15
2026-07-13 13:50:34 [scrapy.extensions.logstats] INFO: Crawled 15 pages (at 2 pages/min), scraped 5 items (at 2 items/min)
2026-07-13 13:50:37 [sxbid_notice] INFO: PDF正文提取完成: url=https://www.sxbid.com.cn/f/downloadByFileName?type=3&fname=c794cfc0-ca78-4695-90aa-7f6d5886c851 bytes=190270 text_chars=4086
2026-07-13 13:50:42 [sxbid_crawler.middlewares] WARNING: 详情页为空壳响应，换代理重试: url=https://www.sxbid.com.cn/f/new/notice/1/d8fc342029f74d459307bff8e261a166 retry=2/5
2026-07-13 13:50:50 [sxbid_crawler.middlewares] WARNING: PDF响应无效(bytes=0)，换代理重试: url=https://www.sxbid.com.cn/f/downloadByFileName?type=3&fname=d4293c22-53eb-442d-bb18-5ac91ce832f2 retry=2/15
2026-07-13 13:51:34 [scrapy.extensions.logstats] INFO: Crawled 17 pages (at 2 pages/min), scraped 6 items (at 1 items/min)
2026-07-13 13:51:53 [sxbid_notice] INFO: PDF正文提取完成: url=https://www.sxbid.com.cn/f/downloadByFileName?type=3&fname=d4293c22-53eb-442d-bb18-5ac91ce832f2 bytes=131910 text_chars=2529
2026-07-13 13:52:09 [sxbid_notice] WARNING: 公告没有找到PDF: https://www.sxbid.com.cn/f/new/notice/1/4bb3326304fd44b39148cb638beb4735
2026-07-13 13:52:34 [scrapy.extensions.logstats] INFO: Crawled 20 pages (at 3 pages/min), scraped 8 items (at 2 items/min)
2026-07-13 13:53:34 [scrapy.extensions.logstats] INFO: Crawled 20 pages (at 0 pages/min), scraped 8 items (at 0 items/min)
2026-07-13 13:54:34 [scrapy.extensions.logstats] INFO: Crawled 20 pages (at 0 pages/min), scraped 8 items (at 0 items/min)
2026-07-13 13:55:22 [sxbid_notice] INFO: PDF正文提取完成: url=https://www.sxbid.com.cn/f/downloadByFileName?type=3&fname=5883690a-e57d-408e-a8b9-045d3a100b04 bytes=249277 text_chars=2291
2026-07-13 13:55:34 [scrapy.extensions.logstats] INFO: Crawled 22 pages (at 2 pages/min), scraped 9 items (at 1 items/min)
2026-07-13 13:56:01 [scrapy.downloadermiddlewares.retry] ERROR: Gave up retrying <GET https://www.sxbid.com.cn/f/new/notice/1/9963a4d22ed64f98944ae89fbc86ab70> (failed 6 times): Getting https://www.sxbid.com.cn/f/new/notice/1/9963a4d22ed64f98944ae89fbc86ab70 took longer than 60.0 seconds.
2026-07-13 13:56:01 [scrapy.core.scraper] ERROR: Error downloading <GET https://www.sxbid.com.cn/f/new/notice/1/9963a4d22ed64f98944ae89fbc86ab70>
Traceback (most recent call last):
  File "/home/vipuser/miniconda3/envs/myenv/lib/python3.10/site-packages/twisted/internet/defer.py", line 1834, in _inlineCallbacks
    result = context.run(
  File "/home/vipuser/miniconda3/envs/myenv/lib/python3.10/site-packages/twisted/python/failure.py", line 467, in throwExceptionIntoGenerator
    return g.throw(self.value.with_traceback(self.tb))
  File "/home/vipuser/miniconda3/envs/myenv/lib/python3.10/site-packages/scrapy/core/engine.py", line 497, in _download
    result = yield self.downloader.fetch(request)
  File "/home/vipuser/miniconda3/envs/myenv/lib/python3.10/site-packages/twisted/internet/defer.py", line 1834, in _inlineCallbacks
    result = context.run(
  File "/home/vipuser/miniconda3/envs/myenv/lib/python3.10/site-packages/twisted/python/failure.py", line 467, in throwExceptionIntoGenerator
    return g.throw(self.value.with_traceback(self.tb))
  File "/home/vipuser/miniconda3/envs/myenv/lib/python3.10/site-packages/scrapy/core/downloader/__init__.py", line 131, in fetch
    result: Response | Request = yield (
  File "/home/vipuser/miniconda3/envs/myenv/lib/python3.10/site-packages/twisted/internet/defer.py", line 1247, in adapt
    extracted: _SelfResultT | Failure = result.result()
  File "/home/vipuser/miniconda3/envs/myenv/lib/python3.10/site-packages/scrapy/core/downloader/middleware.py", line 87, in download_async
    result = await self._process_exception(ex, request)
  File "/home/vipuser/miniconda3/envs/myenv/lib/python3.10/site-packages/scrapy/core/downloader/middleware.py", line 156, in _process_exception
    raise exception
  File "/home/vipuser/miniconda3/envs/myenv/lib/python3.10/site-packages/scrapy/core/downloader/middleware.py", line 80, in download_async
    result: Response | Request = await self._process_request(
  File "/home/vipuser/miniconda3/envs/myenv/lib/python3.10/site-packages/scrapy/core/downloader/middleware.py", line 114, in _process_request
    return await download_func(request)
  File "/home/vipuser/miniconda3/envs/myenv/lib/python3.10/site-packages/scrapy/core/downloader/__init__.py", line 191, in _enqueue_request
    return await maybe_deferred_to_future(d)  # fired in _wait_for_download()
  File "/home/vipuser/miniconda3/envs/myenv/lib/python3.10/site-packages/scrapy/core/downloader/__init__.py", line 258, in _wait_for_download
    response = await self._download(slot, request)
  File "/home/vipuser/miniconda3/envs/myenv/lib/python3.10/site-packages/scrapy/core/downloader/__init__.py", line 228, in _download
    response: Response = await self.handlers.download_request_async(request)
  File "/home/vipuser/miniconda3/envs/myenv/lib/python3.10/site-packages/scrapy/core/downloader/handlers/__init__.py", line 156, in download_request_async
    return await handler.download_request(request)
  File "/home/vipuser/miniconda3/envs/myenv/lib/python3.10/site-packages/scrapy_playwright/handler.py", line 419, in download_request
    return await super().download_request(  # pylint: disable=no-value-for-parameter
  File "/home/vipuser/miniconda3/envs/myenv/lib/python3.10/site-packages/scrapy/core/downloader/handlers/http11.py", line 131, in download_request
    return await maybe_deferred_to_future(agent.download_request(request))
  File "/home/vipuser/miniconda3/envs/myenv/lib/python3.10/site-packages/twisted/internet/defer.py", line 1082, in _runCallbacks
    current.result = callback(  # type: ignore[misc]
  File "/home/vipuser/miniconda3/envs/myenv/lib/python3.10/site-packages/scrapy/core/downloader/handlers/http11.py", line 495, in _cb_timeout
    raise DownloadTimeoutError(f"Getting {url} took longer than {timeout} seconds.")
scrapy.exceptions.DownloadTimeoutError: Getting https://www.sxbid.com.cn/f/new/notice/1/9963a4d22ed64f98944ae89fbc86ab70 took longer than 60.0 seconds.
2026-07-13 13:56:01 [scrapy.core.engine] INFO: Closing spider (finished)
2026-07-13 13:56:01 [scrapy.extensions.feedexport] INFO: Stored jsonl feed (9 items) in: output/notice_ai_10.jsonl
2026-07-13 13:56:01 [scrapy.statscollectors] INFO: Dumping Scrapy stats:
{'downloader/exception_count': 16,
 'downloader/exception_type_count/scrapy.core.downloader.handlers.http11.TunnelError': 3,
 'downloader/exception_type_count/scrapy.exceptions.DownloadTimeoutError': 13,
 'downloader/request_bytes': 21205,
 'downloader/request_count': 44,
 'downloader/request_method_count/GET': 44,
 'downloader/response_bytes': 709690,
 'downloader/response_count': 28,
 'downloader/response_status_count/200': 28,
 'elapsed_time_seconds': 507.27089005708694,
 'feedexport/success_count/FileFeedStorage': 1,
 'finish_reason': 'finished',
 'finish_time': datetime.datetime(2026, 7, 13, 5, 56, 1, 803397, tzinfo=datetime.timezone.utc),
 'httpcompression/response_bytes': 698823,
 'httpcompression/response_count': 23,
 'item_scraped_count': 9,
 'items_per_minute': 1.0650887573964498,
 'log_count/ERROR': 2,
 'log_count/INFO': 17,
 'log_count/WARNING': 12,
 'memusage/max': 167174144,
 'memusage/startup': 96903168,
 'request_depth_max': 3,
 'response_received_count': 22,
 'responses_per_minute': 2.6035502958579886,
 'retry/count': 15,
 'retry/max_reached': 1,
 'retry/reason_count/scrapy.core.downloader.handlers.http11.TunnelError': 3,
 'retry/reason_count/scrapy.exceptions.DownloadTimeoutError': 12,
 'scheduler/dequeued': 44,
 'scheduler/dequeued/memory': 44,
 'scheduler/enqueued': 44,
 'scheduler/enqueued/memory': 44,
 'start_time': datetime.datetime(2026, 7, 13, 5, 47, 34, 532501, tzinfo=datetime.timezone.utc)}
2026-07-13 13:56:01 [scrapy.core.engine] INFO: Spider closed (finished)
2026-07-13 13:56:01 [scrapy-playwright] INFO: Closing download handler
2026-07-13 13:56:01 [scrapy-playwright] INFO: Closing download handler
