2026-07-13 13:16:06 [scrapy.utils.log] INFO: Scrapy 2.16.0 started (bot: sxbid_crawler)
2026-07-13 13:16:06 [scrapy.utils.log] INFO: Versions:
{'lxml': '6.1.1',
 'libxml2': '2.14.6',
 'cssselect': '1.4.0',
 'parsel': '1.11.0',
 'w3lib': '2.4.1',
 'Twisted': '26.4.0',
 'Python': '3.10.20 (main, Jun 11 2026, 15:17:37) [GCC 14.3.0]',
 'pyOpenSSL': '26.3.0 (OpenSSL 4.0.1 9 Jun 2026)',
 'cryptography': '49.0.0',
 'Platform': 'Linux-6.2.0-37-generic-x86_64-with-glibc2.35'}
2026-07-13 13:16:06 [scrapy.addons] INFO: Enabled addons:
[]
2026-07-13 13:16:06 [scrapy.extensions.telnet] INFO: Telnet Password: e5a365065d5bd970
2026-07-13 13:16:06 [scrapy.middleware] INFO: Enabled extensions:
['scrapy.extensions.corestats.CoreStats',
 'scrapy.extensions.logcount.LogCount',
 'scrapy.extensions.telnet.TelnetConsole',
 'scrapy.extensions.memusage.MemoryUsage',
 'scrapy.extensions.feedexport.FeedExporter',
 'scrapy.extensions.logstats.LogStats']
2026-07-13 13:16:06 [scrapy.crawler] INFO: Overridden settings:
{'BOT_NAME': 'sxbid_crawler',
 'CONCURRENT_REQUESTS': 8,
 'CONCURRENT_REQUESTS_PER_DOMAIN': 2,
 'DOWNLOAD_DELAY': 2.0,
 'DOWNLOAD_TIMEOUT': 30,
 'FEED_EXPORT_ENCODING': 'utf-8-sig',
 'LOG_LEVEL': 'INFO',
 'NEWSPIDER_MODULE': 'sxbid_crawler.spiders',
 'REACTOR_THREADPOOL_MAXSIZE': 32,
 'RETRY_HTTP_CODES': [403, 407, 408, 429, 500, 502, 503, 504],
 'RETRY_TIMES': 5,
 'SPIDER_MODULES': ['sxbid_crawler.spiders']}
2026-07-13 13:16:06 [scrapy.middleware] INFO: Enabled downloader middlewares:
['scrapy.downloadermiddlewares.offsite.OffsiteMiddleware',
 'scrapy.downloadermiddlewares.httpauth.HttpAuthMiddleware',
 'scrapy.downloadermiddlewares.downloadtimeout.DownloadTimeoutMiddleware',
 'scrapy.downloadermiddlewares.defaultheaders.DefaultHeadersMiddleware',
 'sxbid_crawler.middlewares.RandomUserAgentMiddleware',
 'scrapy.downloadermiddlewares.useragent.UserAgentMiddleware',
 'sxbid_crawler.middlewares.ProxyMiddleware',
 'scrapy.downloadermiddlewares.retry.RetryMiddleware',
 'scrapy.downloadermiddlewares.redirect.MetaRefreshMiddleware',
 'scrapy.downloadermiddlewares.httpcompression.HttpCompressionMiddleware',
 'scrapy.downloadermiddlewares.redirect.RedirectMiddleware',
 'scrapy.downloadermiddlewares.cookies.CookiesMiddleware',
 'scrapy.downloadermiddlewares.httpproxy.HttpProxyMiddleware',
 'scrapy.downloadermiddlewares.stats.DownloaderStats']
2026-07-13 13:16:06 [scrapy.middleware] INFO: Enabled spider middlewares:
['scrapy.spidermiddlewares.start.StartSpiderMiddleware',
 'scrapy.spidermiddlewares.httperror.HttpErrorMiddleware',
 'scrapy.spidermiddlewares.referer.RefererMiddleware',
 'scrapy.spidermiddlewares.urllength.UrlLengthMiddleware',
 'scrapy.spidermiddlewares.depth.DepthMiddleware']
2026-07-13 13:16:06 [scrapy.middleware] INFO: Enabled item pipelines:
['sxbid_crawler.pipelines.SxbidCsvUpsertPipeline']
2026-07-13 13:16:06 [scrapy.core.engine] INFO: Spider opened
2026-07-13 13:16:06 [scrapy.extensions.logstats] INFO: Crawled 0 pages (at 0 pages/min), scraped 0 items (at 0 items/min)
2026-07-13 13:16:06 [scrapy.extensions.telnet] INFO: Telnet console listening on 127.0.0.1:6023
2026-07-13 13:16:06 [scrapy-playwright] INFO: Starting download handler
2026-07-13 13:16:06 [scrapy-playwright] INFO: Starting download handler
2026-07-13 13:16:07 [sxbid_notice] INFO: 栏目发现公告: id=11 name=依法招标-招标公告 count=3
2026-07-13 13:16:19 [sxbid_notice] WARNING: 公告没有找到PDF: https://www.sxbid.com.cn/f/new/notice/1/9d67e6732d2f44c28bab97cd9ab7e674
2026-07-13 13:16:25 [sxbid_crawler.middlewares] WARNING: PDF响应无效(bytes=0)，换代理重试: url=https://www.sxbid.com.cn/f/downloadByFileName?type=3&fname=5883690a-e57d-408e-a8b9-045d3a100b04 retry=1/5
2026-07-13 13:16:27 [sxbid_crawler.middlewares] WARNING: PDF响应无效(bytes=0)，换代理重试: url=https://www.sxbid.com.cn/f/downloadByFileName?type=3&fname=b3d6af03-7ec8-4c7c-ab3f-f4d2f5919c78 retry=1/5
2026-07-13 13:16:32 [sxbid_crawler.middlewares] WARNING: PDF响应无效(bytes=0)，换代理重试: url=https://www.sxbid.com.cn/f/downloadByFileName?type=3&fname=b3d6af03-7ec8-4c7c-ab3f-f4d2f5919c78 retry=2/5
2026-07-13 13:16:34 [sxbid_crawler.middlewares] WARNING: PDF响应无效(bytes=0)，换代理重试: url=https://www.sxbid.com.cn/f/downloadByFileName?type=3&fname=b3d6af03-7ec8-4c7c-ab3f-f4d2f5919c78 retry=3/5
2026-07-13 13:16:36 [sxbid_crawler.middlewares] WARNING: PDF响应无效(bytes=0)，换代理重试: url=https://www.sxbid.com.cn/f/downloadByFileName?type=3&fname=5883690a-e57d-408e-a8b9-045d3a100b04 retry=2/5
2026-07-13 13:16:39 [sxbid_crawler.middlewares] WARNING: PDF响应无效(bytes=0)，换代理重试: url=https://www.sxbid.com.cn/f/downloadByFileName?type=3&fname=b3d6af03-7ec8-4c7c-ab3f-f4d2f5919c78 retry=4/5
2026-07-13 13:16:41 [sxbid_crawler.middlewares] WARNING: PDF响应无效(bytes=0)，换代理重试: url=https://www.sxbid.com.cn/f/downloadByFileName?type=3&fname=5883690a-e57d-408e-a8b9-045d3a100b04 retry=3/5
2026-07-13 13:16:43 [sxbid_crawler.middlewares] WARNING: PDF响应无效(bytes=0)，换代理重试: url=https://www.sxbid.com.cn/f/downloadByFileName?type=3&fname=b3d6af03-7ec8-4c7c-ab3f-f4d2f5919c78 retry=5/5
2026-07-13 13:16:48 [sxbid_crawler.middlewares] ERROR: PDF响应无效(bytes=0)，重试次数已用完: url=https://www.sxbid.com.cn/f/downloadByFileName?type=3&fname=b3d6af03-7ec8-4c7c-ab3f-f4d2f5919c78
2026-07-13 13:16:48 [sxbid_notice] ERROR: PDF重试后仍无效，保留网页解析结果: detail_url=https://www.sxbid.com.cn/f/new/notice/1/4593817eb65a44aca922e20f1a47a403 pdf_url=https://www.sxbid.com.cn/f/downloadByFileName?type=3&fname=b3d6af03-7ec8-4c7c-ab3f-f4d2f5919c78 bytes=0
2026-07-13 13:17:06 [scrapy.extensions.logstats] INFO: Crawled 8 pages (at 8 pages/min), scraped 2 items (at 2 items/min)
2026-07-13 13:17:51 [sxbid_notice] INFO: PDF正文提取完成: url=https://www.sxbid.com.cn/f/downloadByFileName?type=3&fname=5883690a-e57d-408e-a8b9-045d3a100b04 bytes=249277 text_chars=2291
2026-07-13 13:17:51 [scrapy.core.engine] INFO: Closing spider (finished)
2026-07-13 13:17:51 [scrapy.extensions.feedexport] INFO: Stored jsonl feed (3 items) in: output/pdf_retry_fixed_3.jsonl
2026-07-13 13:17:51 [scrapy.statscollectors] INFO: Dumping Scrapy stats:
{'downloader/exception_count': 3,
 'downloader/exception_type_count/scrapy.core.downloader.handlers.http11.TunnelError': 1,
 'downloader/exception_type_count/scrapy.exceptions.DownloadTimeoutError': 2,
 'downloader/request_bytes': 10062,
 'downloader/request_count': 20,
 'downloader/request_method_count/GET': 20,
 'downloader/response_bytes': 289375,
 'downloader/response_count': 17,
 'downloader/response_status_count/200': 17,
 'elapsed_time_seconds': 105.04496375657618,
 'feedexport/success_count/FileFeedStorage': 1,
 'finish_reason': 'finished',
 'finish_time': datetime.datetime(2026, 7, 13, 5, 17, 51, 305237, tzinfo=datetime.timezone.utc),
 'httpcompression/response_bytes': 170256,
 'httpcompression/response_count': 7,
 'item_scraped_count': 3,
 'items_per_minute': 1.7142857142857142,
 'log_count/ERROR': 2,
 'log_count/INFO': 8,
 'log_count/WARNING': 9,
 'memusage/max': 113225728,
 'memusage/startup': 96772096,
 'request_depth_max': 3,
 'response_received_count': 9,
 'responses_per_minute': 5.142857142857143,
 'retry/count': 3,
 'retry/reason_count/scrapy.core.downloader.handlers.http11.TunnelError': 1,
 'retry/reason_count/scrapy.exceptions.DownloadTimeoutError': 2,
 'scheduler/dequeued': 20,
 'scheduler/dequeued/memory': 20,
 'scheduler/enqueued': 20,
 'scheduler/enqueued/memory': 20,
 'start_time': datetime.datetime(2026, 7, 13, 5, 16, 6, 260284, tzinfo=datetime.timezone.utc)}
2026-07-13 13:17:51 [scrapy.core.engine] INFO: Spider closed (finished)
2026-07-13 13:17:51 [scrapy-playwright] INFO: Closing download handler
2026-07-13 13:17:51 [scrapy-playwright] INFO: Closing download handler
