山西省公共资源交易平台 AI兜底与OCR报告
生成时间: 2026-07-07 10:19:32
使用模型: glm-4.6-thinking
============================================================

【汇总】
  处理记录数 : 8
  成功        : 2
  失败        : 6

【Token消耗】
  AI调用次数  : 8
  输入tokens  : 7,069
  输出tokens  : 363
  合计tokens  : 7,432

【详细记录】
----------------------------------------
项目: 大秦铁路股份有限公司侯马北供电段2026年度侯马北站区10kV配电增容改造工程建设单位管理甲供物资项目(1,2,3,4,
链接: https://prec.sxzwfw.gov.cn/jyxxgchxr/1071826.jhtml
目标字段: 监督部门联系方式
结果: 失败
  - 监督部门联系方式: 无
----------------------------------------
项目: 浑源县2026年大洼项目区小流域综合治理提质增效项目
链接: https://prec.sxzwfw.gov.cn/jyxxgchxr/1071819.jhtml
目标字段: 监督部门联系方式
结果: 失败
  - 监督部门联系方式: 无
----------------------------------------
项目: 侯马市公共实训基地建设项目施工
链接: https://prec.sxzwfw.gov.cn/jyxxgcgs/1071789.jhtml
目标字段: 监督部门联系方式
结果: 成功
  - 监督部门联系方式: 0357-3900150
----------------------------------------
项目: 天镇县100MW风力发电项目监理
链接: https://prec.sxzwfw.gov.cn/jyxxgcgs/1071794.jhtml
目标字段: 监督部门联系方式
结果: 失败
  - 监督部门联系方式: 无
----------------------------------------
项目: 阳高县大泉山食用菌数智科创园项目
链接: https://prec.sxzwfw.gov.cn/jyxxgcgs/1071811.jhtml
目标字段: 监督部门联系方式
结果: 失败
  - 监督部门联系方式: 无
----------------------------------------
项目: 应县迎宾路照明设施改造工程施工项目
链接: https://prec.sxzwfw.gov.cn/jyxxgcgs/1071822.jhtml
目标字段: 监督部门联系方式
结果: 失败
  - 监督部门联系方式: 无
----------------------------------------
项目: 天镇县100MW风力发电项目EPC总承包
链接: https://prec.sxzwfw.gov.cn/jyxxgcgs/1071797.jhtml
目标字段: 监督部门联系方式
结果: 失败
  - 监督部门联系方式: 无
----------------------------------------
项目: 侯马市学府路（合欢街-晋珠街）道路建设工程施工
链接: https://prec.sxzwfw.gov.cn/jyxxgcgs/1071790.jhtml
目标字段: 监督部门联系方式
结果: 成功
  - 监督部门联系方式: 0357-3900150
