山西省公共资源交易平台 AI兜底与OCR报告
生成时间: 2026-07-03 16:10:03
使用模型: glm-4.6-thinking
============================================================

【汇总】
  处理记录数 : 21
  成功        : 3
  失败        : 18

【Token消耗】
  AI调用次数  : 21
  输入tokens  : 19,295
  输出tokens  : 2,071
  合计tokens  : 21,366

【详细记录】
----------------------------------------
项目: 孝河幸福河湖建设工程监理项目
链接: https://prec.sxzwfw.gov.cn/jyxxgczb/1070948.jhtml
目标字段: 标书发售时间, 招标人, 招标人地址, 招标人联系人, 招标人联系方式, 招标代理机构, 招标代理机构地址, 招标代理机构联系人, 招标代理机构联系方式
结果: 成功
  - 标书发售时间: 2026年7月3日17时00分至2026年7月24日10时00分
  - 招标人: 孝义市水利局
  - 招标人地址: 山西省孝义市迎宾路三农大楼七层
  - 招标人联系人: 陈先生
  - 招标人联系方式: 0358-7830624
  - 招标代理机构: 山西中和康泰建设项目管理有限公司
  - 招标代理机构地址: 山西省吕梁孝义市振兴街（德泽苑5号楼2单元3层）
  - 招标代理机构联系人: 张女士
  - 招标代理机构联系方式: 0358-7830988
----------------------------------------
项目: 长治市上党区2026年“美丽蓝天”煤改电项目施工
链接: https://prec.sxzwfw.gov.cn/jyxxgczb/1070997.jhtml
目标字段: 招标人, 招标人地址, 招标人联系人, 招标人联系方式, 招标代理机构, 招标代理机构地址, 招标代理机构联系人, 招标代理机构联系方式
结果: 成功
  - 招标人: 长治市上党区城投供热有限公司
  - 招标人地址: 山西省长治市上党区韩店街道
  - 招标人联系人: 侯先生
  - 招标人联系方式: 0355-8081180
  - 招标代理机构: 山西三木工程项目管理有限公司
  - 招标代理机构地址: 长治市英雄中路383号
  - 招标代理机构联系人: 李女士
  - 招标代理机构联系方式: 0355-2031510
----------------------------------------
项目: 大同市云冈区供水管网及设施更新改造项目
链接: https://prec.sxzwfw.gov.cn/jyxxgchxr/1070942.jhtml
目标字段: 监督部门联系方式
结果: 失败
  - 监督部门联系方式: 无
----------------------------------------
项目: 晋城市泽州县丹河流域北义城镇段农村生活污水治理及资源化利用项目
链接: https://prec.sxzwfw.gov.cn/jyxxgchxr/1070977.jhtml
目标字段: 监督部门联系方式
结果: 失败
  - 监督部门联系方式: 无
----------------------------------------
项目: 山西阳泉矿区泊里煤矿项目15101工作面三号瓦斯鉴定巷定向长钻孔工程（15103、15105工作面系统巷揭煤）
链接: https://prec.sxzwfw.gov.cn/jyxxgchxr/1070984.jhtml
目标字段: 监督部门联系方式
结果: 失败
  - 监督部门联系方式: 无
----------------------------------------
项目: 平鲁区李林中学3#学生公寓维修工程（装饰装修）
链接: https://prec.sxzwfw.gov.cn/jyxxgchxr/1070980.jhtml
目标字段: 监督部门联系方式
结果: 失败
  - 监督部门联系方式: 无
----------------------------------------
项目: 大同市晋北地区高原风沙源生态保护和修复项目桦林背林场2026年人工造林
链接: https://prec.sxzwfw.gov.cn/jyxxgcgs/1070963.jhtml
目标字段: 监督部门联系方式
结果: 失败
  - 监督部门联系方式: 无
----------------------------------------
项目: 大同市晋北地区高原风沙源生态保护和修复项目桦林背林场2026年人工造林
链接: https://prec.sxzwfw.gov.cn/jyxxgcgs/1070969.jhtml
目标字段: 监督部门联系方式
结果: 失败
  - 监督部门联系方式: 无
----------------------------------------
项目: 大同市晋北地区高原风沙源生态保护和修复项目桦林背林场2026年人工造林
链接: https://prec.sxzwfw.gov.cn/jyxxgcgs/1070970.jhtml
目标字段: 监督部门联系方式
结果: 失败
  - 监督部门联系方式: 无
----------------------------------------
项目: 大同市晋北地区高原风沙源生态保护和修复项目桦林背林场2026年人工造林
链接: https://prec.sxzwfw.gov.cn/jyxxgcgs/1070971.jhtml
目标字段: 监督部门联系方式
结果: 失败
  - 监督部门联系方式: 无
----------------------------------------
项目: 昔阳县第三污水处理厂工程EPC总承包
链接: https://prec.sxzwfw.gov.cn/jyxxgcgs/1070986.jhtml
目标字段: 监督部门联系方式
结果: 失败
  - 监督部门联系方式: 无
----------------------------------------
项目: 山西省中医院住院楼改造提升项目监理
链接: https://prec.sxzwfw.gov.cn/jyxxgcgs/1070990.jhtml
目标字段: 监督部门
结果: 失败
  - 监督部门: 无
----------------------------------------
项目: 应县迎宾路照明设施改造工程施工
链接: https://prec.sxzwfw.gov.cn/jyxxgchxr/1070979.jhtml
目标字段: 监督部门联系方式
结果: 失败
  - 监督部门联系方式: 无
----------------------------------------
项目: 阳高县大泉山食用菌数智科创园项目
链接: https://prec.sxzwfw.gov.cn/jyxxgchxr/1071002.jhtml
目标字段: 监督部门联系方式
结果: 失败
  - 监督部门联系方式: 无
----------------------------------------
项目: 大秦铁路股份有限公司太原电务段太原北站驼峰信号设备改造工程施工总价承包项目
链接: https://prec.sxzwfw.gov.cn/jyxxgchxr/1070943.jhtml
目标字段: 监督部门联系方式
结果: 失败
  - 监督部门联系方式: 无
----------------------------------------
项目: 阳高县罗文皂镇镇大沟水毁河道清淤工程施工
链接: https://prec.sxzwfw.gov.cn/jyxxgchxr/1070951.jhtml
目标字段: 监督部门联系方式
结果: 失败
  - 监督部门联系方式: 无
----------------------------------------
项目: 大同市晋北地区高原风沙源生态保护和修复项目桦林背林场2026年人工造林
链接: https://prec.sxzwfw.gov.cn/jyxxgcgs/1070968.jhtml
目标字段: 监督部门联系方式
结果: 失败
  - 监督部门联系方式: 无
----------------------------------------
项目: 晋中市太谷区农村安全饮水巩固提升工程勘察设计
链接: https://prec.sxzwfw.gov.cn/jyxxgcgs/1070972.jhtml
目标字段: 监督部门联系方式
结果: 失败
  - 监督部门联系方式: 无
----------------------------------------
项目: 大同市晋北地区高原风沙源生态保护和修复项目桦林背林场2026年人工造林
链接: https://prec.sxzwfw.gov.cn/jyxxgcgs/1070976.jhtml
目标字段: 监督部门联系方式
结果: 失败
  - 监督部门联系方式: 无
----------------------------------------
项目: 太原供水集团有限公司北张东路等给水管线改造工程施工
链接: https://prec.sxzwfw.gov.cn/jyxxgcgs/1070989.jhtml
目标字段: 监督部门
结果: 失败
  - 监督部门: 无
----------------------------------------
项目: 兴县经济技术开发区绿电园区210MW光伏项目（分布式光伏1万千瓦工程）施工施工
链接: https://prec.sxzwfw.gov.cn/jyxxgczb/1070893.jhtml
目标字段: 开标时间, 标书发售时间
结果: 成功
  - 开标时间: 2026年7月24日10时00分
  - 标书发售时间: 2026年7月3日17时00分至2026年7月24日10时00分
