山西省公共资源交易平台 AI补全报告
生成时间: 2026-07-02 23:30:02
使用模型: glm-4.6-thinking
============================================================

【汇总】
  处理项目数 : 48
  成功        : 29
  失败        : 19
  跳过        : 0
  字段补全数  : 126

【Token消耗】
  AI调用次数  : 47
  输入tokens  : 81,746
  输出tokens  : 16,153
  合计tokens  : 97,899

【详细记录】
----------------------------------------
项目: 马村镇马村村高标准设施蔬菜基地项目
  链接: https://prec.sxzwfw.gov.cn/jyxxgczb/1069822.jhtml
  目标字段: 招标人地址, 招标代理机构地址
  结果: 成功
  - 招标人地址: 高平市马村镇马村村集体经济组织
  - 招标代理机构地址: 无

项目: 侯马市XX训练基地建设项目（二次）
  链接: https://prec.sxzwfw.gov.cn/jyxxgczb/1062990.jhtml
  目标字段: 监督部门联系方式
  结果: 失败
  - 监督部门联系方式: 无

项目: 太原市杏花岭区宇乔400MW/800MWh独立储能调频电站项目(EPC总承包）
  链接: https://prec.sxzwfw.gov.cn/jyxxgchxr/1070147.jhtml
  目标字段: 监督部门联系方式
  结果: 失败
  - 监督部门联系方式: 无

项目: 五台山站站前综合交通枢纽及相关市政配套项目（供电工程）设计项目
  链接: https://prec.sxzwfw.gov.cn/jyxxgchxr/1069607.jhtml
  目标字段: 监督部门联系方式
  结果: 失败
  - 监督部门联系方式: 无

项目: 山西药科职业学院中药材产教融合实训基地项目-实训楼一层、二层装饰工程
  链接: https://prec.sxzwfw.gov.cn/jyxxgczb/1063053.jhtml
  目标字段: 招标代理机构, 招标代理机构地址, 招标代理机构联系人, 招标代理机构联系方式
  结果: 成功
  - 招标代理机构: 山西信绵建设项目管理有限公司
  - 招标代理机构地址: 太原市万柏林区迎泽西大街公元时代城新都汇2号楼1826室
  - 招标代理机构联系人: 郝伟伟
  - 招标代理机构联系方式: ['13015349217', '18234010544', '0351-6076185']

项目: 代县城市地下管网及设施建设改造工程-东北街片区（分区二）监理项目
  链接: https://prec.sxzwfw.gov.cn/jyxxgchxr/1069232.jhtml
  目标字段: 监督部门联系方式
  结果: 失败
  - 监督部门联系方式: 无

项目: 代县城市地下管网及设施建设改造工程-东北街片区（分区二）施工项目
  链接: https://prec.sxzwfw.gov.cn/jyxxgchxr/1069209.jhtml
  目标字段: 监督部门联系方式
  结果: 失败
  - 监督部门联系方式: 无

项目: 晋源区冶峪村城中村改造安置项目地块一1号楼、2号楼、3号楼、4号楼、办公楼、垃圾转运站、换热站、生活水泵房、门房、地下车库公区精装修工程
  链接: https://prec.sxzwfw.gov.cn/jyxxgczb/1043444.jhtml
  目标字段: 开标时间
  结果: 成功
  - 开标时间: 2026年04月14日09时30分

项目: 2025年太原市建成区集中供热管网更新工程（第一批）施工二标段
  链接: https://prec.sxzwfw.gov.cn/jyxxgczb/1062091.jhtml
  目标字段: 招标代理机构联系人
  结果: 失败（详情页/PDF/OCR均未取得文本，AI未调用）

项目: 吉县吉电200MW/400MWh独立储能电站EPC总承包
  链接: https://prec.sxzwfw.gov.cn/jyxxgchxr/1069140.jhtml
  目标字段: 监督部门联系方式
  结果: 失败
  - 监督部门联系方式: 无

项目: 大同市晋北地区高原风沙源生态保护和修复项目桦林背林场2026年人工造林(1,2,3,4,5,6,8,9,10,11,12,
  链接: https://prec.sxzwfw.gov.cn/jyxxgchxr/1069104.jhtml
  目标字段: 监督部门联系方式
  结果: 失败
  - 监督部门联系方式: 无

项目: 山西阳煤寺家庄煤业有限责任公司矿井水处理站改造工程（EPC）项目
  链接: https://prec.sxzwfw.gov.cn/jyxxgczb/1060440.jhtml
  目标字段: 监督部门联系方式
  结果: 失败
  - 监督部门联系方式: 无

项目: 广灵县增减挂钩跨省域调剂指标项目高标准农田建设（一斗泉乡等三乡镇板塔寺等三村高标准农田建设项目）
  链接: https://prec.sxzwfw.gov.cn/jyxxgcgs/1069592.jhtml
  目标字段: 监督部门联系方式
  结果: 失败
  - 监督部门联系方式: 无

项目: 高平市炎谷丰高标准设施蔬菜基地项目(002二标段)
  链接: https://prec.sxzwfw.gov.cn/jyxxgchxr/1067695.jhtml
  目标字段: 监督部门联系方式
  结果: 失败
  - 监督部门联系方式: 无

项目: 太原天然气有限公司太原市2026年住宅小区居民共有老旧庭院燃气管网及户内立管更新改造项目工程施工
  链接: https://prec.sxzwfw.gov.cn/jyxxgcgs/1069250.jhtml
  目标字段: 监督部门联系方式
  结果: 失败
  - 监督部门联系方式: 无

项目: 黄水河宁武县段河道治理工程勘察设计项目
  链接: https://prec.sxzwfw.gov.cn/jyxxgchxr/1067711.jhtml
  目标字段: 监督部门联系方式
  结果: 失败
  - 监督部门联系方式: 无

项目: 高平市燃气老化管网及设施更新改造工程（老化燃气管道更新改造EPC）
  链接: https://prec.sxzwfw.gov.cn/jyxxgczb/1060412.jhtml
  目标字段: 招标人地址, 招标代理机构地址
  结果: 成功
  - 招标人地址: 高平市住房城乡建设事务中心
  - 招标代理机构地址: 无

项目: 和顺县生活垃圾焚烧发电项目特许经营者
  链接: https://prec.sxzwfw.gov.cn/jyxxgczb/1070243.jhtml
  目标字段: 监督部门联系方式
  结果: 失败
  - 监督部门联系方式: 无

项目: 山西新景矿煤业有限责任公司保安分区15号煤开采项目PC总承包
  链接: https://prec.sxzwfw.gov.cn/jyxxgchxr/1070342.jhtml
  目标字段: 监督部门联系方式
  结果: 成功
  - 监督部门联系方式: 联系电话：0353-7039237

项目: 大秦铁路股份有限公司太原铁路工程建设指挥部太原动车组运用所增设控制集中系统（CCS）工程施工总价承包项目(1标段)中标候选人公示更正
  链接: https://prec.sxzwfw.gov.cn/jyxxgchxr/1070214.jhtml
  目标字段: 监督部门联系方式
  结果: 失败
  - 监督部门联系方式: 无

项目: 晋中市松塔水库供水（二期）工程管材及管件采购03标
  链接: https://prec.sxzwfw.gov.cn/jyxxgchxr/1070208.jhtml
  目标字段: 监督部门联系方式
  结果: 失败
  - 监督部门联系方式: 无

项目: 汾酒2030技改原酒产储能扩建项目(一期)配套工程东区出入口与武寨路衔接工程施工
  链接: https://prec.sxzwfw.gov.cn/jyxxgczb/1070436.jhtml
  目标字段: 招标人, 招标人地址, 招标人联系人, 招标人联系方式, 招标代理机构, 招标代理机构地址, 招标代理机构联系人, 招标代理机构联系方式
  结果: 成功
  - 招标人: 山西杏花村汾酒厂股份有限公司
  - 招标人地址: 山西省吕梁市汾阳市杏花村镇
  - 招标人联系人: 张先生、李先生
  - 招标人联系方式: 0358-7220340
  - 招标代理机构: 山西明实招标代理有限公司
  - 招标代理机构地址: 山西省太原市迎泽区西羊市街52号
  - 招标代理机构联系人: 穆海峰
  - 招标代理机构联系方式: 18935110691

项目: 杨家堡污水厂进水管网改造工程监理
  链接: https://prec.sxzwfw.gov.cn/jyxxgczb/1063398.jhtml
  目标字段: 招标代理机构联系人
  结果: 成功
  - 招标代理机构联系人: 赵鑫

项目: 万荣县2024年农村人居环境整治提升项目（二期）
  链接: https://prec.sxzwfw.gov.cn/jyxxgczb/1061966.jhtml
  目标字段: 开标时间, 标书发售时间, 公告内容, 招标人, 招标人地址, 招标人联系人, 招标人联系方式, 招标代理机构, 招标代理机构地址, 招标代理机构联系人, 招标代理机构联系方式
  结果: 成功
  - 开标时间: 2026 年06 月26 日09 时00 分
  - 标书发售时间: 2026 年06 月05 日 00：00 至2024 年06 月12 日00:00
  - 公告内容: 万荣县2024 年农村人居环境整治提升项目（二期）招标公告 （招标项目编号：2026GC010540） 招标项目所在地区： 万荣县 一．招标条件 本 万荣县2024 年农村人居环境整治提升项目（二期）...
  - 招标人: 万荣县农业农村局
  - 招标人地址: 万荣县北大街105 号
  - 招标人联系人: 薛先生
  - 招标人联系方式: 15934445667
  - 招标代理机构: 山西崇航工程项目管理有限公司
  - 招标代理机构地址: 运城市盐湖区红旗东街龙磐水郡小区2 栋2 单元402 室
  - 招标代理机构联系人: 穆女士
  - 招标代理机构联系方式: 0359-2126514

项目: 山西转型综改示范区阳曲产业园区侯村片区路网工程经四路（K1+74.00--K1+130.00)施工
  链接: https://prec.sxzwfw.gov.cn/jyxxgczb/1070699.jhtml
  目标字段: 招标代理机构, 招标代理机构地址, 招标代理机构联系人, 招标代理机构联系方式
  结果: 成功
  - 招标代理机构: 山西衡宇招标代理有限公司
  - 招标代理机构地址: 山西省太原市长风街113号千禧集团16层
  - 招标代理机构联系人: 赵超丰
  - 招标代理机构联系方式: 0351-4605078 15235371198

项目: 临猗县2026年老旧小区改造项目设计
  链接: https://prec.sxzwfw.gov.cn/jyxxgczb/1070694.jhtml
  目标字段: 开标时间, 标书发售时间, 公告内容, 招标人, 招标人地址, 招标人联系人, 招标人联系方式, 招标代理机构, 招标代理机构地址, 招标代理机构联系人, 招标代理机构联系方式, 监督部门, 监督部门联系方式
  结果: 成功
  - 开标时间: 2026年07月23日9时00分
  - 标书发售时间: 2026年07月03日00时00分至2026年07月10日00时00分
  - 公告内容: 临猗县2026年老旧小区改造项目设计 招标公告 （招标编号：2026GC010633） 招标项目所在地区：运城市临猗县 一、招标条件 本临猗县2026 年老旧小区改造项目设计（招标项目编号：2026G...
  - 招标人: 无
  - 招标人地址: 无
  - 招标人联系人: 无
  - 招标人联系方式: 无
  - 招标代理机构: 无
  - 招标代理机构地址: 无
  - 招标代理机构联系人: 无
  - 招标代理机构联系方式: 无
  - 监督部门: 无
  - 监督部门联系方式: 无

项目: 高平市现代农业设施蔬菜示范园项目（杜寨村）
  链接: https://prec.sxzwfw.gov.cn/jyxxgczb/1070662.jhtml
  目标字段: 标书发售时间
  结果: 成功
  - 标书发售时间: 2026-07-02 17:00:00至2026-07-07 17:00:00

项目: 盂县秀水市政桥更新重建工程施工
  链接: https://prec.sxzwfw.gov.cn/jyxxgczb/1070655.jhtml
  目标字段: 标书发售时间, 招标代理机构联系方式
  结果: 成功
  - 标书发售时间: 2026年7月2日18时至2026年7月7日18时
  - 招标代理机构联系方式: {'地址': '太原市万柏林区长兴北街1号华润大厦T4楼15层', '联系人': ['黄东', '孙远东', '王雷'], '电话': '0351-7077533、15513626020', '电子邮...

项目: 晋能控股集团有限公司潘家窑煤矿项目临时供电工程初步设计及概算、勘察、路径选址报告二次
  链接: https://prec.sxzwfw.gov.cn/jyxxgczb/1063346.jhtml
  目标字段: 监督部门
  结果: 成功
  - 监督部门: 山西省能源局

项目: 左云县曌煜200MW风电项目监理
  链接: https://prec.sxzwfw.gov.cn/jyxxgczb/1070609.jhtml
  目标字段: 标书发售时间
  结果: 成功
  - 标书发售时间: 2026年7月2日17时00分至2026年7月7日17时00分

项目: 中国工商银行大同分行营业办公用房迁建项目装修及配套工程
  链接: https://prec.sxzwfw.gov.cn/jyxxgczb/1070602.jhtml
  目标字段: 开标时间
  结果: 成功
  - 开标时间: 2026-07-15 09:30:00

项目: 闻喜县后夏线（河底-裴社）道路改造工程施工
  链接: https://prec.sxzwfw.gov.cn/jyxxgczb/1070585.jhtml
  目标字段: 开标时间, 标书发售时间, 公告内容, 招标人, 招标人地址, 招标人联系人, 招标人联系方式, 招标代理机构, 招标代理机构地址, 招标代理机构联系人, 招标代理机构联系方式, 监督部门, 监督部门联系方式
  结果: 成功
  - 开标时间: 2026 年7 月23 日9 时00 分
  - 标书发售时间: 2026 年 7 月 3 日 08 时 00 分至 2026 年 7 月 10 日 08 时 00 分
  - 公告内容: 闻喜县后夏线（河底-裴社）道路改造工程施工招标公告（项目编号：2026GC010630）招标项目所在地区：闻喜县一、招标条件本闻喜县后夏线（河底-裴社）道路改造工程施工（项目编号：2026GC0106...
  - 招标人: 闻喜县交通运输局
  - 招标人地址: 运城市闻喜县康宁北路320号
  - 招标人联系人: 张先生
  - 招标人联系方式: 13935927009
  - 招标代理机构: 山西汇建工程项目管理有限公司
  - 招标代理机构地址: 运城市铺安街989号金城大厦1605 室
  - 招标代理机构联系人: 张女士
  - 招标代理机构联系方式: 0359-6309902 18903480007
  - 监督部门: 运城市交通运输局
  - 监督部门联系方式: 0359-2050335

项目: 阳泉市桃河生态综合治理再生水净化工程EPC总承包监理
  链接: https://prec.sxzwfw.gov.cn/jyxxgczb/1070532.jhtml
  目标字段: 标书发售时间, 招标人, 招标人地址, 招标人联系人, 招标人联系方式, 招标代理机构, 招标代理机构地址, 招标代理机构联系人, 招标代理机构联系方式
  结果: 成功
  - 标书发售时间: 2026 年 7 月 2 日 15 时 00 分至 2026 年 7 月 7 日 15 时 00 分
  - 招标人: 阳泉市汇泽水务有限公司
  - 招标人地址: 山西省阳泉市经济技术开发区平安路（污水处理厂办公楼一层）
  - 招标人联系人: 郝先生
  - 招标人联系方式: 0353-5603 186
  - 招标代理机构: 山西汇华招标代理有限公司
  - 招标代理机构地址: 阳泉市城区桃北中路 28 号科技大厦 4 层
  - 招标代理机构联系人: 赵永春、刘波
  - 招标代理机构联系方式: 0353-6669092

项目: 万荣县2026年农村公路建设工程(南薛朝至百帝、乔薛至乔薛堡)
  链接: https://prec.sxzwfw.gov.cn/jyxxgczb/1070529.jhtml
  目标字段: 开标时间, 标书发售时间, 公告内容, 招标人, 招标人地址, 招标人联系人, 招标人联系方式, 招标代理机构, 招标代理机构地址, 招标代理机构联系人, 招标代理机构联系方式, 监督部门, 监督部门联系方式
  结果: 成功
  - 开标时间: 2026 年07 月24 日9 时00 分
  - 标书发售时间: 2026 年07 月03 日00 时00 分至 2026 年07 月10 日00 时00 分
  - 公告内容: 万荣县2026 年农村公路建设工程(南薛朝至百帝、乔薛至乔薛堡) 招标公告 （招标编号：2026GC010631） 招标项目所在地区：运城市万荣县 一、招标条件 本万荣县2026 年农村公路建设工程(...
  - 招标人: 万荣县交通运输局
  - 招标人地址: 万荣县城五一东街
  - 招标人联系人: 王先生
  - 招标人联系方式: 15935990567
  - 招标代理机构: 山西林辉工程项目管理有限公司
  - 招标代理机构地址: 山西省运城市卡纳溪谷西门北侧4422-12 号商铺
  - 招标代理机构联系人: 张女士
  - 招标代理机构联系方式: 0359-2568868
  - 监督部门: 运城市交通运输局
  - 监督部门联系方式: 0359-2050335

项目: 万荣县汾河旅游公路（万荣段西范至西范桥）建设工程
  链接: https://prec.sxzwfw.gov.cn/jyxxgczb/1070450.jhtml
  目标字段: 开标时间, 标书发售时间, 公告内容, 招标人, 招标人地址, 招标人联系人, 招标人联系方式, 招标代理机构, 招标代理机构地址, 招标代理机构联系人, 招标代理机构联系方式, 监督部门, 监督部门联系方式
  结果: 成功
  - 开标时间: 2026-07-23 09:00
  - 标书发售时间: 2026-07-02 10:00至2026-07-09 10:00
  - 公告内容: 万荣县汾河旅游公路(万荣段西范至西范桥)建设工程 招标公告 （招标编号：2026GC010579） 招标项目所在地区：运城市万荣县 一、招标条件 本万荣县汾河旅游公路(万荣段西范至西范桥)建设工程 （...
  - 招标人: 万荣县交通运输局
  - 招标人地址: 万荣县城五一东街
  - 招标人联系人: 王先生
  - 招标人联系方式: 15935990567
  - 招标代理机构: 山西恩正工程项目管理有限公司
  - 招标代理机构地址: 运城市条山街怡世名邸1号楼2单元1503
  - 招标代理机构联系人: 窦女士
  - 招标代理机构联系方式: 0359-8763435
  - 监督部门: 运城市交通运输局
  - 监督部门联系方式: 0359-2050335

项目: 平陆县2026年村道水毁工程
  链接: https://prec.sxzwfw.gov.cn/jyxxgczb/1062514.jhtml
  目标字段: 开标时间, 标书发售时间, 公告内容, 招标人, 招标人地址, 招标人联系人, 招标人联系方式, 招标代理机构, 招标代理机构地址, 招标代理机构联系人, 招标代理机构联系方式
  结果: 成功
  - 开标时间: 2026年06月30日09时00分
  - 标书发售时间: 2026年06月08日00时00分至2026年06月13日00时00分
  - 公告内容: 平陆县2026年村道水毁工程 招标公告 （招标项目编号：2026GC010554） 招标项目所在地区: 运城市平陆县 一、招标条件 本平陆县2026 年村道水毁工程（招标项目编号：2026GC0105...
  - 招标人: 平陆县交通运输局
  - 招标人地址: 平陆县五一街东21 号
  - 招标人联系人: 耿先生
  - 招标人联系方式: 0359-3522110
  - 招标代理机构: 山西盛世华顺工程项目管理有限公司
  - 招标代理机构地址: 山西省运城市盐湖区人民北路1950 号理想创业大厦7F1213 号
  - 招标代理机构联系人: 耿先生
  - 招标代理机构联系方式: 133 3348 1773

项目: 太原市2022年小街小巷改造工程-西峰街、禧悦路-禧悦路道路工程施工
  链接: https://prec.sxzwfw.gov.cn/jyxxgczb/1064055.jhtml
  目标字段: 标书发售时间
  结果: 成功
  - 标书发售时间: 2026年06月11日17时00分至2026年06月16日17时00分

项目: 原平市2025年农村公路灾毁改造工程（裕隆社区-武彦等6条）施工项目
  链接: https://prec.sxzwfw.gov.cn/jyxxgchxr/1070610.jhtml
  目标字段: 监督部门联系方式
  结果: 失败
  - 监督部门联系方式: 无

项目: 中共沁县县委党校培训基地改造提升工程建设项目施工
  链接: https://prec.sxzwfw.gov.cn/jyxxgczb/1063202.jhtml
  目标字段: 标书发售时间, 招标人, 招标人地址, 招标人联系人, 招标人联系方式
  结果: 成功
  - 标书发售时间: 2026 年 06 月 09 日至 2026 年 07 月 01 日
  - 招标人: 沁县机关事务中心
  - 招标人地址: 山西省长治市沁县胜利路 33 号
  - 招标人联系人: 王先生
  - 招标人联系方式: 0355-702 4589

项目: 沁水县郑庄镇南大村薄膜大棚基地建设项目
  链接: https://prec.sxzwfw.gov.cn/jyxxgczb/1063349.jhtml
  目标字段: 标书发售时间
  结果: 成功
  - 标书发售时间: 2026年6月9日18时0分至2026年6月14日18时0分

项目: “两站一场”城市更新项目——枢纽改造及智慧化建设工程设计
  链接: https://prec.sxzwfw.gov.cn/jyxxgchxr/1070492.jhtml
  目标字段: 监督部门, 监督部门联系方式
  结果: 成功
  - 监督部门: 太原市住房和城乡建设局
  - 监督部门联系方式: 0351-5625571

项目: 中北高新区上兰能源岛供热工程蓄热罐装置采购及服务
  链接: https://prec.sxzwfw.gov.cn/jyxxgczb/1059777.jhtml
  目标字段: 招标代理机构联系人
  结果: 成功
  - 招标代理机构联系人: 高攀

项目: 襄垣县朝阳新区电力工程
  链接: https://prec.sxzwfw.gov.cn/jyxxgczb/1063306.jhtml
  目标字段: 标书发售时间, 招标人, 招标人地址, 招标人联系人, 招标人联系方式, 招标代理机构, 招标代理机构地址, 招标代理机构联系人, 招标代理机构联系方式
  结果: 成功
  - 标书发售时间: 2026-06-09至2026-07-01
  - 招标人: 襄垣县市政园林服务中心
  - 招标人地址: 襄垣县城北街56号
  - 招标人联系人: 王先生
  - 招标人联系方式: 0355-7225108
  - 招标代理机构: 山西汇策工程项目管理有限公司
  - 招标代理机构地址: 山西省长治市长治高新技术产业开发区保宁门西街309号世纪城1幢13层1304号
  - 招标代理机构联系人: 韩女士
  - 招标代理机构联系方式: 0355-2077866

项目: 代县城市地下管网及设施建设改造工程-东北街片区（分区一）施工项目
  链接: https://prec.sxzwfw.gov.cn/jyxxgchxr/1068808.jhtml
  目标字段: 监督部门联系方式
  结果: 失败
  - 监督部门联系方式: 无

项目: 代县城市地下管网及设施建设改造工程-东北街片区（分区一）监理项目
  链接: https://prec.sxzwfw.gov.cn/jyxxgchxr/1068807.jhtml
  目标字段: 监督部门联系方式
  结果: 失败
  - 监督部门联系方式: 无

项目: 太原供水集团有限公司配合雨污水混接节点改造等给水管线连通工程球墨铸铁管采购(二次)
  链接: https://prec.sxzwfw.gov.cn/jyxxgczb/1062370.jhtml
  目标字段: 标书发售时间, 招标代理机构, 招标代理机构地址, 招标代理机构联系人, 招标代理机构联系方式
  结果: 成功
  - 标书发售时间: 2026年06月05日15时30分 - 2026年06月11日17时00分
  - 招标代理机构: 中招康泰项目管理有限公司
  - 招标代理机构地址: 太原市迎泽大街388号国际大厦26层
  - 招标代理机构联系人: 戎建业
  - 招标代理机构联系方式: 0351-2772681

项目: 汾河流域城区段8处入河排口整治及规范化建设项目监理二标段
  链接: https://prec.sxzwfw.gov.cn/jyxxgczb/1062394.jhtml
  目标字段: 招标代理机构联系人
  结果: 成功
  - 招标代理机构联系人: 兰亚珍

项目: 泽州县丹溪片区集中供热建设项目（EPC）总承包中标结果公告
  链接: https://prec.sxzwfw.gov.cn/jyxxgcgs/1070481.jhtml
  目标字段: 监督部门, 监督部门联系方式
  结果: 成功
  - 监督部门: 泽州县住房和城乡建设管理局
  - 监督部门联系方式: 无

