山西省公共资源交易平台 AI补全报告
生成时间: 2026-07-04 01:10:15
使用模型: glm-4.6-thinking
============================================================

【汇总】
  处理项目数 : 64
  成功        : 40
  失败        : 24
  跳过        : 0
  字段补全数  : 171

【Token消耗】
  AI调用次数  : 64
  输入tokens  : 116,297
  输出tokens  : 20,823
  合计tokens  : 137,120

【详细记录】
----------------------------------------
项目: 马村镇马村村高标准设施蔬菜基地项目
  链接: https://prec.sxzwfw.gov.cn/jyxxgczb/1069822.jhtml
  目标字段: 招标代理机构地址
  结果: 失败
  - 招标代理机构地址: 无

项目: 柳林县贾家垣乡李家焉至双则公路工程施工项目
  链接: https://prec.sxzwfw.gov.cn/jyxxgczb/1069790.jhtml
  目标字段: 标书发售时间, 监督部门联系方式
  结果: 成功
  - 标书发售时间: 2026年6月30日17时00分至2026年7月23日10时00分
  - 监督部门联系方式: {'联系方式': '0358-2255625', '联系地址': '吕梁市离石区国投财经中心C座607', '联系邮箱': '1lsjtjjgk@126.com'}

项目: 侯马市XX训练基地建设项目（二次）
  链接: https://prec.sxzwfw.gov.cn/jyxxgczb/1062990.jhtml
  目标字段: 监督部门联系方式
  结果: 失败
  - 监督部门联系方式: 无

项目: 惠科阳曲200MW风力发电项目EPC总承包（一期）
  链接: https://prec.sxzwfw.gov.cn/jyxxgczb/1063713.jhtml
  目标字段: 开标时间, 标书发售时间
  结果: 成功
  - 开标时间: 2026年7月1日09时15分
  - 标书发售时间: 2026年6月10日19时00分至2026年6月15日19时00分

项目: 太原市杏花岭区宇乔400MW/800MWh独立储能调频电站项目(EPC总承包）
  链接: https://prec.sxzwfw.gov.cn/jyxxgchxr/1070147.jhtml
  目标字段: 监督部门联系方式
  结果: 失败
  - 监督部门联系方式: 无

项目: 太原西山“骑行+”户外运动场地设施与服务保障设施建设项目施工
  链接: https://prec.sxzwfw.gov.cn/jyxxgcgs/1070917.jhtml
  目标字段: 监督部门
  结果: 失败
  - 监督部门: 无

项目: 清徐县集中供热联网扩容改造工程
  链接: https://prec.sxzwfw.gov.cn/jyxxgczb/1062945.jhtml
  目标字段: 招标代理机构联系人
  结果: 成功
  - 招标代理机构联系人: 罗丽

项目: 汾河流域城区段8处入河排口整治及规范化建设项目监理一标段
  链接: https://prec.sxzwfw.gov.cn/jyxxgczb/1062393.jhtml
  目标字段: 招标代理机构联系人
  结果: 成功
  - 招标代理机构联系人: 兰亚珍

项目: 文瀛湖片区—文瀛漫道项目设计
  链接: https://prec.sxzwfw.gov.cn/jyxxgczb/1062422.jhtml
  目标字段: 标书发售时间, 招标代理机构联系人
  结果: 成功
  - 标书发售时间: 2026年06月05日16时30分 - 2026年06月11日16时30分
  - 招标代理机构联系人: 薛乘风

项目: 山西省中医院住院楼改造提升项目监理
  链接: https://prec.sxzwfw.gov.cn/jyxxgczb/1062513.jhtml
  目标字段: 标书发售时间
  结果: 成功
  - 标书发售时间: 2026年06月05日18时00分-2026年06月11日18时00分

项目: 五台山站站前综合交通枢纽及相关市政配套项目（供电工程）设计项目
  链接: https://prec.sxzwfw.gov.cn/jyxxgchxr/1069607.jhtml
  目标字段: 监督部门联系方式
  结果: 失败
  - 监督部门联系方式: 无

项目: 朔城区2026年中央财政“三北”工程巩固防沙治沙成果项目（2021年营造林10687亩）项目
  链接: https://prec.sxzwfw.gov.cn/jyxxgcgs/1071027.jhtml
  目标字段: 监督部门联系方式
  结果: 失败
  - 监督部门联系方式: 无

项目: 新绛县2026年农村公路建设工程
  链接: https://prec.sxzwfw.gov.cn/jyxxgczb/1061413.jhtml
  目标字段: 开标时间, 标书发售时间, 公告内容, 招标人, 招标人地址, 招标人联系人, 招标人联系方式, 招标代理机构, 招标代理机构地址, 招标代理机构联系人, 招标代理机构联系方式
  结果: 成功
  - 开标时间: 2026 年6 月26 日09 时00 分
  - 标书发售时间: 2026 年6 月3 日09 时00 分至2026 年6 月10 日09 时00 分
  - 公告内容: 新绛县2026 年农村公路建设工程招标公告（招标编号：2026GC010539）招标项目所在地区：运城市新绛县一、招标条件本新绛县2026 年农村公路建设工程（招标项目编号：2026GC010539）...
  - 招标人: 新绛县交通运输局
  - 招标人地址: 新绛县新城区学府北路1 号
  - 招标人联系人: 段先生
  - 招标人联系方式: 13935976178
  - 招标代理机构: 山西君和工程项目管理有限公司
  - 招标代理机构地址: 运城市盐湖区红旗东街康乐苑临街办公楼3 单元301 室
  - 招标代理机构联系人: 韩先生
  - 招标代理机构联系方式: 0359-2580688、15535990178

项目: 高平市南城办事处张庄村至七佛山道路提升工程
  链接: https://prec.sxzwfw.gov.cn/jyxxgczb/1062105.jhtml
  目标字段: 招标代理机构联系人
  结果: 成功
  - 招标代理机构联系人: 徐皓南

项目: 代县城市地下管网及设施建设改造工程-东北街片区（分区二）监理项目
  链接: https://prec.sxzwfw.gov.cn/jyxxgchxr/1069232.jhtml
  目标字段: 监督部门联系方式
  结果: 失败
  - 监督部门联系方式: 无

项目: 长治高新区规划路、纬五路旧路改造工程施工项目
  链接: https://prec.sxzwfw.gov.cn/jyxxgczb/1062445.jhtml
  目标字段: 标书发售时间, 招标代理机构, 招标代理机构地址, 招标代理机构联系人, 招标代理机构联系方式, 监督部门
  结果: 成功
  - 标书发售时间: 2026年06月05日至2026年06月26日
  - 招标代理机构: 山西珩盈工程项目管理有限公司
  - 招标代理机构地址: 长治市捉马西大街123号沁芳有福生活广场1018室
  - 招标代理机构联系人: 任先生
  - 招标代理机构联系方式: 0 355-3555231
  - 监督部门: 长治高新技术产业开发区建设管理部

项目: 代县城市地下管网及设施建设改造工程-东北街片区（分区二）施工项目
  链接: https://prec.sxzwfw.gov.cn/jyxxgchxr/1069209.jhtml
  目标字段: 监督部门联系方式
  结果: 失败
  - 监督部门联系方式: 无

项目: 太原供水集团有限公司北张东路等给水管线改造工程施工
  链接: https://prec.sxzwfw.gov.cn/jyxxgczb/1053875.jhtml
  目标字段: 开标时间, 招标代理机构联系人
  结果: 成功
  - 开标时间: 2026年05月26日09时30分
  - 招标代理机构联系人: 石亚琼

项目: 2025年太原市建成区集中供热管网更新工程（第一批）施工二标段
  链接: https://prec.sxzwfw.gov.cn/jyxxgczb/1062091.jhtml
  目标字段: 招标代理机构联系人
  结果: 成功
  - 招标代理机构联系人: 孙远东

项目: 吉县吉电200MW/400MWh独立储能电站EPC总承包
  链接: https://prec.sxzwfw.gov.cn/jyxxgcgs/1070781.jhtml
  目标字段: 监督部门联系方式
  结果: 失败
  - 监督部门联系方式: 无

项目: 五台山风景名胜区石咀热源厂及管网配套工程项目泵类设备（暂估价）采购
  链接: https://prec.sxzwfw.gov.cn/jyxxgczb/1062440.jhtml
  目标字段: 标书发售时间
  结果: 成功
  - 标书发售时间: 2026年6月5日17时00分至2026年6月10日17时00分

项目: 大同市晋北地区高原风沙源生态保护和修复项目桦林背林场2026年人工造林(1,2,3,4,5,6,8,9,10,11,12,
  链接: https://prec.sxzwfw.gov.cn/jyxxgczb/1069176.jhtml
  目标字段: 监督部门联系方式
  结果: 失败
  - 监督部门联系方式: 无

项目: 山西阳煤寺家庄煤业有限责任公司矿井水处理站改造工程（EPC）项目
  链接: https://prec.sxzwfw.gov.cn/jyxxgczb/1060440.jhtml
  目标字段: 监督部门联系方式
  结果: 失败
  - 监督部门联系方式: 无

项目: 广灵县增减挂钩跨省域调剂指标项目高标准农田建设（一斗泉乡等三乡镇板塔寺等三村高标准农田建设项目）
  链接: https://prec.sxzwfw.gov.cn/jyxxgcgs/1069592.jhtml
  目标字段: 监督部门联系方式
  结果: 成功
  - 监督部门联系方式: {'监督部门': '大同市规划和自然资源局'}

项目: 高平市炎谷丰高标准设施蔬菜基地项目(002二标段)
  链接: https://prec.sxzwfw.gov.cn/jyxxgchxr/1067695.jhtml
  目标字段: 监督部门联系方式
  结果: 失败
  - 监督部门联系方式: 无

项目: 太原天然气有限公司太原市2026年住宅小区居民共有老旧庭院燃气管网及户内立管更新改造项目工程施工
  链接: https://prec.sxzwfw.gov.cn/jyxxgcgs/1069250.jhtml
  目标字段: 监督部门联系方式
  结果: 失败
  - 监督部门联系方式: 无

项目: 黄水河宁武县段河道治理工程勘察设计项目
  链接: https://prec.sxzwfw.gov.cn/jyxxgchxr/1067711.jhtml
  目标字段: 监督部门联系方式
  结果: 失败
  - 监督部门联系方式: 无

项目: 高平市燃气老化管网及设施更新改造工程（老化燃气管道更新改造EPC）
  链接: https://prec.sxzwfw.gov.cn/jyxxgczb/1060412.jhtml
  目标字段: 招标代理机构地址
  结果: 失败
  - 招标代理机构地址: 无

项目: 和顺县生活垃圾焚烧发电项目特许经营者
  链接: https://prec.sxzwfw.gov.cn/jyxxgczb/1070243.jhtml
  目标字段: 监督部门联系方式
  结果: 失败
  - 监督部门联系方式: 无

项目: 大秦铁路股份有限公司太原铁路工程建设指挥部太原动车组运用所增设控制集中系统（CCS）工程施工总价承包项目(1标段)中标候选人公示更正
  链接: https://prec.sxzwfw.gov.cn/jyxxgchxr/1070214.jhtml
  目标字段: 监督部门联系方式
  结果: 失败
  - 监督部门联系方式: 无

项目: 晋中市松塔水库供水（二期）工程管材及管件采购03标
  链接: https://prec.sxzwfw.gov.cn/jyxxgchxr/1070208.jhtml
  目标字段: 监督部门联系方式
  结果: 失败
  - 监督部门联系方式: 无

项目: 临猗县2026年老旧小区改造项目设计
  链接: https://prec.sxzwfw.gov.cn/jyxxgczb/1070694.jhtml
  目标字段: 招标人, 招标人地址, 招标人联系人, 招标人联系方式, 招标代理机构, 招标代理机构地址, 招标代理机构联系人, 招标代理机构联系方式, 监督部门, 监督部门联系方式
  结果: 成功
  - 招标人: 临猗县住房保障和房地产服务中心
  - 招标人地址: 临猗县双塔南路1190 号
  - 招标人联系人: 毛先生
  - 招标人联系方式: 13935914004
  - 招标代理机构: 山西崇航工程项目管理有限公司
  - 招标代理机构地址: 运城市盐湖区红旗东街龙磐水郡小区2 栋2 单元402 室
  - 招标代理机构联系人: 穆女士
  - 招标代理机构联系方式: 0359-2126514
  - 监督部门: 临猗县住房和城乡建设管理局
  - 监督部门联系方式: 0359-4023413/13503591613

项目: 原平市2025年农村公路灾毁改造工程（裕隆社区-武彦等6条）施工项目
  链接: https://prec.sxzwfw.gov.cn/jyxxgchxr/1070610.jhtml
  目标字段: 监督部门联系方式
  结果: 失败
  - 监督部门联系方式: 无

项目: 代县城市地下管网及设施建设改造工程-东北街片区（分区一）施工项目
  链接: https://prec.sxzwfw.gov.cn/jyxxgchxr/1068808.jhtml
  目标字段: 监督部门联系方式
  结果: 失败
  - 监督部门联系方式: 无

项目: 代县城市地下管网及设施建设改造工程-东北街片区（分区一）监理项目
  链接: https://prec.sxzwfw.gov.cn/jyxxgchxr/1068807.jhtml
  目标字段: 监督部门联系方式
  结果: 失败
  - 监督部门联系方式: 无

项目: 泽州县丹溪片区集中供热建设项目（EPC）总承包中标结果公告
  链接: https://prec.sxzwfw.gov.cn/jyxxgcgs/1070481.jhtml
  目标字段: 监督部门联系方式
  结果: 失败
  - 监督部门联系方式: 无

项目: 高平市原村乡冯村村集中供热二网项目
  链接: https://prec.sxzwfw.gov.cn/jyxxgczb/1071190.jhtml
  目标字段: 开标时间, 监督部门联系方式
  结果: 成功
  - 开标时间: 2026年7月24日10：00
  - 监督部门联系方式: 无

项目: 永和县城乡供水一体化(二期)工程
  链接: https://prec.sxzwfw.gov.cn/jyxxgczb/1071181.jhtml
  目标字段: 标书发售时间
  结果: 成功
  - 标书发售时间: 2026年07月06日 00时00分至2026年07月10日 23时59分

项目: 盐湖区公共实训基地建设项目监理
  链接: https://prec.sxzwfw.gov.cn/jyxxgczb/1071137.jhtml
  目标字段: 开标时间, 标书发售时间, 公告内容, 招标人, 招标人地址, 招标人联系人, 招标人联系方式, 招标代理机构, 招标代理机构地址, 招标代理机构联系人, 招标代理机构联系方式, 监督部门, 监督部门联系方式
  结果: 成功
  - 开标时间: 2026 年7 月29 日9 时00 分
  - 标书发售时间: 2026 年7 月6 日 00 时 00 分至2026 年7 月11 日 00 时 00 分
  - 公告内容: 盐湖区公共实训基地建设项目监理招标公告（招标编号：2026GC010649） 招标项目所在地区：盐湖高新技术产业开发区 一、招标条件 本盐湖区公共实训基地建设项目监理（招标项目编号：2026GC010...
  - 招标人: 运城市盐湖区人力资源和社会保障局
  - 招标人地址: 运城市解放北路369号
  - 招标人联系人: 杨女士
  - 招标人联系方式: 0359-2023905
  - 招标代理机构: 山西耀龙国际工程项目管理有限责任公司
  - 招标代理机构地址: 运城市盐湖区红旗东街盐湖城小区40 号楼6 号商铺
  - 招标代理机构联系人: 燕先生
  - 招标代理机构联系方式: 17536363646
  - 监督部门: 运城市盐湖区住房和城乡建设局
  - 监督部门联系方式: 0359-2360628

项目: 文水县学校消防审验专项整治改造工程监理项目
  链接: https://prec.sxzwfw.gov.cn/jyxxgczb/1071051.jhtml
  目标字段: 标书发售时间, 招标人, 招标人地址, 招标人联系人, 招标人联系方式, 招标代理机构, 招标代理机构地址, 招标代理机构联系人, 招标代理机构联系方式
  结果: 成功
  - 标书发售时间: 2026年7月6日 18时00分至2026年7月28日 10时00分
  - 招标人: 文水县教育体育局
  - 招标人地址: 吕梁市文水县御庭华府西北侧
  - 招标人联系人: 王先生
  - 招标人联系方式: 13453862211
  - 招标代理机构: 山西省国际招标有限公司
  - 招标代理机构地址: 太原市长兴南街8号阳光城环球金融中心B座9层
  - 招标代理机构联系人: 杨先生
  - 招标代理机构联系方式: 15035182125

项目: 侯马市垃圾焚烧发电项目特许经营者招标
  链接: https://prec.sxzwfw.gov.cn/jyxxgczb/1071012.jhtml
  目标字段: 开标时间, 标书发售时间
  结果: 成功
  - 开标时间: 2026年7月28日9时00分
  - 标书发售时间: 2026年7月4日00时00分至2026年7月10日23时59分

项目: 中阳县南川河城区段生态综合治理和雨污管网更新改造项目监理
  链接: https://prec.sxzwfw.gov.cn/jyxxgczb/1071008.jhtml
  目标字段: 标书发售时间, 招标人, 招标人地址, 招标人联系人, 招标人联系方式, 招标代理机构, 招标代理机构地址, 招标代理机构联系人, 招标代理机构联系方式
  结果: 成功
  - 标书发售时间: 2026 年 07 月 03 日 18:00 至 2026 年 7 月 24 日 10:00
  - 招标人: 中阳县住房和城乡建设管理局
  - 招标人地址: 中阳县宁乡镇办公楼三层
  - 招标人联系人: 赵玉明
  - 招标人联系方式: 13835805184
  - 招标代理机构: 山西宏佳商务信息咨询有限公司
  - 招标代理机构地址: 山西省太原市万柏林区西铭乡佳和苑小区5号楼1单元1005
  - 招标代理机构联系人: 杨晋鹏、高云峰
  - 招标代理机构联系方式: 18735161575、15535836333

项目: 长治市上党区2026年“美丽蓝天”煤改电项目施工
  链接: https://prec.sxzwfw.gov.cn/jyxxgczb/1070997.jhtml
  目标字段: 招标人, 招标人地址, 招标人联系人, 招标人联系方式, 招标代理机构, 招标代理机构地址, 招标代理机构联系人, 招标代理机构联系方式
  结果: 成功
  - 招标人: 长治市上党区城投供热有限公司
  - 招标人地址: 山西省长治市上党区韩店街道
  - 招标人联系人: 侯先生
  - 招标人联系方式: 0355-8081180
  - 招标代理机构: 山西三木工程项目管理有限公司
  - 招标代理机构地址: 长治市英雄中路383号
  - 招标代理机构联系人: 李女士
  - 招标代理机构联系方式: 0355-2031510

项目: 孝河幸福河湖建设工程监理项目
  链接: https://prec.sxzwfw.gov.cn/jyxxgczb/1070948.jhtml
  目标字段: 标书发售时间, 招标人, 招标人地址, 招标人联系人, 招标人联系方式, 招标代理机构, 招标代理机构地址, 招标代理机构联系人, 招标代理机构联系方式
  结果: 成功
  - 标书发售时间: 2026年7月3日17时00分至2026年7月24日10时00分
  - 招标人: 孝义市水利局
  - 招标人地址: 山西省孝义市迎宾路三农大楼七层
  - 招标人联系人: 陈先生
  - 招标人联系方式: 0358-7830624
  - 招标代理机构: 山西中和康泰建设项目管理有限公司
  - 招标代理机构地址: 山西省吕梁孝义市振兴街（德泽苑5号楼2单元3层）
  - 招标代理机构联系人: 张女士
  - 招标代理机构联系方式: 0358-7830988

项目: 兴县经济技术开发区绿电园区210MW光伏项目（分布式光伏1万千瓦工程）施工施工
  链接: https://prec.sxzwfw.gov.cn/jyxxgczb/1070893.jhtml
  目标字段: 开标时间, 标书发售时间
  结果: 成功
  - 开标时间: 2026年7月24日10时00分
  - 标书发售时间: 2026年7月3日17时00分至2026年7月24日10时00分

项目: 长治市第二中学校（滨湖校区）建设项目初步设计
  链接: https://prec.sxzwfw.gov.cn/jyxxgczb/1070858.jhtml
  目标字段: 标书发售时间, 招标人, 招标人地址, 招标人联系人, 招标人联系方式, 招标代理机构, 招标代理机构地址, 招标代理机构联系人, 招标代理机构联系方式
  结果: 成功
  - 标书发售时间: 2026年07月03日至2026年07月27日
  - 招标人: 长治市第二中学校
  - 招标人地址: 长治市府上街25号
  - 招标人联系人: 张先生
  - 招标人联系方式: 0355-2047000
  - 招标代理机构: 中鑫奕博（山西）咨询有限公司
  - 招标代理机构地址: 山西省长治市保宁门西街309号世纪城第1座1208室
  - 招标代理机构联系人: 宋先生
  - 招标代理机构联系方式: 16635593548

项目: 万孟公路赵家庄-陈家湾段路面改造工程施工项目
  链接: https://prec.sxzwfw.gov.cn/jyxxgczb/1070830.jhtml
  目标字段: 开标时间, 标书发售时间
  结果: 成功
  - 开标时间: 2026年7月24日10:00
  - 标书发售时间: 2026年7月3日17:00至2026年7月24日10:00

项目: 上党革命老区散煤清零（长治市平顺县）工程项目（一期）锅炉附属设施设备(第七标段、第八标段、第九标段)招标
  链接: https://prec.sxzwfw.gov.cn/jyxxgczb/1065109.jhtml
  目标字段: 标书发售时间
  结果: 失败（详情页/PDF/OCR均未取得文本，AI未调用）

项目: 山西潞安矿业集团慈林山煤业有限公司李村煤矿生活污水处理站扩容改造工程（EPC）项目
  链接: https://prec.sxzwfw.gov.cn/jyxxgczb/1067195.jhtml
  目标字段: 开标时间, 标书发售时间, 招标代理机构, 招标代理机构地址, 招标代理机构联系人, 招标代理机构联系方式
  结果: 成功
  - 开标时间: 2026年7月24日09时30分
  - 标书发售时间: 2026年6月23日 至 2026年7月24日
  - 招标代理机构: 山西潞安招标有限公司
  - 招标代理机构地址: 山西省长治市襄垣县侯堡镇山西潞安招标有限公司
  - 招标代理机构联系人: 王先生
  - 招标代理机构联系方式: 0355-5998600转315

项目: 襄垣县农村生活污水治理项目（第一标段）施工重新二次
  链接: https://prec.sxzwfw.gov.cn/jyxxgczb/1063957.jhtml
  目标字段: 标书发售时间
  结果: 成功
  - 标书发售时间: 2026年06月11日至2026年07月02日

项目: 长治市上党区工人文化宫改造项目设计施工总承包
  链接: https://prec.sxzwfw.gov.cn/jyxxgczb/1060833.jhtml
  目标字段: 开标时间, 标书发售时间
  结果: 成功
  - 开标时间: 2026年7月2日9时30分
  - 标书发售时间: 2026年6月1日-2026年7月2日

项目: 阳高县罗文皂镇镇大沟水毁河道清淤工程施工
  链接: https://prec.sxzwfw.gov.cn/jyxxgchxr/1070951.jhtml
  目标字段: 监督部门联系方式
  结果: 失败（详情页/PDF/OCR均未取得文本，AI未调用）

项目: 柿庄镇输配站基础设施提升改造项目
  链接: https://prec.sxzwfw.gov.cn/jyxxgczb/1064015.jhtml
  目标字段: 标书发售时间, 招标人地址
  结果: 成功
  - 标书发售时间: 2026年6月11日21时00分至2026年6月16日21时00分
  - 招标人地址: 山西省晋城市城区钟家庄街道文博路505号凤鸣综合楼5楼

项目: 长治市屯留区供水管网改造项目全过程工程咨询服务
  链接: https://prec.sxzwfw.gov.cn/jyxxgczb/1062325.jhtml
  目标字段: 标书发售时间, 招标人, 招标人地址, 招标人联系人, 招标人联系方式, 招标代理机构, 招标代理机构地址, 招标代理机构联系人, 招标代理机构联系方式
  结果: 成功
  - 标书发售时间: 2026年6月5日至2026年6月29日
  - 招标人: 长治市屯留区城市供水有限公司
  - 招标人地址: 山西省长治市屯留区麟绛街道麟绛西大街001号
  - 招标人联系人: 王军
  - 招标人联系方式: 15534685808
  - 招标代理机构: 山西鸿源达项目管理有限公司
  - 招标代理机构地址: 长治市潞州区东环路北段2-9号百厚大厦7层729号
  - 招标代理机构联系人: 裴凯楠
  - 招标代理机构联系方式: 18535558580

项目: 太忻一体化经济区(太原区)大盂至合成生物园区高压输气管线工程项目勘察、设计
  链接: https://prec.sxzwfw.gov.cn/jyxxgczb/1062844.jhtml
  目标字段: 标书发售时间, 招标人, 招标人地址, 招标人联系人, 招标人联系方式
  结果: 成功
  - 标书发售时间: 2026年6月8日16时00分至2026年6月15日16时00分
  - 招标人: 山西新安信工能源科技有限公司
  - 招标人地址: 山西转型综合改革示范区阳曲产业园五龙口街170号昌达创智中心7层711-B
  - 招标人联系人: 孙女士
  - 招标人联系方式: 13934148559

项目: 万柏林区老旧供水管网改造工程（一期）大虎沟社区标段
  链接: https://prec.sxzwfw.gov.cn/jyxxgczb/1055753.jhtml
  目标字段: 开标时间, 标书发售时间, 招标代理机构联系人
  结果: 成功
  - 开标时间: 2026年06月02日09时30分
  - 标书发售时间: 2026年05月18日15时30分 2026年05月25日15时30分
  - 招标代理机构联系人: 潘晓辉

项目: “八河”照明设施应急养护工程
  链接: https://prec.sxzwfw.gov.cn/jyxxgczb/1042499.jhtml
  目标字段: 开标时间, 标书发售时间, 招标代理机构联系人
  结果: 成功
  - 开标时间: 2026年04月08日09时30分
  - 标书发售时间: 2026年03月27日18时00分-2026年04月01日18时00分
  - 招标代理机构联系人: 宣志峰

项目: 万柏林区老旧供水管网改造工程（一期）监理
  链接: https://prec.sxzwfw.gov.cn/jyxxgczb/1062485.jhtml
  目标字段: 标书发售时间, 招标代理机构联系人
  结果: 成功
  - 标书发售时间: 2026年06月05日17时30分, 2026年06月11日17时30分
  - 招标代理机构联系人: 潘晓辉

项目: 文水县崇文九年一贯制学校建设项目（一标段）施工
  链接: https://prec.sxzwfw.gov.cn/jyxxgczb/1063940.jhtml
  目标字段: 标书发售时间, 招标代理机构, 招标代理机构地址, 招标代理机构联系人, 招标代理机构联系方式
  结果: 成功
  - 标书发售时间: 2026年6月11日17时00分至2026年7月2日10时00分
  - 招标代理机构: 山西轩承工程项目管理有限责任公司
  - 招标代理机构地址: 山西省太原市万柏林区迎泽西大街381号迎泽世纪城2幢C座16层1607、1608号房
  - 招标代理机构联系人: 张女士
  - 招标代理机构联系方式: 1330358 2290

项目: 运城市南风广场基础设施维修改造项目
  链接: https://prec.sxzwfw.gov.cn/jyxxgczb/1062805.jhtml
  目标字段: 开标时间, 标书发售时间, 公告内容, 招标人, 招标人地址, 招标人联系人, 招标人联系方式, 招标代理机构, 招标代理机构地址, 招标代理机构联系人, 招标代理机构联系方式, 监督部门联系方式
  结果: 成功
  - 开标时间: 2026 年7 月2 日09 时00 分
  - 标书发售时间: 2026 年6 月8 日15 时00 分至2026 年6 月13 日15 时00 分
  - 公告内容: 运城市南风广场基础设施维修改造项目 招标公告 （招标编号：2026GC010555） 招标项目所在地区：运城市 一、招标条件 本运城市南风广场基础设施维修改造项目（招标项目编号：2026GC01055...
  - 招标人: 运城市城市管理局
  - 招标人地址: 山西省运城市铺安街金城大厦
  - 招标人联系人: 吴先生
  - 招标人联系方式: 03592613813
  - 招标代理机构: 山西衡泰鑫工程项目管理有限公司
  - 招标代理机构地址: 山西省太原市万柏林区长风西街16 号万国城MOMA19 幢2 层0202
  - 招标代理机构联系人: 裴先生
  - 招标代理机构联系方式: 19935946876
  - 监督部门联系方式: 无

项目: “八河”道路及泵站设施应急养护工程(二次)
  链接: https://prec.sxzwfw.gov.cn/jyxxgczb/1043129.jhtml
  目标字段: 开标时间, 标书发售时间
  结果: 成功
  - 开标时间: 2026年04月15日09时30分
  - 标书发售时间: 2026年03月31日16时30分-2026年04月06日17时00分

项目: 太原供水集团有限公司北张东路等给水管线改造工程钢管采购
  链接: https://prec.sxzwfw.gov.cn/jyxxgczb/1064097.jhtml
  目标字段: 招标代理机构联系人
  结果: 成功
  - 招标代理机构联系人: 石亚琼

项目: 五台山风景名胜区石咀热源厂及管网配套工程项目风机设备（暂估价）采购
  链接: https://prec.sxzwfw.gov.cn/jyxxgczb/1062439.jhtml
  目标字段: 标书发售时间
  结果: 成功
  - 标书发售时间: 2026年6月5日17时00分至2026年6月10日17时00分

项目: 长治市屯留区“新基建”智慧充电网项目一期工程施工
  链接: https://prec.sxzwfw.gov.cn/jyxxgczb/1062387.jhtml
  目标字段: 开标时间, 标书发售时间, 公告内容, 招标人, 招标人地址, 招标人联系人, 招标人联系方式, 招标代理机构, 招标代理机构地址, 招标代理机构联系人, 招标代理机构联系方式
  结果: 成功
  - 开标时间: 2026-06-26 09:30
  - 标书发售时间: 2026-06-05 至 2026-06-26
  - 公告内容: 长治市屯留区“新基建”智慧充电网项目一期工程施工招标公告（招标编号：QS140424202606040001）长治市屯留区行政审批服务管理局已批准建设，项目资金来源为银行贷款80%、企业自筹，招标人为...
  - 招标人: 长治市屯留区三三特来电新能源有限公司
  - 招标人地址: 山西省长治市屯留区康庄工业园创新街12号办公楼6层6019室
  - 招标人联系人: 张亚鹏
  - 招标人联系方式: 15035505386
  - 招标代理机构: 山西鸿源达项目管理有限公司
  - 招标代理机构地址: 长治市潞州区东环路北段29号百厚大厦7层729号
  - 招标代理机构联系人: 裴凯楠
  - 招标代理机构联系方式: 18535558580

