山西省公共资源交易平台 AI补全报告
生成时间: 2026-07-07 00:55:07
使用模型: glm-4.6-thinking
============================================================

【汇总】
  处理项目数 : 81
  成功        : 45
  失败        : 36
  跳过        : 0
  字段补全数  : 251

【Token消耗】
  AI调用次数  : 80
  输入tokens  : 122,499
  输出tokens  : 34,633
  合计tokens  : 157,132

【详细记录】
----------------------------------------
项目: 马村镇马村村高标准设施蔬菜基地项目
  链接: https://prec.sxzwfw.gov.cn/jyxxgczb/1069822.jhtml
  目标字段: 招标代理机构地址
  结果: 失败
  - 招标代理机构地址: 无

项目: 万荣县2026年农村公路建设工程(大谢至吴村、徐家崖进村路、仓里通村路)
  链接: https://prec.sxzwfw.gov.cn/jyxxgczb/1069593.jhtml
  目标字段: 开标时间, 标书发售时间, 公告内容, 招标人, 招标人地址, 招标人联系人, 招标人联系方式, 招标代理机构, 招标代理机构地址, 招标代理机构联系人, 招标代理机构联系方式, 监督部门, 监督部门联系方式
  结果: 成功
  - 开标时间: 2026 年7 月22 日9 时00 分
  - 标书发售时间: 2026 年7 月1 日00:00:00 至2026 年7 月8 日00:00:00
  - 公告内容: 万荣县2026 年农村公路建设工程(大谢至吴村、徐家崖进村路、仓里通村路)招标公告（项目编号：2026GC010625） 招标项目所在地区：运城市万荣县 一、招标条件 本万荣县2026 年农村公路建设...
  - 招标人: 万荣县交通运输局
  - 招标人地址: 万荣县解店镇汇源街
  - 招标人联系人: 王先生
  - 招标人联系方式: 15935990567
  - 招标代理机构: 山西森鹏项目管理有限公司
  - 招标代理机构地址: 运城市盐湖区恒大绿洲5 号楼3 单元601 室
  - 招标代理机构联系人: 张女士
  - 招标代理机构联系方式: 19135825352
  - 监督部门: 运城市交通运输局
  - 监督部门联系方式: 0359-2050335

项目: 太原轨道交通集团2026年信息化一期及听景APP维保服务项目(二次)
  链接: https://prec.sxzwfw.gov.cn/jyxxgczb/1062946.jhtml
  目标字段: 标书发售时间, 招标代理机构, 招标代理机构地址, 招标代理机构联系人, 招标代理机构联系方式
  结果: 成功
  - 标书发售时间: 2026年06月08日17时00分 - 2026年06月15日17时00分
  - 招标代理机构: 山西众恒工程招标代理有限公司
  - 招标代理机构地址: 太原市迎泽区并州北路35号金港大厦C座东厅601
  - 招标代理机构联系人: 花艳春
  - 招标代理机构联系方式: 0351-3195088、15635151113

项目: 太原市杏花岭区宇乔400MW/800MWh独立储能调频电站项目(EPC总承包）
  链接: https://prec.sxzwfw.gov.cn/jyxxgcgs/1071357.jhtml
  目标字段: 监督部门联系方式
  结果: 失败
  - 监督部门联系方式: 无

项目: 太原西山“骑行+”户外运动场地设施与服务保障设施建设项目施工
  链接: https://prec.sxzwfw.gov.cn/jyxxgcgs/1070917.jhtml
  目标字段: 监督部门
  结果: 失败
  - 监督部门: 无

项目: 清徐县集中供热联网扩容改造工程监理
  链接: https://prec.sxzwfw.gov.cn/jyxxgczb/1062945.jhtml
  目标字段: 招标代理机构联系人
  结果: 成功
  - 招标代理机构联系人: 罗丽

项目: 2025年长治市潞州区雨污分流管网改造项目监理
  链接: https://prec.sxzwfw.gov.cn/jyxxgczb/1063189.jhtml
  目标字段: 标书发售时间, 招标人, 招标人地址, 招标人联系人, 招标人联系方式, 招标代理机构, 招标代理机构地址, 招标代理机构联系人, 招标代理机构联系方式
  结果: 成功
  - 标书发售时间: 2026年6月9日 至 2026年6月30日
  - 招标人: 长治市潞州区住房和城乡建设局
  - 招标人地址: 长治市北外环关杜庄村
  - 招标人联系人: 郝先生
  - 招标人联系方式: 0355-2231454
  - 招标代理机构: 山西卓智建设项目管理有限公司
  - 招标代理机构地址: 山西省长治市长治高新技术产业开发区城西北路7080城1号楼4号商铺
  - 招标代理机构联系人: 张先生
  - 招标代理机构联系方式: 0355-6955666

项目: 山西蓝焰煤层气集团有限责任公司2026年和顺横岭区块煤层气勘查开发项目煤层气井钻井工程二次重新招标
  链接: https://prec.sxzwfw.gov.cn/jyxxgczb/1063443.jhtml
  目标字段: 招标人地址, 招标人联系人, 招标人联系方式
  结果: 成功
  - 招标人地址: 太原市长治路345号东楼23层
  - 招标人联系人: 李晓辉、张朝、闫潇腾
  - 招标人联系方式: 0351-2453225、2221733、2221755

项目: 山西省阳泉市太行山（山西段东南部）生态保护修复与水土流失综合治理项目（2026年平定县建设任务）施工二次第二十二标段
  链接: https://prec.sxzwfw.gov.cn/jyxxgcgs/1071411.jhtml
  目标字段: 监督部门
  结果: 成功
  - 监督部门: 阳泉市规划和自然资源局

项目: 应县2026年大石线-新堡东等4条农村道路改造工程项目
  链接: https://prec.sxzwfw.gov.cn/jyxxgcgs/1071501.jhtml
  目标字段: 监督部门联系方式
  结果: 成功
  - 监督部门联系方式: 朔州市交通运输局

项目: 华信振阳高新区200MW/400MWh独立储能项目EPC总承包
  链接: https://prec.sxzwfw.gov.cn/jyxxgcgs/1071264.jhtml
  目标字段: 监督部门
  结果: 失败
  - 监督部门: 无

项目: 原平市2025年农村公路灾毁改造工程（裕隆社区-武彦等6条）监理项目
  链接: https://prec.sxzwfw.gov.cn/jyxxgchxr/1069689.jhtml
  目标字段: 监督部门联系方式
  结果: 失败
  - 监督部门联系方式: 无

项目: 长治市天晚集路等27条路雨污分流改造工程（第一标段）施工项目
  链接: https://prec.sxzwfw.gov.cn/jyxxgczb/1060367.jhtml
  目标字段: 标书发售时间
  结果: 成功
  - 标书发售时间: 2026年05月29日至2026年06月22日

项目: 五台山站站前综合交通枢纽及相关市政配套项目（供电工程）设计项目
  链接: https://prec.sxzwfw.gov.cn/jyxxgchxr/1069607.jhtml
  目标字段: 监督部门联系方式
  结果: 失败
  - 监督部门联系方式: 无

项目: 朔城区2026年中央财政“三北”工程巩固防沙治沙成果项目（2021年营造林10687亩）项目
  链接: https://prec.sxzwfw.gov.cn/jyxxgcgs/1071027.jhtml
  目标字段: 监督部门联系方式
  结果: 失败
  - 监督部门联系方式: 无

项目: 代县城市地下管网及设施建设改造工程-东北街片区（分区二）施工项目
  链接: https://prec.sxzwfw.gov.cn/jyxxgchxr/1069209.jhtml
  目标字段: 监督部门联系方式
  结果: 失败
  - 监督部门联系方式: 无

项目: 吉县吉电200MW/400MWh独立储能电站EPC总承包
  链接: https://prec.sxzwfw.gov.cn/jyxxgcgs/1070781.jhtml
  目标字段: 监督部门联系方式
  结果: 失败
  - 监督部门联系方式: 无

项目: 大同市晋北地区高原风沙源生态保护和修复项目桦林背林场2026年人工造林(1,2,3,4,5,6,8,9,10,11,12,
  链接: https://prec.sxzwfw.gov.cn/jyxxgczb/1069176.jhtml
  目标字段: 监督部门联系方式
  结果: 失败
  - 监督部门联系方式: 无

项目: 山西阳煤寺家庄煤业有限责任公司矿井水处理站改造工程（EPC）项目
  链接: https://prec.sxzwfw.gov.cn/jyxxgczb/1060440.jhtml
  目标字段: 监督部门联系方式
  结果: 成功
  - 监督部门联系方式: 0354-4326116

项目: 高平市炎谷丰高标准设施蔬菜基地项目(002二标段)
  链接: https://prec.sxzwfw.gov.cn/jyxxgchxr/1067695.jhtml
  目标字段: 监督部门联系方式
  结果: 失败
  - 监督部门联系方式: 无

项目: 太原天然气有限公司太原市2026年住宅小区居民共有老旧庭院燃气管网及户内立管更新改造项目工程施工
  链接: https://prec.sxzwfw.gov.cn/jyxxgcgs/1069250.jhtml
  目标字段: 监督部门联系方式
  结果: 失败
  - 监督部门联系方式: 无

项目: 黄水河宁武县段河道治理工程勘察设计项目
  链接: https://prec.sxzwfw.gov.cn/jyxxgchxr/1067711.jhtml
  目标字段: 监督部门联系方式
  结果: 失败
  - 监督部门联系方式: 无

项目: 高平市燃气老化管网及设施更新改造工程（老化燃气管道更新改造EPC）
  链接: https://prec.sxzwfw.gov.cn/jyxxgczb/1060412.jhtml
  目标字段: 招标代理机构地址
  结果: 失败
  - 招标代理机构地址: 无

项目: 和顺县生活垃圾焚烧发电项目特许经营者
  链接: https://prec.sxzwfw.gov.cn/jyxxgczb/1070243.jhtml
  目标字段: 监督部门联系方式
  结果: 失败
  - 监督部门联系方式: 无

项目: 杏花岭区2024年老旧小区改造项目（二期）设计施工总承包（EPC）(004标段四)
  链接: https://prec.sxzwfw.gov.cn/jyxxgcgs/1071595.jhtml
  目标字段: 监督部门联系方式
  结果: 失败
  - 监督部门联系方式: 无

项目: 大禹渡灌区新增恢复灌溉面积工程2026年度项目二次
  链接: https://prec.sxzwfw.gov.cn/jyxxgczb/1062720.jhtml
  目标字段: 开标时间, 标书发售时间, 公告内容, 招标人, 招标人地址, 招标人联系人, 招标人联系方式, 招标代理机构, 招标代理机构地址, 招标代理机构联系人, 招标代理机构联系方式
  结果: 成功
  - 开标时间: 2026-06-30 09:00
  - 标书发售时间: 2026-06-08 00:00
  - 公告内容: 大禹渡灌区新增恢复灌溉面积工程2026 年度项目二次 招标公告 （招标编号：2026GC010421） 招标项目所在地区：运城市芮城县 一、招标条件 本大禹渡灌区新增恢复灌溉面积工程2026 年度项目...
  - 招标人: 运城市大禹渡扬水工程服务中心
  - 招标人地址: 芮城县永乐北路13 号
  - 招标人联系人: 王先生
  - 招标人联系方式: 0359-3025741-8201
  - 招标代理机构: 山西河东投资项目管理咨询服务有限公司
  - 招标代理机构地址: 运城市盐湖区槐东南路西侧国土公寓一单元7层701
  - 招标代理机构联系人: 任女士
  - 招标代理机构联系方式: 18003598581

项目: 2026年绛县小型农村供水工程规范化改造项目勘察设计
  链接: https://prec.sxzwfw.gov.cn/jyxxgczb/1063480.jhtml
  目标字段: 开标时间, 标书发售时间, 公告内容, 招标人, 招标人地址, 招标人联系人, 招标人联系方式, 招标代理机构, 招标代理机构地址, 招标代理机构联系人, 招标代理机构联系方式
  结果: 成功
  - 开标时间: 2026年7月1日09时00分
  - 标书发售时间: 2026年6月10日09时30分至2026年6月17日09时30分
  - 公告内容: 2026 年绛县小型农村供水工程规范化改造项目勘察设计 招标公告 （招标编号：2026GC010558） 招标项目所在地区：运城市绛县 一、招标条件 本2026年绛县小型农村供水工程规范化改造项目勘察...
  - 招标人: 绛县水务局
  - 招标人地址: 运城市绛县古绛镇健康路28号
  - 招标人联系人: 李先生
  - 招标人联系方式: 13834380197
  - 招标代理机构: 山西耀龙国际工程项目管理有限责任公司
  - 招标代理机构地址: 运城市盐湖区红旗东街盐湖城40号楼6号商铺
  - 招标代理机构联系人: 燕先生
  - 招标代理机构联系方式: 17536363646

项目: 黎城县公办养老中心项目施工
  链接: https://prec.sxzwfw.gov.cn/jyxxgczb/1063141.jhtml
  目标字段: 开标时间, 标书发售时间
  结果: 成功
  - 开标时间: 2026年6月30日上午9时30分
  - 标书发售时间: 2026年6月9日至2026年6月30日上午9时30分

项目: 杨家堡污水厂进水管网改造工程施工
  链接: https://prec.sxzwfw.gov.cn/jyxxgczb/1063397.jhtml
  目标字段: 招标代理机构联系人
  结果: 成功
  - 招标代理机构联系人: 赵鑫

项目: 中村镇张马村历山花卉融创基地
  链接: https://prec.sxzwfw.gov.cn/jyxxgchxr/1070266.jhtml
  目标字段: 监督部门联系方式
  结果: 失败
  - 监督部门联系方式: 无

项目: 大秦铁路股份有限公司太原铁路工程建设指挥部太原动车组运用所增设控制集中系统（CCS）工程施工总价承包项目(1标段)中标候选人公示更正
  链接: https://prec.sxzwfw.gov.cn/jyxxgchxr/1070214.jhtml
  目标字段: 监督部门联系方式
  结果: 成功
  - 监督部门联系方式: 电话：0351-2631760；电话：0351-2620377

项目: 晋中市松塔水库供水（二期）工程管材及管件采购03标
  链接: https://prec.sxzwfw.gov.cn/jyxxgchxr/1070208.jhtml
  目标字段: 监督部门联系方式
  结果: 失败
  - 监督部门联系方式: 无

项目: 杨家堡污水厂进水管网改造工程监理
  链接: https://prec.sxzwfw.gov.cn/jyxxgczb/1063398.jhtml
  目标字段: 招标代理机构联系人
  结果: 成功
  - 招标代理机构联系人: 赵鑫

项目: 平陆县2026年村道水毁工程
  链接: https://prec.sxzwfw.gov.cn/jyxxgczb/1062514.jhtml
  目标字段: 开标时间, 标书发售时间, 公告内容, 招标人, 招标人地址, 招标人联系人, 招标人联系方式, 招标代理机构, 招标代理机构地址, 招标代理机构联系人, 招标代理机构联系方式
  结果: 成功
  - 开标时间: 2026 年 06 月 30 日09 时00 分
  - 标书发售时间: 2026 年 06 月 08 日00 时00 分至 2026 年 06 月 13 日00 时00 分
  - 公告内容: 平陆县2026年村道水毁工程 招标公告 （招标项目编号：2026GC010554） 招标项目所在地区: 运城市平陆县 一、招标条件 本平陆县2026 年村道水毁工程（招标项目编号：2026GC0105...
  - 招标人: 平陆县交通运输局
  - 招标人地址: 平陆县五一街东21 号
  - 招标人联系人: 无
  - 招标人联系方式: 0359-3522110
  - 招标代理机构: 山西盛世华顺工程项目管理有限公司
  - 招标代理机构地址: 山西省运城市盐湖区人民北路1950 号理想创业大厦7F1213 号
  - 招标代理机构联系人: 耿先生
  - 招标代理机构联系方式: 133 3348 1773

项目: 太原市2022年小街小巷改造工程-西峰街、禧悦路-禧悦路道路工程施工
  链接: https://prec.sxzwfw.gov.cn/jyxxgczb/1064055.jhtml
  目标字段: 标书发售时间
  结果: 成功
  - 标书发售时间: 2026年06月11日17时00分至2026年06月16日17时00分

项目: 原平市2025年农村公路灾毁改造工程（裕隆社区-武彦等6条）施工项目
  链接: https://prec.sxzwfw.gov.cn/jyxxgchxr/1070610.jhtml
  目标字段: 监督部门联系方式
  结果: 失败
  - 监督部门联系方式: 无

项目: 中共沁县县委党校培训基地改造提升工程建设项目施工
  链接: https://prec.sxzwfw.gov.cn/jyxxgczb/1063202.jhtml
  目标字段: 标书发售时间, 招标人, 招标人地址, 招标人联系人, 招标人联系方式
  结果: 成功
  - 标书发售时间: 2026 年 06 月 09 日至 2026 年 07 月 01 日
  - 招标人: 沁县机关事务中心
  - 招标人地址: 山西省长治市沁县胜利路 33 号
  - 招标人联系人: 王先生
  - 招标人联系方式: 0355-702 4589

项目: 沁水县郑庄镇南大村薄膜大棚基地建设项目
  链接: https://prec.sxzwfw.gov.cn/jyxxgczb/1063349.jhtml
  目标字段: 标书发售时间
  结果: 成功
  - 标书发售时间: 2026年6月9日 18:00至2026年6月14日 18:00

项目: 山阴县第四中学校教学楼加固改造工程项目
  链接: https://prec.sxzwfw.gov.cn/jyxxgcgs/1071427.jhtml
  目标字段: 监督部门联系方式
  结果: 失败
  - 监督部门联系方式: 无

项目: 襄垣县朝阳新区电力工程
  链接: https://prec.sxzwfw.gov.cn/jyxxgczb/1063306.jhtml
  目标字段: 标书发售时间, 招标人, 招标人地址, 招标人联系人, 招标人联系方式, 招标代理机构, 招标代理机构地址, 招标代理机构联系人, 招标代理机构联系方式
  结果: 成功
  - 标书发售时间: 2026年06月09日至2026年07月01日
  - 招标人: 襄垣县市政园林服务中心
  - 招标人地址: 襄垣县城北街56号
  - 招标人联系人: 王先生
  - 招标人联系方式: 0355-7225108
  - 招标代理机构: 山西汇策工程项目管理有限公司
  - 招标代理机构地址: 山西省长治市长治高新技术产业开发区保宁门西街309号世纪城1幢13层1304号
  - 招标代理机构联系人: 韩女士
  - 招标代理机构联系方式: 0355-2077866

项目: 代县城市地下管网及设施建设改造工程-东北街片区（分区一）施工项目
  链接: https://prec.sxzwfw.gov.cn/jyxxgchxr/1068808.jhtml
  目标字段: 监督部门联系方式
  结果: 失败
  - 监督部门联系方式: 无

项目: 代县城市地下管网及设施建设改造工程-东北街片区（分区一）监理项目
  链接: https://prec.sxzwfw.gov.cn/jyxxgchxr/1068807.jhtml
  目标字段: 监督部门联系方式
  结果: 失败
  - 监督部门联系方式: 无

项目: 泽州县丹溪片区集中供热建设项目（EPC）总承包中标结果公告
  链接: https://prec.sxzwfw.gov.cn/jyxxgcgs/1070481.jhtml
  目标字段: 监督部门联系方式
  结果: 失败
  - 监督部门联系方式: 无

项目: 高平市原村乡冯村村集中供热二网项目
  链接: https://prec.sxzwfw.gov.cn/jyxxgczb/1071190.jhtml
  目标字段: 监督部门联系方式
  结果: 失败
  - 监督部门联系方式: 无

项目: 平鲁区李林中学3#学生公寓维修工程（装饰装修）项目
  链接: https://prec.sxzwfw.gov.cn/jyxxgcgs/1071500.jhtml
  目标字段: 监督部门联系方式
  结果: 失败
  - 监督部门联系方式: 无

项目: 阳高县罗文皂镇镇大沟水毁河道清淤工程施工
  链接: https://prec.sxzwfw.gov.cn/jyxxgchxr/1070951.jhtml
  目标字段: 监督部门联系方式
  结果: 失败
  - 监督部门联系方式: 无

项目: 文水县崇文九年一贯制学校建设项目（一标段）施工
  链接: https://prec.sxzwfw.gov.cn/jyxxgczb/1063940.jhtml
  目标字段: 标书发售时间, 招标代理机构, 招标代理机构地址, 招标代理机构联系人, 招标代理机构联系方式
  结果: 成功
  - 标书发售时间: 2026年6月11日17时00分至2026年7月2日10时00分
  - 招标代理机构: 山西轩承工程项目管理有限责任公司
  - 招标代理机构地址: 山西省太原市万柏林区迎泽西大街381号迎泽世纪城2幢C座16层1607、1608号房
  - 招标代理机构联系人: 张女士
  - 招标代理机构联系方式: 13303582290

项目: 运城市南风广场基础设施维修改造项目
  链接: https://prec.sxzwfw.gov.cn/jyxxgczb/1062805.jhtml
  目标字段: 开标时间, 标书发售时间, 公告内容, 招标人, 招标人地址, 招标人联系人, 招标人联系方式, 招标代理机构, 招标代理机构地址, 招标代理机构联系人, 招标代理机构联系方式
  结果: 成功
  - 开标时间: 2026 年7 月2 日09 时00 分
  - 标书发售时间: 2026 年6 月8 日15 时00 分至2026 年6 月13 日15 时00 分
  - 公告内容: 运城市南风广场基础设施维修改造项目 招标公告 （招标编号：2026GC010555） 招标项目所在地区：运城市 一、招标条件 本运城市南风广场基础设施维修改造项目（招标项目编号：2026GC01055...
  - 招标人: 无
  - 招标人地址: 无
  - 招标人联系人: 无
  - 招标人联系方式: 无
  - 招标代理机构: 无
  - 招标代理机构地址: 无
  - 招标代理机构联系人: 无
  - 招标代理机构联系方式: 无

项目: 临猗县郇阳灌区超采区水源置换工程（二期北干7-11支）
  链接: https://prec.sxzwfw.gov.cn/jyxxgczb/1071719.jhtml
  目标字段: 开标时间, 标书发售时间, 公告内容, 招标人, 招标人地址, 招标人联系人, 招标人联系方式, 招标代理机构, 招标代理机构地址, 招标代理机构联系人, 招标代理机构联系方式, 监督部门, 监督部门联系方式
  结果: 成功
  - 开标时间: 2026年7月28日9时00分
  - 标书发售时间: 2026年7月7日00时00分至2026年7月13日18时00分
  - 公告内容: 临猗县郇阳灌区超采区水源置换工程（二期北干7-11 支）招标公告（招标编号：2026GC010651）招标项目所在地区：运城市临猗县一、招标条件临猗县郇阳灌区超采区水源置换工程（二期北干7-11 支）...
  - 招标人: 临猗县水务局
  - 招标人地址: 临猗县南环东路469 号
  - 招标人联系人: 谢先生
  - 招标人联系方式: 17735908728
  - 招标代理机构: 中鼎誉润工程咨询有限公司
  - 招标代理机构地址: 运城市盐湖区红旗东街盐湖城小区
  - 招标代理机构联系人: 张女士
  - 招标代理机构联系方式: 0359-8333353
  - 监督部门: 运城市水务局
  - 监督部门联系方式: 0359-2260828

项目: 孝河幸福河湖建设工程施工施工项目
  链接: https://prec.sxzwfw.gov.cn/jyxxgczb/1071699.jhtml
  目标字段: 招标代理机构, 招标代理机构地址, 招标代理机构联系人, 招标代理机构联系方式, 监督部门联系方式
  结果: 成功
  - 招标代理机构: 山西晋广盛德招标代理有限公司
  - 招标代理机构地址: 山西省晋中市介休市史公东路483号信合苑小区9号楼3号门面
  - 招标代理机构联系人: 陈女士
  - 招标代理机构联系方式: 13603542364
  - 监督部门联系方式: 0358-8282206

项目: 壶关县龙泉镇农村生活污水治理项目设计
  链接: https://prec.sxzwfw.gov.cn/jyxxgczb/1071663.jhtml
  目标字段: 开标时间, 标书发售时间
  结果: 成功
  - 开标时间: 2026-07-28 09:30
  - 标书发售时间: 2026-07-06至2026-07-28

项目: 长治市上党区城区老旧供热管网增容及配套设施改造工程初步设计
  链接: https://prec.sxzwfw.gov.cn/jyxxgczb/1071631.jhtml
  目标字段: 标书发售时间
  结果: 成功
  - 标书发售时间: 2026年7月6日至2026年7月29日

项目: 武乡县大有乡峪口村基础设施以工代赈项目施工
  链接: https://prec.sxzwfw.gov.cn/jyxxgczb/1071601.jhtml
  目标字段: 开标时间, 标书发售时间, 招标人, 招标人地址, 招标人联系人, 招标人联系方式, 招标代理机构, 招标代理机构地址, 招标代理机构联系人, 招标代理机构联系方式
  结果: 成功
  - 开标时间: 2026-07-28 09:30
  - 标书发售时间: 2026-07-06 至 2026-07-28
  - 招标人: 武乡县大有乡人民政府
  - 招标人地址: 武乡县大有乡大有村
  - 招标人联系人: 武先生
  - 招标人联系方式: 0355-6430667
  - 招标代理机构: 山西潞缘工程项目管理有限公司
  - 招标代理机构地址: 长治市潞州区太行西街406号中央商务大厦C座（政务大厅）13层C1302A、C1301号
  - 招标代理机构联系人: 石亚宁、栾妮杰
  - 招标代理机构联系方式: 0355-2082228

项目: 文水县学校消防审验专项整治改造工程EPC总承包其它项目
  链接: https://prec.sxzwfw.gov.cn/jyxxgczb/1071579.jhtml
  目标字段: 标书发售时间, 招标人, 招标人地址, 招标人联系人, 招标人联系方式, 招标代理机构, 招标代理机构地址, 招标代理机构联系人, 招标代理机构联系方式
  结果: 成功
  - 标书发售时间: 2026年7月6日18时00分至2026年8月7日10时00分
  - 招标人: 文水县教育体育局
  - 招标人地址: 吕梁市文水县御庭华府西北侧
  - 招标人联系人: 王先生
  - 招标人联系方式: 13453862211
  - 招标代理机构: 山西省国际招标有限公司
  - 招标代理机构地址: 太原市长兴南街8号阳光城环球金融中心B座9层
  - 招标代理机构联系人: 杨先生
  - 招标代理机构联系方式: 15035182125

项目: 文水县崇文九年一贯制学校建设项目监理
  链接: https://prec.sxzwfw.gov.cn/jyxxgczb/1071569.jhtml
  目标字段: 开标时间, 标书发售时间
  结果: 成功
  - 开标时间: 2026年7月28日10时00分
  - 标书发售时间: 2026年7月6日17时00分至2026年7月28日10时00分

项目: 山西省长治市壶关县高级中学建设项目施工
  链接: https://prec.sxzwfw.gov.cn/jyxxgczb/1071513.jhtml
  目标字段: 标书发售时间, 招标人, 招标人地址, 招标人联系人, 招标人联系方式, 招标代理机构, 招标代理机构地址, 招标代理机构联系人, 招标代理机构联系方式
  结果: 成功
  - 标书发售时间: 2026 年 7 月 6 日至 2026 年 7 月 27 日
  - 招标人: 壶关县教育局
  - 招标人地址: 壶关县新建路堡子里巷1号
  - 招标人联系人: 牛永清
  - 招标人联系方式: 0355-8778530
  - 招标代理机构: 华安项目管理咨询有限公司
  - 招标代理机构地址: 山西省太原市小店区长风街705号和信商座19层
  - 招标代理机构联系人: 石羽、郭增林
  - 招标代理机构联系方式: 18635183930

项目: 山西天泽煤化工集团股份公司煤气化厂铁路专用线尿素运输配套项目工程检测服务
  链接: https://prec.sxzwfw.gov.cn/jyxxgczb/1071418.jhtml
  目标字段: 招标代理机构, 招标代理机构地址, 招标代理机构联系人, 招标代理机构联系方式
  结果: 成功
  - 招标代理机构: 华安项目管理咨询有限公司
  - 招标代理机构地址: 山西省太原市长风街705号和信商座19层
  - 招标代理机构联系人: 李峻峰 郭增林
  - 招标代理机构联系方式: 18636812080

项目: 盐湖区公共实训基地建设项目建筑安装工程
  链接: https://prec.sxzwfw.gov.cn/jyxxgczb/1071390.jhtml
  目标字段: 开标时间, 标书发售时间, 公告内容, 招标人, 招标人地址, 招标人联系人, 招标人联系方式, 招标代理机构, 招标代理机构地址, 招标代理机构联系人, 招标代理机构联系方式, 监督部门, 监督部门联系方式
  结果: 成功
  - 开标时间: 2026年7月29日09时00分
  - 标书发售时间: 2026年7月6日09时00分至2026年7月11日09时00分
  - 公告内容: 盐湖区公共实训基地建设项目建筑安装工程 招标公告 （招标项目编号：2026GC010650） 招标项目所在地区：盐湖高新技术产业开发区 一、招标条件 本盐湖区公共实训基地建设项目建筑安装工程（招标项目...
  - 招标人: 运城市盐湖区人力资源和社会保障局
  - 招标人地址: 运城市解放北路369号
  - 招标人联系人: 杨女士
  - 招标人联系方式: 0359-2023905
  - 招标代理机构: 山西耀龙国际工程项目管理有限责任公司
  - 招标代理机构地址: 运城市盐湖区红旗东街盐湖城小区40号楼6号商铺
  - 招标代理机构联系人: 燕先生
  - 招标代理机构联系方式: 17536363646
  - 监督部门: 运城市盐湖区住房和城乡建设局
  - 监督部门联系方式: 0359-2360628

项目: 运城经济技术开发区汤里街（司马温公路-港南大道）道路工程雨水工程及（K0+517.09-K0+620段）道路工程监理项目
  链接: https://prec.sxzwfw.gov.cn/jyxxgczb/1071389.jhtml
  目标字段: 开标时间, 标书发售时间, 公告内容, 招标人, 招标人地址, 招标人联系人, 招标人联系方式, 招标代理机构, 招标代理机构地址, 招标代理机构联系人, 招标代理机构联系方式, 监督部门, 监督部门联系方式
  结果: 成功
  - 开标时间: 2026年7月28日09时00分
  - 标书发售时间: 2026年7月7日00时00分至2026年7月14日00时00分
  - 公告内容: 运城经济技术开发区汤里街（司马温公路－港南大道）道路工程雨水工程及（K0+517.09-K0+620段）道路工程监理项目招标公告（项目编号：2026GC010635）招标项目所在地区：运城经济技术开发...
  - 招标人: 运城市空港开发区建设发展有限公司
  - 招标人地址: 运城市空港新区港府大道7号创业大厦506室
  - 招标人联系人: 刘先生
  - 招标人联系方式: 0359-3178999
  - 招标代理机构: 山西晋伊全过程工程咨询有限公司
  - 招标代理机构地址: 运城市盐湖区中银大道东侧碧桂园云顶8幢1单元201号
  - 招标代理机构联系人: 岱先生
  - 招标代理机构联系方式: 0359-6390558
  - 监督部门: 运城经济技术开发区管理委员会
  - 监督部门联系方式: 0359-2578190

项目: 运城经济技术开发区汤里街（司马温公路-港南大道）道路工程雨水工程及（K0+517.09-K0+620段）道路工程施工项目
  链接: https://prec.sxzwfw.gov.cn/jyxxgczb/1071387.jhtml
  目标字段: 开标时间, 标书发售时间, 公告内容, 招标人, 招标人地址, 招标人联系人, 招标人联系方式, 招标代理机构, 招标代理机构地址, 招标代理机构联系人, 招标代理机构联系方式, 监督部门, 监督部门联系方式
  结果: 成功
  - 开标时间: 2026年7月28日09时00分
  - 标书发售时间: 2026年7月7日00时00分至2026年7月14日00时00分
  - 公告内容: 运城经济技术开发区汤里街（司马温公路-港南大道）道路工程雨水工程及（K0+517.09-K0+620段）道路工程施工项目招标公告（项目编号：2026GC010634）招标项目所在地区：运城经济技术开发...
  - 招标人: 运城市空港开发区建设发展有限公司
  - 招标人地址: 运城市空港新区港府大道7号创业大厦506室
  - 招标人联系人: 刘先生
  - 招标人联系方式: 0359-3178999
  - 招标代理机构: 山西晋伊全过程工程咨询有限公司
  - 招标代理机构地址: 运城市盐湖区中银大道东侧碧桂园云顶北区8幢1单元201号
  - 招标代理机构联系人: 岱先生
  - 招标代理机构联系方式: 0359-6390558
  - 监督部门: 运城经济技术开发区管理委员会
  - 监督部门联系方式: 0359-2578190

项目: 平陆县平洪线(南坡-西祁)道路改造工程
  链接: https://prec.sxzwfw.gov.cn/jyxxgczb/1071330.jhtml
  目标字段: 开标时间, 标书发售时间, 公告内容, 招标人, 招标人地址, 招标人联系人, 招标人联系方式, 招标代理机构, 招标代理机构地址, 招标代理机构联系人, 招标代理机构联系方式, 监督部门, 监督部门联系方式
  结果: 成功
  - 开标时间: 2026-07-28 09:00
  - 标书发售时间: 2026-07-06 09:00 - 2026-07-13 09:00
  - 公告内容: 平陆县平洪线(南坡-西祁)道路改造工程招标公告 （招标项目编号：2026GC010637） 招标项目所在地区: 平陆县 一、招标条件 本平陆县平洪线(南坡-西祁)道路改造工程（招标项目编号：2026G...
  - 招标人: 无
  - 招标人地址: 无
  - 招标人联系人: 无
  - 招标人联系方式: 无
  - 招标代理机构: 无
  - 招标代理机构地址: 无
  - 招标代理机构联系人: 无
  - 招标代理机构联系方式: 无
  - 监督部门: 无
  - 监督部门联系方式: 无

项目: 汾阳市三泉河（三泉镇段）山洪沟治理工程施工项目招标
  链接: https://prec.sxzwfw.gov.cn/jyxxgczb/1066088.jhtml
  目标字段: 招标人, 招标人地址, 招标人联系人, 招标人联系方式, 招标代理机构, 招标代理机构地址, 招标代理机构联系人, 招标代理机构联系方式
  结果: 成功
  - 招标人: 汾阳市水资源保护中心
  - 招标人地址: 汾阳市永和西大街 9 号
  - 招标人联系人: 赵先生
  - 招标人联系方式: 13753351906
  - 招标代理机构: 远瓴（北京）国际工程咨询有限公司
  - 招标代理机构地址: 太原市万柏林区和平南路丽景广场 405
  - 招标代理机构联系人: 吴剑、薛芳、赵斌、张德杰、熊建平、邵博宇、顾振华
  - 招标代理机构联系方式: 15135173350

项目: 垣曲县允西河灌区续建配套与现代化改造项目
  链接: https://prec.sxzwfw.gov.cn/jyxxgczb/1066590.jhtml
  目标字段: 开标时间, 标书发售时间, 公告内容, 招标人, 招标人地址, 招标人联系人, 招标人联系方式, 招标代理机构, 招标代理机构地址, 招标代理机构联系人, 招标代理机构联系方式, 监督部门, 监督部门联系方式
  结果: 成功
  - 开标时间: 2026-07-14 09:00
  - 标书发售时间: 2026-06-22 09:00 至 2026-06-27 09:00
  - 公告内容: 垣曲县允西河灌区续建配套与现代化改造项目招标公告 （招标编号：2026GC010601 ） 招标项目所在地区： 运城市垣曲县 一、招标条件 本 垣曲县允西河灌区续建配套与现代化改造项目 （招标项目编号...
  - 招标人: 垣曲县水利局（垣曲县允西河灌区续建配套与现代化改造建设项目部）
  - 招标人地址: 垣曲县新城镇黄河路94 号
  - 招标人联系人: 王女士
  - 招标人联系方式: 18636390393
  - 招标代理机构: 山西众建山河工程咨询有限公司
  - 招标代理机构地址: 山西省太原市小店区龙城大街102 号盛锦国际B座1106
  - 招标代理机构联系人: 许先生
  - 招标代理机构联系方式: 0359-2229555
  - 监督部门: 运城市水利局
  - 监督部门联系方式: 0359-2260828

项目: 潞安职业技术学院（东校区）消防改造施工项目
  链接: https://prec.sxzwfw.gov.cn/jyxxgczb/1066342.jhtml
  目标字段: 开标时间, 标书发售时间, 招标代理机构, 招标代理机构地址, 招标代理机构联系人, 招标代理机构联系方式
  结果: 成功
  - 开标时间: 2026年07月10日 09时30分
  - 标书发售时间: 2026年06月18日 至 2026年07月10日
  - 招标代理机构: 山西潞安招标有限公司
  - 招标代理机构地址: 山西省长治市襄垣县侯堡镇山西潞安招标有限公司
  - 招标代理机构联系人: 郭先生
  - 招标代理机构联系方式: 0 355-5998600

项目: 晋城市建筑垃圾资源化利用项目特许经营者（二次）招标
  链接: https://prec.sxzwfw.gov.cn/jyxxgczb/1065567.jhtml
  目标字段: 招标人, 招标人地址, 招标人联系人, 招标人联系方式, 招标代理机构, 招标代理机构地址, 招标代理机构联系人, 招标代理机构联系方式, 监督部门
  结果: 成功
  - 招标人: 晋城市发展和改革委员会
  - 招标人地址: 无
  - 招标人联系人: 李经理
  - 招标人联系方式: 18911318996
  - 招标代理机构: 无
  - 招标代理机构地址: 无
  - 招标代理机构联系人: 无
  - 招标代理机构联系方式: 无
  - 监督部门: 晋城市发展和改革委员会

项目: 阳城县城市更新清林沟片区综合改造工程勘察
  链接: https://prec.sxzwfw.gov.cn/jyxxgczb/1064508.jhtml
  目标字段: 标书发售时间, 招标代理机构, 招标代理机构地址, 招标代理机构联系人, 招标代理机构联系方式
  结果: 失败
  - 标书发售时间: 无
  - 招标代理机构: 无
  - 招标代理机构地址: 无
  - 招标代理机构联系人: 无
  - 招标代理机构联系方式: 无

项目: 西上庄煤矿无轨胶轮车（001标段）中标候选人公示更正
  链接: https://prec.sxzwfw.gov.cn/jyxxgchxr/1071693.jhtml
  目标字段: 监督部门
  结果: 失败
  - 监督部门: 无

项目: 永济市2025年资源路产业路（庄子－清华）建设项目二次
  链接: https://prec.sxzwfw.gov.cn/jyxxgczb/1062719.jhtml
  目标字段: 开标时间, 标书发售时间, 公告内容, 招标人, 招标人地址, 招标人联系人, 招标人联系方式, 招标代理机构, 招标代理机构地址, 招标代理机构联系人, 招标代理机构联系方式, 监督部门
  结果: 成功
  - 开标时间: 2026-07-01 09:00
  - 标书发售时间: 2026-06-08 00:00-2026-06-13 00:00
  - 公告内容: 永济市2025 年资源路产业路（庄子－清华）建设项目二次 招标公告 （招标项目编号：2026GC010161） 招标项目所在地区: 永济市 一、招标条件 本永济市2025 年资源路产业路（庄子－清华）...
  - 招标人: 永济市交通运输局
  - 招标人地址: 永济市舜都大道北75 号
  - 招标人联系人: 王女士
  - 招标人联系方式: 0359-8022515
  - 招标代理机构: 山西崇航工程项目管理有限公司
  - 招标代理机构地址: 运城市盐湖区红旗东街龙磐水郡小区2 栋2 单元402 室
  - 招标代理机构联系人: 穆女士
  - 招标代理机构联系方式: 0359-2126514
  - 监督部门: 运城市交通运输局

项目: 2026年沁水县城边坡综合治理工程监理
  链接: https://prec.sxzwfw.gov.cn/jyxxgczb/1063872.jhtml
  目标字段: 开标时间, 标书发售时间, 公告内容, 招标人, 招标人地址, 招标人联系人, 招标人联系方式, 招标代理机构, 招标代理机构地址, 招标代理机构联系人, 招标代理机构联系方式, 监督部门联系方式
  结果: 成功
  - 开标时间: 2026年7月3日上午10时00分
  - 标书发售时间: 2026年6月11日21时00分至2026年6月16日21时00分
  - 公告内容: 2026年沁水县城边坡综合治理工程监理招标公告招标编号：ZHGH20260609招标项目所在地区：山西省·晋城市·沁水县一、招标条件本招标项目2026年沁水县城边坡综合治理工程监理（招标项目编号：M1...
  - 招标人: 沁水县公用事业建设服务中心
  - 招标人地址: 沁水县新建西街511号
  - 招标人联系人: 尉先生
  - 招标人联系方式: 13835696352
  - 招标代理机构: 中汇冠华工程管理有限公司
  - 招标代理机构地址: 晋城市苑北路省运驾校院内四楼
  - 招标代理机构联系人: 王女士
  - 招标代理机构联系方式: 19935682727
  - 监督部门联系方式: 无

项目: 高平市装备制造产业园区域换热站及配套工程项目(EPC)总承包
  链接: https://prec.sxzwfw.gov.cn/jyxxgczb/1061329.jhtml
  目标字段: 标书发售时间
  结果: 成功
  - 标书发售时间: 2026年06月02日17:00至2026年06月07日17:00

项目: 太原市西山地表水厂供水工程一取水泵站(引黄原水)工程取水泵站水泵采购
  链接: https://prec.sxzwfw.gov.cn/jyxxgczb/1064443.jhtml
  目标字段: 招标代理机构联系人
  结果: 成功
  - 招标代理机构联系人: 石亚琼

项目: 繁峙县资源路产业路108国道-上西庄公路改造工程施工项目
  链接: https://prec.sxzwfw.gov.cn/jyxxgchxr/1071396.jhtml
  目标字段: 监督部门联系方式
  结果: 失败
  - 监督部门联系方式: 无

项目: 杏花岭区2024年老旧小区改造项目（二期）设计施工总承包（EPC）(003标段三)
  链接: https://prec.sxzwfw.gov.cn/jyxxgcgs/1071593.jhtml
  目标字段: 监督部门联系方式
  结果: 失败
  - 监督部门联系方式: 无

项目: 杏花岭区2024年老旧小区改造项目（二期）设计施工总承包（EPC）(002标段二)
  链接: https://prec.sxzwfw.gov.cn/jyxxgcgs/1071592.jhtml
  目标字段: 监督部门联系方式
  结果: 失败
  - 监督部门联系方式: 无

项目: 杏花岭区2024年老旧小区改造项目（二期）设计施工总承包（EPC）(001标段一)
  链接: https://prec.sxzwfw.gov.cn/jyxxgcgs/1071591.jhtml
  目标字段: 监督部门联系方式
  结果: 成功
  - 监督部门联系方式: 电话：15364939783

项目: 杏花岭区2024年老旧小区改造项目（二期）设计施工总承包（EPC）(009标段九)
  链接: https://prec.sxzwfw.gov.cn/jyxxgcgs/1071563.jhtml
  目标字段: 监督部门联系方式
  结果: 失败
  - 监督部门联系方式: 无

项目: 杏花岭区2024年老旧小区改造项目（二期）设计施工总承包（EPC）(008标段八)
  链接: https://prec.sxzwfw.gov.cn/jyxxgcgs/1071562.jhtml
  目标字段: 监督部门联系方式
  结果: 成功
  - 监督部门联系方式: 电话：15364939783

项目: 杏花岭区2024年老旧小区改造项目（二期）设计施工总承包（EPC）(007标段七)
  链接: https://prec.sxzwfw.gov.cn/jyxxgcgs/1071561.jhtml
  目标字段: 监督部门联系方式
  结果: 失败
  - 监督部门联系方式: 无

项目: 杏花岭区2024年老旧小区改造项目（二期）设计施工总承包（EPC）(006标段六)
  链接: https://prec.sxzwfw.gov.cn/jyxxgcgs/1071560.jhtml
  目标字段: 监督部门联系方式
  结果: 失败
  - 监督部门联系方式: 无

项目: 杏花岭区2024年老旧小区改造项目（二期）设计施工总承包（EPC）(005标段五)
  链接: https://prec.sxzwfw.gov.cn/jyxxgcgs/1071559.jhtml
  目标字段: 监督部门联系方式
  结果: 失败
  - 监督部门联系方式: 无

项目: 保德县2026年农村公路改造工程施工项目
  链接: https://prec.sxzwfw.gov.cn/jyxxgchxr/1069015.jhtml
  目标字段: 监督部门联系方式
  结果: 失败
  - 监督部门联系方式: 无

