山西省公共资源交易平台 AI补全报告
生成时间: 2026-07-07 23:50:16
使用模型: glm-4.6-thinking
============================================================

【汇总】
  处理项目数 : 68
  成功        : 35
  失败        : 33
  跳过        : 0
  字段补全数  : 124

【Token消耗】
  AI调用次数  : 66
  输入tokens  : 94,321
  输出tokens  : 9,677
  合计tokens  : 103,998

【详细记录】
----------------------------------------
项目: 马村镇马村村高标准设施蔬菜基地项目
  链接: https://prec.sxzwfw.gov.cn/jyxxgczb/1069822.jhtml
  目标字段: 招标代理机构地址
  结果: 失败
  - 招标代理机构地址: 无

项目: 太原市杏花岭区宇乔400MW/800MWh独立储能调频电站项目(EPC总承包）
  链接: https://prec.sxzwfw.gov.cn/jyxxgcgs/1071357.jhtml
  目标字段: 监督部门联系方式
  结果: 失败
  - 监督部门联系方式: 无

项目: 太原西山“骑行+”户外运动场地设施与服务保障设施建设项目施工
  链接: https://prec.sxzwfw.gov.cn/jyxxgcgs/1070917.jhtml
  目标字段: 监督部门
  结果: 失败
  - 监督部门: 无

项目: 大宁县胡城水库工程EPC总承包项目
  链接: https://prec.sxzwfw.gov.cn/jyxxgczb/1062365.jhtml
  目标字段: 标书发售时间
  结果: 成功
  - 标书发售时间: 2026年6月8日00时00分至2026年6月13日00时00分

项目: 华信振阳高新区200MW/400MWh独立储能项目EPC总承包
  链接: https://prec.sxzwfw.gov.cn/jyxxgcgs/1071264.jhtml
  目标字段: 监督部门
  结果: 失败
  - 监督部门: 无

项目: 原平市2025年农村公路灾毁改造工程（裕隆社区-武彦等6条）监理项目
  链接: https://prec.sxzwfw.gov.cn/jyxxgchxr/1069689.jhtml
  目标字段: 监督部门联系方式
  结果: 失败
  - 监督部门联系方式: 无

项目: 五台山站站前综合交通枢纽及相关市政配套项目（供电工程）设计项目
  链接: https://prec.sxzwfw.gov.cn/jyxxgchxr/1069607.jhtml
  目标字段: 监督部门联系方式
  结果: 失败
  - 监督部门联系方式: 无

项目: 朔城区2026年中央财政“三北”工程巩固防沙治沙成果项目（2021年营造林10687亩）项目
  链接: https://prec.sxzwfw.gov.cn/jyxxgcgs/1071027.jhtml
  目标字段: 监督部门联系方式
  结果: 成功
  - 监督部门联系方式: 本招标项目的监督部门为朔州市规划和自然资源局

项目: 代县城市地下管网及设施建设改造工程-东北街片区（分区二）施工项目
  链接: https://prec.sxzwfw.gov.cn/jyxxgchxr/1069209.jhtml
  目标字段: 监督部门联系方式
  结果: 失败
  - 监督部门联系方式: 无

项目: 吉县吉电200MW/400MWh独立储能电站EPC总承包
  链接: https://prec.sxzwfw.gov.cn/jyxxgcgs/1070781.jhtml
  目标字段: 监督部门联系方式
  结果: 失败
  - 监督部门联系方式: 无

项目: 大同市晋北地区高原风沙源生态保护和修复项目桦林背林场2026年人工造林(1,2,3,4,5,6,8,9,10,11,12,
  链接: https://prec.sxzwfw.gov.cn/jyxxgczb/1069176.jhtml
  目标字段: 监督部门联系方式
  结果: 成功
  - 监督部门联系方式: 电话:0352-7789836

项目: 高平市炎谷丰高标准设施蔬菜基地项目(002二标段)
  链接: https://prec.sxzwfw.gov.cn/jyxxgchxr/1067695.jhtml
  目标字段: 监督部门联系方式
  结果: 失败
  - 监督部门联系方式: 无

项目: 太原天然气有限公司太原市2026年住宅小区居民共有老旧庭院燃气管网及户内立管更新改造项目工程施工
  链接: https://prec.sxzwfw.gov.cn/jyxxgcgs/1069250.jhtml
  目标字段: 监督部门联系方式
  结果: 失败
  - 监督部门联系方式: 无

项目: 黄水河宁武县段河道治理工程勘察设计项目
  链接: https://prec.sxzwfw.gov.cn/jyxxgchxr/1067711.jhtml
  目标字段: 监督部门联系方式
  结果: 失败
  - 监督部门联系方式: 无

项目: 高平市燃气老化管网及设施更新改造工程（老化燃气管道更新改造EPC）
  链接: https://prec.sxzwfw.gov.cn/jyxxgczb/1060412.jhtml
  目标字段: 招标代理机构地址
  结果: 失败
  - 招标代理机构地址: 无

项目: 和顺县生活垃圾焚烧发电项目特许经营者
  链接: https://prec.sxzwfw.gov.cn/jyxxgczb/1070243.jhtml
  目标字段: 监督部门联系方式
  结果: 成功
  - 监督部门联系方式: 电话:/

项目: 杏花岭区2024年老旧小区改造项目（二期）设计施工总承包（EPC）(004标段四)
  链接: https://prec.sxzwfw.gov.cn/jyxxgcgs/1071595.jhtml
  目标字段: 监督部门联系方式
  结果: 失败
  - 监督部门联系方式: 无

项目: 太原市西山地表水厂供水工程一取水泵站(引黄原水)工程施工
  链接: https://prec.sxzwfw.gov.cn/jyxxgczb/1056211.jhtml
  目标字段: 开标时间, 招标代理机构联系人
  结果: 成功
  - 开标时间: 2026年06月03日09时30分
  - 招标代理机构联系人: 石亚琼

项目: 太原供水集团有限公司财大东巷等46条新建给水管网工程钢管采购（二次）
  链接: https://prec.sxzwfw.gov.cn/jyxxgczb/1063567.jhtml
  目标字段: 标书发售时间, 招标代理机构联系人
  结果: 成功
  - 标书发售时间: 2026年06月10日15时30分至2026年06月16日17时00分
  - 招标代理机构联系人: 石亚琼

项目: 中村镇张马村历山花卉融创基地
  链接: https://prec.sxzwfw.gov.cn/jyxxgchxr/1070266.jhtml
  目标字段: 监督部门联系方式
  结果: 失败
  - 监督部门联系方式: 无

项目: 潇河产业园区文源学校建设工程（一标段）施工（暂估价）断桥铝合金窗采购项目
  链接: https://prec.sxzwfw.gov.cn/jyxxgczb/1061980.jhtml
  目标字段: 标书发售时间, 招标代理机构, 招标代理机构地址, 招标代理机构联系人, 招标代理机构联系方式
  结果: 成功
  - 标书发售时间: 2026年6月5日8时00分至2026年6月12日8时00分
  - 招标代理机构: 中诚乾达（山西）项目管理有限公司
  - 招标代理机构地址: 太原市小店区寇庄西路109号欣中苑小区B幢602
  - 招标代理机构联系人: 王杰
  - 招标代理机构联系方式: 18334714731

项目: 晋中市松塔水库供水（二期）工程管材及管件采购03标
  链接: https://prec.sxzwfw.gov.cn/jyxxgchxr/1070208.jhtml
  目标字段: 监督部门联系方式
  结果: 失败
  - 监督部门联系方式: 无

项目: 平陆县2026年村道水毁工程
  链接: https://prec.sxzwfw.gov.cn/jyxxgczb/1062514.jhtml
  目标字段: 招标人联系人
  结果: 失败
  - 招标人联系人: 无

项目: 原平市2025年农村公路灾毁改造工程（裕隆社区-武彦等6条）施工项目
  链接: https://prec.sxzwfw.gov.cn/jyxxgchxr/1070610.jhtml
  目标字段: 监督部门联系方式
  结果: 失败
  - 监督部门联系方式: 无

项目: “两站一场”城市更新项目——枢纽改造及智慧化建设工程设计
  链接: https://prec.sxzwfw.gov.cn/jyxxgczb/1063731.jhtml
  目标字段: 标书发售时间, 招标代理机构联系人
  结果: 成功
  - 标书发售时间: 2026年06月10日22时00分-2026年06月16日22时00分
  - 招标代理机构联系人: 赵晨悦

项目: 中北高新区上兰能源岛供热工程蓄热罐装置采购及服务
  链接: https://prec.sxzwfw.gov.cn/jyxxgczb/1059777.jhtml
  目标字段: 开标时间, 标书发售时间, 公告内容, 招标人, 招标人地址, 招标人联系人, 招标人联系方式, 招标代理机构, 招标代理机构地址, 招标代理机构联系人, 招标代理机构联系方式, 监督部门
  结果: 成功
  - 开标时间: 2026年06月17日09时30分
  - 标书发售时间: 2026年05月27日18时00分至2026年06月03日18时00分
  - 公告内容: （招标编号： E1401000267024385001 ） 招标项目所在地区： 山西省太原市 一、招标条件 本招标项目中北高新区上兰能源岛供热工程蓄热罐装置采购及服 务（招标项目编号： E140100...
  - 招标人: 太原市热力集团有限责任公司
  - 招标人地址: 太原市上庄街155号
  - 招标人联系人: 刘鑫磊
  - 招标人联系方式: 0351-4423448
  - 招标代理机构: 筑忱项目管理有限公司
  - 招标代理机构地址: 山西省太原市太榆路55号迎宾汽车站山西汽运集团晋龙捷泰运输有限公司办公楼五层
  - 招标代理机构联系人: 高攀
  - 招标代理机构联系方式: 18435140782
  - 监督部门: 太原市住房和城乡建设局

项目: 山阴县第四中学校教学楼加固改造工程项目
  链接: https://prec.sxzwfw.gov.cn/jyxxgcgs/1071427.jhtml
  目标字段: 监督部门联系方式
  结果: 失败（详情页/PDF/OCR均未取得文本，AI未调用）

项目: 代县城市地下管网及设施建设改造工程-东北街片区（分区一）施工项目
  链接: https://prec.sxzwfw.gov.cn/jyxxgchxr/1068808.jhtml
  目标字段: 监督部门联系方式
  结果: 失败
  - 监督部门联系方式: 无

项目: 代县城市地下管网及设施建设改造工程-东北街片区（分区一）监理项目
  链接: https://prec.sxzwfw.gov.cn/jyxxgchxr/1068807.jhtml
  目标字段: 监督部门联系方式
  结果: 失败
  - 监督部门联系方式: 无

项目: 泽州县丹溪片区集中供热建设项目（EPC）总承包中标结果公告
  链接: https://prec.sxzwfw.gov.cn/jyxxgcgs/1070481.jhtml
  目标字段: 监督部门联系方式
  结果: 失败
  - 监督部门联系方式: 无

项目: 高平市原村乡冯村村集中供热二网项目
  链接: https://prec.sxzwfw.gov.cn/jyxxgczb/1071190.jhtml
  目标字段: 监督部门联系方式
  结果: 失败
  - 监督部门联系方式: 无

项目: 长治市上党区工人文化宫改造项目设计施工总承包
  链接: https://prec.sxzwfw.gov.cn/jyxxgczb/1060833.jhtml
  目标字段: 开标时间, 标书发售时间
  结果: 成功
  - 开标时间: 2026年7月2日9时30分
  - 标书发售时间: 2026年6月1日至2026年7月2日

项目: 平鲁区李林中学3#学生公寓维修工程（装饰装修）项目
  链接: https://prec.sxzwfw.gov.cn/jyxxgcgs/1071500.jhtml
  目标字段: 监督部门联系方式
  结果: 成功
  - 监督部门联系方式: 本招标项目的监督部门为朔州市平鲁区住房和城乡建设管理局

项目: 应县迎宾路照明设施改造工程施工项目
  链接: https://prec.sxzwfw.gov.cn/jyxxgcgs/1071822.jhtml
  目标字段: 监督部门联系方式
  结果: 成功
  - 监督部门联系方式: 应县住房和城乡建设管理局

项目: 晋城市泽州县丹河流域北义城镇段农村生活污水治理及资源化利用项目中标结果公告
  链接: https://prec.sxzwfw.gov.cn/jyxxgcgs/1071907.jhtml
  目标字段: 监督部门联系方式
  结果: 成功
  - 监督部门联系方式: 0356-2285680

项目: 柿庄镇输配站基础设施提升改造项目
  链接: https://prec.sxzwfw.gov.cn/jyxxgczb/1064015.jhtml
  目标字段: 标书发售时间, 招标人地址
  结果: 成功
  - 标书发售时间: 2026年6月11日21时00分至2026年6月16日21时00分
  - 招标人地址: 无

项目: 长治市屯留区供水管网改造项目全过程工程咨询服务
  链接: https://prec.sxzwfw.gov.cn/jyxxgczb/1062325.jhtml
  目标字段: 标书发售时间, 招标人, 招标人地址, 招标人联系人, 招标人联系方式, 招标代理机构, 招标代理机构地址, 招标代理机构联系人, 招标代理机构联系方式
  结果: 成功
  - 标书发售时间: 2026年6月5日至2026年6月29日
  - 招标人: 长治市屯留区城市供水有限公司
  - 招标人地址: 山西省长治市屯留区麟绛街道麟绛西大街001号
  - 招标人联系人: 王军
  - 招标人联系方式: 15534685808
  - 招标代理机构: 山西鸿源达项目管理有限公司
  - 招标代理机构地址: 长治市潞州区东环路北段29号百厚大厦7层729号
  - 招标代理机构联系人: 裴凯楠
  - 招标代理机构联系方式: 18535558580

项目: 应县梨花北路更新改造工程项目
  链接: https://prec.sxzwfw.gov.cn/jyxxgcgs/1071867.jhtml
  目标字段: 监督部门联系方式
  结果: 成功
  - 监督部门联系方式: 应县住房和城乡建设管理局

项目: 运城市南风广场基础设施维修改造项目
  链接: https://prec.sxzwfw.gov.cn/jyxxgczb/1062805.jhtml
  目标字段: 招标人, 招标人地址, 招标人联系人, 招标人联系方式, 招标代理机构, 招标代理机构地址, 招标代理机构联系人, 招标代理机构联系方式
  结果: 成功
  - 招标人: 运城市城市管理局
  - 招标人地址: 山西省运城市铺安街金城大厦
  - 招标人联系人: 吴先生
  - 招标人联系方式: 03592613813
  - 招标代理机构: 山西衡泰鑫工程项目管理有限公司
  - 招标代理机构地址: 山西省太原市万柏林区长风西街16 号万国城MOMA19 幢2 层0202号房
  - 招标代理机构联系人: 裴先生
  - 招标代理机构联系方式: 19935946876

项目: 太原供水集团有限公司北张东路等给水管线改造工程钢管采购
  链接: https://prec.sxzwfw.gov.cn/jyxxgczb/1064097.jhtml
  目标字段: 招标代理机构联系人
  结果: 成功
  - 招标代理机构联系人: 石亚琼

项目: 平陆县平洪线(南坡-西祁)道路改造工程
  链接: https://prec.sxzwfw.gov.cn/jyxxgczb/1071330.jhtml
  目标字段: 招标人, 招标人地址, 招标人联系人, 招标人联系方式, 招标代理机构, 招标代理机构地址, 招标代理机构联系人, 招标代理机构联系方式, 监督部门, 监督部门联系方式
  结果: 成功
  - 招标人: 平陆县交通运输局
  - 招标人地址: 平陆县五一街东21 号
  - 招标人联系人: 王女士
  - 招标人联系方式: 13453939996
  - 招标代理机构: 山西信瑞弘源项目管理有限公司
  - 招标代理机构地址: 山西省运城市盐湖区御泽苑4 号楼1 单元502 室
  - 招标代理机构联系人: 张女士
  - 招标代理机构联系方式: 0359-2030007
  - 监督部门: 运城市交通运输局
  - 监督部门联系方式: 0359-2030007

项目: 晋城市建筑垃圾资源化利用项目特许经营者（二次）招标
  链接: https://prec.sxzwfw.gov.cn/jyxxgczb/1065567.jhtml
  目标字段: 招标人地址, 招标代理机构, 招标代理机构地址, 招标代理机构联系人, 招标代理机构联系方式
  结果: 失败
  - 招标人地址: 无
  - 招标代理机构: 无
  - 招标代理机构地址: 无
  - 招标代理机构联系人: 无
  - 招标代理机构联系方式: 无

项目: 阳城县城市更新清林沟片区综合改造工程勘察
  链接: https://prec.sxzwfw.gov.cn/jyxxgczb/1064508.jhtml
  目标字段: 标书发售时间, 招标代理机构, 招标代理机构地址, 招标代理机构联系人, 招标代理机构联系方式
  结果: 成功
  - 标书发售时间: 2026年6月12日18时00分至2026年6月17日18时00分
  - 招标代理机构: 锐驰项目管理有限公司
  - 招标代理机构地址: 晋城市城区泽州南路白水印象东门北侧100米神利便利二楼
  - 招标代理机构联系人: 祁俊莲
  - 招标代理机构联系方式: 0356-2130506

项目: 西上庄煤矿无轨胶轮车（001标段）中标候选人公示更正
  链接: https://prec.sxzwfw.gov.cn/jyxxgchxr/1071693.jhtml
  目标字段: 监督部门
  结果: 成功
  - 监督部门: 山西省能源局

项目: 2026年沁水县城边坡综合治理工程监理
  链接: https://prec.sxzwfw.gov.cn/jyxxgczb/1063872.jhtml
  目标字段: 监督部门联系方式
  结果: 成功
  - 监督部门联系方式: 0356-7022483

项目: 繁峙县资源路产业路108国道-上西庄公路改造工程施工项目
  链接: https://prec.sxzwfw.gov.cn/jyxxgchxr/1071396.jhtml
  目标字段: 监督部门联系方式
  结果: 失败
  - 监督部门联系方式: 无

项目: 杏花岭区2024年老旧小区改造项目（二期）设计施工总承包（EPC）(003标段三)
  链接: https://prec.sxzwfw.gov.cn/jyxxgcgs/1071593.jhtml
  目标字段: 监督部门联系方式
  结果: 失败
  - 监督部门联系方式: 无

项目: 杏花岭区2024年老旧小区改造项目（二期）设计施工总承包（EPC）(002标段二)
  链接: https://prec.sxzwfw.gov.cn/jyxxgcgs/1071592.jhtml
  目标字段: 监督部门联系方式
  结果: 失败
  - 监督部门联系方式: 无

项目: 杏花岭区2024年老旧小区改造项目（二期）设计施工总承包（EPC）(009标段九)
  链接: https://prec.sxzwfw.gov.cn/jyxxgcgs/1071563.jhtml
  目标字段: 监督部门联系方式
  结果: 失败
  - 监督部门联系方式: 无

项目: 杏花岭区2024年老旧小区改造项目（二期）设计施工总承包（EPC）(007标段七)
  链接: https://prec.sxzwfw.gov.cn/jyxxgcgs/1071561.jhtml
  目标字段: 监督部门联系方式
  结果: 失败
  - 监督部门联系方式: 无

项目: 杏花岭区2024年老旧小区改造项目（二期）设计施工总承包（EPC）(006标段六)
  链接: https://prec.sxzwfw.gov.cn/jyxxgcgs/1071560.jhtml
  目标字段: 监督部门联系方式
  结果: 失败
  - 监督部门联系方式: 无

项目: 杏花岭区2024年老旧小区改造项目（二期）设计施工总承包（EPC）(005标段五)
  链接: https://prec.sxzwfw.gov.cn/jyxxgcgs/1071559.jhtml
  目标字段: 监督部门联系方式
  结果: 失败
  - 监督部门联系方式: 无

项目: 保德县2026年农村公路改造工程施工项目
  链接: https://prec.sxzwfw.gov.cn/jyxxgchxr/1069015.jhtml
  目标字段: 监督部门联系方式
  结果: 失败
  - 监督部门联系方式: 无

项目: 万荣县凯祥生物科技有限公司年产90000吨液体肥与3000吨固体肥生产线建设（农业面源污染综合治理）项目
  链接: https://prec.sxzwfw.gov.cn/jyxxgczb/1072109.jhtml
  目标字段: 开标时间, 标书发售时间, 公告内容, 招标人, 招标人地址, 招标人联系人, 招标人联系方式, 招标代理机构, 招标代理机构地址, 招标代理机构联系人, 招标代理机构联系方式, 监督部门, 监督部门联系方式
  结果: 成功
  - 开标时间: 2026年07月30日09时00分
  - 标书发售时间: 2026年07月08日00时00分起至2026年07月15日00时00分止
  - 公告内容: 万荣县凯祥生物科技有限公司年产90000 吨液体肥与3000 吨固体肥生产线建设（农 业面源污染综合治理）项目招标公告 （招标编号：2026GC010695） 招标项目所在地区：运城市万荣县 一、招标...
  - 招标人: 万荣县凯祥生物科技有限公司
  - 招标人地址: 山西省运城市万荣县里望乡西张村东200 米
  - 招标人联系人: 朱先生
  - 招标人联系方式: 15581948291
  - 招标代理机构: 山西林辉工程项目管理有限公司
  - 招标代理机构地址: 山西省运城市卡纳溪谷西门北侧4422-12 号商铺
  - 招标代理机构联系人: 张女士
  - 招标代理机构联系方式: 0359-2568868
  - 监督部门: 万荣县农业农村局
  - 监督部门联系方式: 0359-4521007

项目: 长治境内2026年度普通省道灾毁恢复重建工程施工
  链接: https://prec.sxzwfw.gov.cn/jyxxgczb/1072069.jhtml
  目标字段: 标书发售时间, 监督部门联系方式
  结果: 成功
  - 标书发售时间: 2026年7月7日20:00至2026年7月14日20:00
  - 监督部门联系方式: 0351-7582107

项目: 岚县县城新建路地下管网改造项目施工
  链接: https://prec.sxzwfw.gov.cn/jyxxgczb/1071994.jhtml
  目标字段: 标书发售时间, 招标人, 招标人地址, 招标人联系人, 招标人联系方式, 招标代理机构, 招标代理机构地址, 招标代理机构联系人, 招标代理机构联系方式
  结果: 成功
  - 标书发售时间: 无
  - 招标人: 岚县的后城乡建设管理局
  - 招标人地址: 山西省吕梁市岚县县城西二街
  - 招标人联系人: 刘先生
  - 招标人联系方式: 0358-6722375
  - 招标代理机构: 山西盖尔项目管理有限公司
  - 招标代理机构地址: 山西省太原市迎泽区并州北路6号物产大厦8层
  - 招标代理机构联系人: 刘思远、郭继纲、武红霞、申慧敏
  - 招标代理机构联系方式: 0351-3053166

项目: 岚县县城新建路地下管网改造项目监理
  链接: https://prec.sxzwfw.gov.cn/jyxxgczb/1071993.jhtml
  目标字段: 标书发售时间, 招标人, 招标人地址, 招标人联系人, 招标人联系方式, 招标代理机构, 招标代理机构地址, 招标代理机构联系人, 招标代理机构联系方式
  结果: 成功
  - 标书发售时间: 2026年7月7日18时00分至2026年7月30日10时00分前
  - 招标人: 岚县住房和城乡建设管理局
  - 招标人地址: 山西省吕梁市岚县县城西二街
  - 招标人联系人: 刘先生
  - 招标人联系方式: 0358-6722375
  - 招标代理机构: 山西盖尔项目管理有限公司
  - 招标代理机构地址: 山西省太原市迎泽区并州北路6号物产大厦8层
  - 招标代理机构联系人: 刘思远、郭继纲、武红霞、申慧敏
  - 招标代理机构联系方式: 0351-3053166

项目: 阳曲县安康医院建设项目外立面工程材料采购
  链接: https://prec.sxzwfw.gov.cn/jyxxgczb/1071908.jhtml
  目标字段: 标书发售时间
  结果: 成功
  - 标书发售时间: 2026年07月07日17时00分至2026年07月14日17时00分

项目: 安泽县府西街地下停车场及配套设施建设项目EPC总承包(二次）
  链接: https://prec.sxzwfw.gov.cn/jyxxgczb/1071889.jhtml
  目标字段: 标书发售时间
  结果: 成功
  - 标书发售时间: 2026年07月08日00时00分至2026年07月14日00时00分

项目: 山煤河曲2×350MW低热值煤发电贮灰场项目总承包二次招标
  链接: https://prec.sxzwfw.gov.cn/jyxxgczb/1059839.jhtml
  目标字段: 标书发售时间, 招标代理机构, 招标代理机构地址, 招标代理机构联系人, 招标代理机构联系方式
  结果: 成功
  - 标书发售时间: 2026年05月28日17:00 至 2026年06月02日17:00
  - 招标代理机构: 山西焦煤集团招标有限公司
  - 招标代理机构地址: 山西省太原市小店区龙城大街102 号文旅大厦 A 座4 层
  - 招标代理机构联系人: 朱先生、符先生
  - 招标代理机构联系方式: 0351-7955111

项目: 阳城县城市更新清林沟片区综合改造工程设计
  链接: https://prec.sxzwfw.gov.cn/jyxxgczb/1064507.jhtml
  目标字段: 标书发售时间, 招标代理机构, 招标代理机构地址, 招标代理机构联系人, 招标代理机构联系方式
  结果: 成功
  - 标书发售时间: 2026年6月12日18时00分至2026年6月17日18时00分
  - 招标代理机构: 锐驰项目管理有限公司
  - 招标代理机构地址: 晋城市城区泽州南路白水印象东门北侧100米神利便利二楼
  - 招标代理机构联系人: 祁俊莲
  - 招标代理机构联系方式: 0356-2130506

项目: 清徐县城乡供水一体化工程(一期)施工 远传阀控水表设备采购
  链接: https://prec.sxzwfw.gov.cn/jyxxgchxr/1071960.jhtml
  目标字段: 监督部门, 监督部门联系方式
  结果: 失败
  - 监督部门: 无
  - 监督部门联系方式: 无

项目: 太原市热力集团集中供热城市生命线安全工程监理
  链接: https://prec.sxzwfw.gov.cn/jyxxgczb/1065107.jhtml
  目标字段: 招标代理机构联系人
  结果: 成功
  - 招标代理机构联系人: 孙奇

项目: 长兴南街（光华路-西中环）建设工程施工
  链接: https://prec.sxzwfw.gov.cn/jyxxgczb/1065459.jhtml
  目标字段: 标书发售时间, 招标代理机构联系人
  结果: 成功
  - 标书发售时间: 开始时间2026年06月16日17时00分至结束时间2026年06月22日17时00分
  - 招标代理机构联系人: 王建红

项目: 晋源区新村村城中村改造安置项目景观工程
  链接: https://prec.sxzwfw.gov.cn/jyxxgczb/1052197.jhtml
  目标字段: 开标时间, 招标代理机构联系人
  结果: 成功
  - 开标时间: 2026年05月22日09时30分
  - 招标代理机构联系人: 崔玉龙

项目: 太原市西山地表水厂供水工程一取水泵站(引黄原水)工程钢管采购
  链接: https://prec.sxzwfw.gov.cn/jyxxgczb/1064481.jhtml
  目标字段: 招标代理机构联系人
  结果: 成功
  - 招标代理机构联系人: 石亚琼

项目: 2026年城区道路无灯改造工程(第一批)
  链接: https://prec.sxzwfw.gov.cn/jyxxgczb/1059442.jhtml
  目标字段: 标书发售时间, 招标代理机构, 招标代理机构地址, 招标代理机构联系人, 招标代理机构联系方式
  结果: 成功
  - 标书发售时间: 2026年05月26日19时00分-2026年06月01日19时00分
  - 招标代理机构: 正大方项目管理有限公司
  - 招标代理机构地址: 太原市小店区太榆路39号君怡大厦B座425室
  - 招标代理机构联系人: 张雨
  - 招标代理机构联系方式: 0351-8787037

项目: 山西省肿瘤医院医疗服务综合能力提升修缮工程（病房改造提升）项目施工（二次）
  链接: https://prec.sxzwfw.gov.cn/jyxxgczb/1061675.jhtml
  目标字段: 标书发售时间, 招标代理机构联系人
  结果: 失败（详情页/PDF/OCR均未取得文本，AI未调用）

