山西省公共资源交易平台 AI补全报告
生成时间: 2026-07-14 00:25:29
使用模型: glm-4.6-thinking
============================================================

【汇总】
  处理项目数 : 84
  成功        : 50
  失败        : 34
  跳过        : 0
  字段补全数  : 259

【Token消耗】
  AI调用次数  : 84
  输入tokens  : 138,353
  输出tokens  : 37,528
  合计tokens  : 175,881

【详细记录】
----------------------------------------
项目: 夹马口引黄灌区续建配套与现代化改造工程（2026-2027年度）勘察
  链接: https://prec.sxzwfw.gov.cn/jyxxgczb/1073339.jhtml
  目标字段: 开标时间, 标书发售时间, 公告内容, 招标人, 招标人地址, 招标人联系人, 招标人联系方式, 招标代理机构, 招标代理机构地址, 招标代理机构联系人, 招标代理机构联系方式, 监督部门, 监督部门联系方式
  结果: 成功
  - 开标时间: 2026 年08 月04 日09 时00 分
  - 标书发售时间: 2026 年07 月13 日00 时00 分起至2026 年07 月18 日00 时00 分止
  - 公告内容: 夹马口引黄灌区续建配套与现代化改造工程（2026-2027 年度）勘察招标公告 （招标编号：2026GC010719） 招标项目所在地区：运城市 一、招标条件 本夹马口引黄灌区续建配套与现代化改造工程...
  - 招标人: 运城市夹马口引黄服务中心有限公司
  - 招标人地址: 运城市禹都东街128 号
  - 招标人联系人: 薛女士
  - 招标人联系方式: 13467282183
  - 招标代理机构: 山西河东投资项目管理咨询服务有限公司
  - 招标代理机构地址: 运城市盐湖区槐东南路国土公寓一单元7 层701
  - 招标代理机构联系人: 任女士
  - 招标代理机构联系方式: 18003598581
  - 监督部门: 运城市水务局
  - 监督部门联系方式: 0359-2260828

项目: 马村镇马村村高标准设施蔬菜基地项目
  链接: https://prec.sxzwfw.gov.cn/jyxxgczb/1069822.jhtml
  目标字段: 招标代理机构地址
  结果: 失败
  - 招标代理机构地址: 无

项目: 太原市杏花岭区宇乔400MW/800MWh独立储能调频电站项目(EPC总承包）
  链接: https://prec.sxzwfw.gov.cn/jyxxgcgs/1071357.jhtml
  目标字段: 监督部门联系方式
  结果: 失败
  - 监督部门联系方式: 无

项目: 太原西山“骑行+”户外运动场地设施与服务保障设施建设项目施工
  链接: https://prec.sxzwfw.gov.cn/jyxxgcgs/1070917.jhtml
  目标字段: 监督部门
  结果: 失败
  - 监督部门: 无

项目: 华信振阳高新区200MW/400MWh独立储能项目EPC总承包
  链接: https://prec.sxzwfw.gov.cn/jyxxgcgs/1071264.jhtml
  目标字段: 监督部门
  结果: 失败
  - 监督部门: 无

项目: 原平市2025年农村公路灾毁改造工程（裕隆社区-武彦等6条）监理项目
  链接: https://prec.sxzwfw.gov.cn/jyxxgchxr/1069689.jhtml
  目标字段: 监督部门联系方式
  结果: 失败
  - 监督部门联系方式: 无

项目: 代县城市地下管网及设施建设改造工程-东北街片区（分区二）施工项目
  链接: https://prec.sxzwfw.gov.cn/jyxxgchxr/1069209.jhtml
  目标字段: 监督部门联系方式
  结果: 失败
  - 监督部门联系方式: 无

项目: 大同市晋北地区高原风沙源生态保护和修复项目桦林背林场2026年人工造林(1,2,3,4,5,6,8,9,10,11,12,
  链接: https://prec.sxzwfw.gov.cn/jyxxgczb/1069176.jhtml
  目标字段: 监督部门联系方式
  结果: 成功
  - 监督部门联系方式: 电话:0352-7789836

项目: 山西蓝焰煤层气集团有限责任公司晋城矿区煤层气加密井建设项目（二期）煤层气井录井技术服务
  链接: https://prec.sxzwfw.gov.cn/jyxxgczb/1055857.jhtml
  目标字段: 招标人地址, 招标人联系人, 招标人联系方式
  结果: 失败
  - 招标人地址: 无
  - 招标人联系人: 无
  - 招标人联系方式: 无

项目: 高平市炎谷丰高标准设施蔬菜基地项目(002二标段)
  链接: https://prec.sxzwfw.gov.cn/jyxxgchxr/1067695.jhtml
  目标字段: 监督部门联系方式
  结果: 失败
  - 监督部门联系方式: 无

项目: 太原天然气有限公司太原市2026年住宅小区居民共有老旧庭院燃气管网及户内立管更新改造项目工程施工
  链接: https://prec.sxzwfw.gov.cn/jyxxgcgs/1069250.jhtml
  目标字段: 监督部门联系方式
  结果: 失败
  - 监督部门联系方式: 无

项目: 黄水河宁武县段河道治理工程勘察设计项目
  链接: https://prec.sxzwfw.gov.cn/jyxxgchxr/1067711.jhtml
  目标字段: 监督部门联系方式
  结果: 失败
  - 监督部门联系方式: 无

项目: 高平市燃气老化管网及设施更新改造工程（老化燃气管道更新改造EPC）
  链接: https://prec.sxzwfw.gov.cn/jyxxgczb/1060412.jhtml
  目标字段: 招标代理机构地址
  结果: 失败
  - 招标代理机构地址: 无

项目: 杏花岭区2024年老旧小区改造项目（二期）设计施工总承包（EPC）(004标段四)
  链接: https://prec.sxzwfw.gov.cn/jyxxgcgs/1071595.jhtml
  目标字段: 监督部门联系方式
  结果: 失败
  - 监督部门联系方式: 无

项目: 中村镇张马村历山花卉融创基地
  链接: https://prec.sxzwfw.gov.cn/jyxxgchxr/1070266.jhtml
  目标字段: 监督部门联系方式
  结果: 失败
  - 监督部门联系方式: 无

项目: 晋中市松塔水库供水（二期）工程管材及管件采购03标
  链接: https://prec.sxzwfw.gov.cn/jyxxgchxr/1070208.jhtml
  目标字段: 监督部门联系方式
  结果: 失败
  - 监督部门联系方式: 无

项目: 平陆县2026年村道水毁工程
  链接: https://prec.sxzwfw.gov.cn/jyxxgczb/1062514.jhtml
  目标字段: 招标人联系人
  结果: 失败
  - 招标人联系人: 无

项目: 原平市2025年农村公路灾毁改造工程（裕隆社区-武彦等6条）施工项目
  链接: https://prec.sxzwfw.gov.cn/jyxxgchxr/1070610.jhtml
  目标字段: 监督部门联系方式
  结果: 成功
  - 监督部门联系方式: 忻州市交通运输局

项目: 代县城市地下管网及设施建设改造工程-东北街片区（分区一）施工项目
  链接: https://prec.sxzwfw.gov.cn/jyxxgchxr/1068808.jhtml
  目标字段: 监督部门联系方式
  结果: 失败
  - 监督部门联系方式: 无

项目: 代县城市地下管网及设施建设改造工程-东北街片区（分区一）监理项目
  链接: https://prec.sxzwfw.gov.cn/jyxxgchxr/1068807.jhtml
  目标字段: 监督部门联系方式
  结果: 失败
  - 监督部门联系方式: 无

项目: 高平市原村乡冯村村集中供热二网项目
  链接: https://prec.sxzwfw.gov.cn/jyxxgczb/1071190.jhtml
  目标字段: 监督部门联系方式
  结果: 失败
  - 监督部门联系方式: 无

项目: 柿庄镇输配站基础设施提升改造项目
  链接: https://prec.sxzwfw.gov.cn/jyxxgczb/1064015.jhtml
  目标字段: 招标人地址
  结果: 失败
  - 招标人地址: 无

项目: 晋城市建筑垃圾资源化利用项目特许经营者（二次）招标
  链接: https://prec.sxzwfw.gov.cn/jyxxgczb/1065567.jhtml
  目标字段: 招标人, 招标人地址, 招标人联系人, 招标人联系方式, 招标代理机构, 招标代理机构地址, 招标代理机构联系人, 招标代理机构联系方式, 监督部门
  结果: 失败
  - 招标人: 无
  - 招标人地址: 无
  - 招标人联系人: 无
  - 招标人联系方式: 无
  - 招标代理机构: 无
  - 招标代理机构地址: 无
  - 招标代理机构联系人: 无
  - 招标代理机构联系方式: 无
  - 监督部门: 无

项目: 阳城县城市更新清林沟片区综合改造工程勘察
  链接: https://prec.sxzwfw.gov.cn/jyxxgczb/1064508.jhtml
  目标字段: 标书发售时间, 招标代理机构, 招标代理机构地址, 招标代理机构联系人, 招标代理机构联系方式
  结果: 成功
  - 标书发售时间: 2026年6月12日18时00分至2026年6月17日18时00分
  - 招标代理机构: 锐驰项目管理有限公司
  - 招标代理机构地址: 晋城市城区泽州南路白水印象东门北侧100米神利便利二楼
  - 招标代理机构联系人: 祁俊莲
  - 招标代理机构联系方式: 0356-2130506

项目: 繁峙县资源路产业路108国道-上西庄公路改造工程施工项目
  链接: https://prec.sxzwfw.gov.cn/jyxxgchxr/1071396.jhtml
  目标字段: 监督部门联系方式
  结果: 失败
  - 监督部门联系方式: 无

项目: 杏花岭区2024年老旧小区改造项目（二期）设计施工总承包（EPC）(003标段三)
  链接: https://prec.sxzwfw.gov.cn/jyxxgcgs/1071593.jhtml
  目标字段: 监督部门联系方式
  结果: 失败
  - 监督部门联系方式: 无

项目: 杏花岭区2024年老旧小区改造项目（二期）设计施工总承包（EPC）(002标段二)
  链接: https://prec.sxzwfw.gov.cn/jyxxgcgs/1071592.jhtml
  目标字段: 监督部门联系方式
  结果: 失败
  - 监督部门联系方式: 无

项目: 杏花岭区2024年老旧小区改造项目（二期）设计施工总承包（EPC）(007标段七)
  链接: https://prec.sxzwfw.gov.cn/jyxxgcgs/1071561.jhtml
  目标字段: 监督部门联系方式
  结果: 失败
  - 监督部门联系方式: 无

项目: 杏花岭区2024年老旧小区改造项目（二期）设计施工总承包（EPC）(006标段六)
  链接: https://prec.sxzwfw.gov.cn/jyxxgcgs/1071560.jhtml
  目标字段: 监督部门联系方式
  结果: 失败
  - 监督部门联系方式: 无

项目: 杏花岭区2024年老旧小区改造项目（二期）设计施工总承包（EPC）(005标段五)
  链接: https://prec.sxzwfw.gov.cn/jyxxgcgs/1071559.jhtml
  目标字段: 监督部门联系方式
  结果: 失败
  - 监督部门联系方式: 无

项目: 陵川县丁东线(浙水村至长治界)公路改造工程中标结果公告
  链接: https://prec.sxzwfw.gov.cn/jyxxgcgs/1073373.jhtml
  目标字段: 监督部门联系方式
  结果: 成功
  - 监督部门联系方式: 13015455110

项目: 长兴南街（光华路-西中环）建设工程施工
  链接: https://prec.sxzwfw.gov.cn/jyxxgczb/1065459.jhtml
  目标字段: 开标时间, 标书发售时间, 公告内容, 招标人, 招标人地址, 招标人联系人, 招标人联系方式, 招标代理机构, 招标代理机构地址, 招标代理机构联系人, 招标代理机构联系方式, 监督部门
  结果: 成功
  - 开标时间: 2026年07月07日09时30分
  - 标书发售时间: 2026年06月16日17时00分至结束时间2026年06月22日17时00分
  - 公告内容: （招标编号： E1401000267024448001001） 招标项目所在地区： 山西省太原市 一、招标条件 本 长兴南街（光华路 -西中环）建设工程施工 （招标项目编号： E14010002670...
  - 招标人: 太原市城乡基础设施建设中心
  - 招标人地址: 太原市迎泽区双塔西街81号
  - 招标人联系人: 周亚琼
  - 招标人联系方式: 0351-7520287
  - 招标代理机构: 山西海通建设项目管理咨询有限公司
  - 招标代理机构地址: 山西省太原市平阳路119号鸿富综合楼2626层
  - 招标代理机构联系人: 王建红
  - 招标代理机构联系方式: 0351-7285300
  - 监督部门: 太原市住房和城乡建设局

项目: 晋源区新村村城中村改造安置项目景观工程
  链接: https://prec.sxzwfw.gov.cn/jyxxgczb/1052197.jhtml
  目标字段: 开标时间, 招标代理机构联系人
  结果: 成功
  - 开标时间: 2026年05月22日09时30分
  - 招标代理机构联系人: 崔玉龙

项目: 吕梁市新城北川河治理工程二期工程2标段末端新旧河道连接工程施工项目二次
  链接: https://prec.sxzwfw.gov.cn/jyxxgczb/1072361.jhtml
  目标字段: 标书发售时间, 招标人, 招标人地址, 招标人联系人, 招标人联系方式, 招标代理机构, 招标代理机构地址, 招标代理机构联系人, 招标代理机构联系方式
  结果: 成功
  - 标书发售时间: 2026年07月08日18时00分至2026年07月29日10时00分
  - 招标人: 吕梁市新城两山防洪指挥部
  - 招标人地址: 吕梁市离石区滨河北西路1号
  - 招标人联系人: 付先生
  - 招标人联系方式: 13935813347
  - 招标代理机构: 山西鼎盛源项目管理有限责任公司
  - 招标代理机构地址: 吕梁市离石区凤山街道文丰路69号（乔家沟八巷正对面）
  - 招标代理机构联系人: 薛女士
  - 招标代理机构联系方式: 13233589799

项目: 临猗县城区雨污分流改造项目（一期）南环路雨污分流改造监理
  链接: https://prec.sxzwfw.gov.cn/jyxxgczb/1065463.jhtml
  目标字段: 开标时间, 标书发售时间, 公告内容, 招标人, 招标人地址, 招标人联系人, 招标人联系方式, 招标代理机构, 招标代理机构地址, 招标代理机构联系人, 招标代理机构联系方式
  结果: 成功
  - 开标时间: 2026 年7 月8 日09 时00 分（北京时间）
  - 标书发售时间: 2026 年6 月17 日08 时00 分至2026 年6 月23 日18 时00 分
  - 公告内容: 临猗县城区雨污分流改造项目（一期）南环路雨污分流改造监理 招标公告 （项目编号：2026GC010562） 招标项目所在地区：运城市临猗县 一、招标条件 本临猗县城区雨污分流改造项目（一期）南环路雨污...
  - 招标人: 临猗县市政公用服务中心
  - 招标人地址: 临猗县双塔南路1190 号
  - 招标人联系人: 谢先生
  - 招标人联系方式: 13835929284
  - 招标代理机构: 中鼎誉润工程咨询有限公司
  - 招标代理机构地址: 运城市红旗东街盐湖城小区
  - 招标代理机构联系人: 张女士
  - 招标代理机构联系方式: 0359-8333353

项目: 稷山县汾北城乡一体化供水工程监理二次
  链接: https://prec.sxzwfw.gov.cn/jyxxgczb/1064946.jhtml
  目标字段: 开标时间, 标书发售时间, 公告内容, 招标人, 招标人地址, 招标人联系人, 招标人联系方式, 招标代理机构, 招标代理机构地址, 招标代理机构联系人, 招标代理机构联系方式
  结果: 成功
  - 开标时间: 2026 年7 月7 日9 时00 分
  - 标书发售时间: 2026 年 6 月 15 日 17 时 00 分至 2026 年 6 月 23 日 17 时 00 分
  - 公告内容: 稷山县汾北城乡一体化供水工程监理二次 招标公告 （招标项目编号：2026GC010465） 招标项目所在就地区:运城市 稷山县 一、招标条件 本稷山县汾北城乡一体化供水工程监理（招标项目编号：2026...
  - 招标人: 稷山县水利局
  - 招标人地址: 稷山县稷王南路7 号
  - 招标人联系人: 赵先生
  - 招标人联系方式: 13293993113
  - 招标代理机构: 山西渊诚工程管理有限公司
  - 招标代理机构地址: 运城市盐湖区解放路与老西街交汇处南50 米
  - 招标代理机构联系人: 薛先生
  - 招标代理机构联系方式: 13620691422

项目: 新绛经济技术开发区地下水污染风险管控与修复项目设计
  链接: https://prec.sxzwfw.gov.cn/jyxxgczb/1065310.jhtml
  目标字段: 开标时间, 标书发售时间, 公告内容, 招标人, 招标人地址, 招标人联系人, 招标人联系方式, 招标代理机构, 招标代理机构地址, 招标代理机构联系人, 招标代理机构联系方式
  结果: 成功
  - 开标时间: 2026年7月8日09时00分
  - 标书发售时间: 2026年6月17日08时00分至2026年6月24日18时00分
  - 公告内容: 新绛经济技术开发区地下水污染风险管控与修复项目设计 招标公告 （招标编号：2026GC010588 ） 招标项目所在地区：运城市新绛县 一、招标条件 本招标项目新绛经济技术开发区地下水污染风险管控与修...
  - 招标人: 新绛经济技术开发区管理委员会
  - 招标人地址: 山西省新绛县城北临夏县5公里
  - 招标人联系人: 邱先生
  - 招标人联系方式: 0359-2366085
  - 招标代理机构: 山西泽林工程项目管理有限公司
  - 招标代理机构地址: 山西省运城市盐湖区禹西路1569 号金华国际大厦23 层
  - 招标代理机构联系人: 黄女士
  - 招标代理机构联系方式: 13620699079

项目: 山西朔州山阴兰花口前煤业有限公司11号煤层开采项目监理
  链接: https://prec.sxzwfw.gov.cn/jyxxgczb/1065644.jhtml
  目标字段: 标书发售时间
  结果: 成功
  - 标书发售时间: 2026年06月17日17时00分至2026年06月25日17时00分

项目: 清徐县城乡供水一体化工程(一期)施工水表井采购
  链接: https://prec.sxzwfw.gov.cn/jyxxgczb/1064902.jhtml
  目标字段: 招标代理机构, 招标代理机构地址, 招标代理机构联系人, 招标代理机构联系方式
  结果: 成功
  - 招标代理机构: 山西泰昊工程技术咨询有限公司
  - 招标代理机构地址: 太原市小店区亲贤北街368号水工大厦630室
  - 招标代理机构联系人: 李旭升
  - 招标代理机构联系方式: 15235170426

项目: 规划一路（龙城大街—龙城南街）和规划二路（龙城大街—龙城南街）建设工程施工
  链接: https://prec.sxzwfw.gov.cn/jyxxgchxr/1072302.jhtml
  目标字段: 监督部门
  结果: 成功
  - 监督部门: 太原市住房和城乡建设局

项目: 吴家堡南北规划路（康兴街一吴家堡北街）建设工程施工
  链接: https://prec.sxzwfw.gov.cn/jyxxgczb/1065545.jhtml
  目标字段: 招标代理机构, 招标代理机构地址, 招标代理机构联系人, 招标代理机构联系方式
  结果: 成功
  - 招标代理机构: 山西通九州工程项目管理有限公司
  - 招标代理机构地址: 太原市小店区龙城南街98号富力尚悦居办公楼五层513室
  - 招标代理机构联系人: 于海霞
  - 招标代理机构联系方式: 13994237536

项目: 山西省黎城县佛崖底滑坡地质灾害治理项目工程施工
  链接: https://prec.sxzwfw.gov.cn/jyxxgczb/1065269.jhtml
  目标字段: 开标时间, 标书发售时间
  结果: 成功
  - 开标时间: 2026年07月07日09时30分
  - 标书发售时间: 2026年06月16日至2026年07月07日

项目: 中阳县南川河城区段生态综合治理和雨污管网更新改造项目EPC总承包其它
  链接: https://prec.sxzwfw.gov.cn/jyxxgczb/1061532.jhtml
  目标字段: 标书发售时间, 招标人, 招标人地址, 招标人联系人, 招标人联系方式, 招标代理机构, 招标代理机构地址, 招标代理机构联系人, 招标代理机构联系方式, 监督部门联系方式
  结果: 成功
  - 标书发售时间: 2026年06月03日17时00分至2026年07月06日10时00分
  - 招标人: 中阳县住房和城乡建设管理局
  - 招标人地址: 中阳县宁乡镇办公楼三层
  - 招标人联系人: 赵先生
  - 招标人联系方式: 13753371876
  - 招标代理机构: 中彧工程咨询有限公司
  - 招标代理机构地址: 山西省太原市高新区产业路48号新岛科技园E座三层
  - 招标代理机构联系人: 张飞燕
  - 招标代理机构联系方式: 18535885564 18734187671
  - 监督部门联系方式: 0358-3398049

项目: 中阳县南川河城区段生态综合治理和雨污管网更新改造项目EPC总承包其它第二标段
  链接: https://prec.sxzwfw.gov.cn/jyxxgchxr/1072278.jhtml
  目标字段: 监督部门联系方式
  结果: 成功
  - 监督部门联系方式: 0358-3398049

项目: 运城市排洪通道（姚暹渠盐湖段）改造工程互通项目
  链接: https://prec.sxzwfw.gov.cn/jyxxgczb/1064767.jhtml
  目标字段: 开标时间, 标书发售时间, 公告内容, 招标人, 招标人地址, 招标人联系人, 招标人联系方式, 招标代理机构, 招标代理机构地址, 招标代理机构联系人, 招标代理机构联系方式
  结果: 成功
  - 开标时间: 2026 年07 月07 日09 时00 分（北京时间）
  - 标书发售时间: 2026 年06 月15 日08 时00 分至2026 年06 月22 日18 时00 分
  - 公告内容: 运城市排洪通道（姚暹渠盐湖段）改造工程互通项目 招标公告 （项目编号：2026GC010582） 招标项目所在地区：运城市盐湖区 一、招标条件 运城市排洪通道（姚暹渠盐湖段）改造工程互通项目（项目编号...
  - 招标人: 运城市盐湖区水务局
  - 招标人地址: 盐湖区解放北路益农园约90 米
  - 招标人联系人: 李先生
  - 招标人联系方式: 0359-8605001
  - 招标代理机构: 山西沐泓工程项目管理有限公司
  - 招标代理机构地址: 运城市盐湖区铺安街天泰文化苑北区D 幢三单元2101 室
  - 招标代理机构联系人: 王女士
  - 招标代理机构联系方式: 0359-2226128/15364842299

项目: 万荣县2026年农村公路建设工程（汉池至汉薛等4条路）
  链接: https://prec.sxzwfw.gov.cn/jyxxgczb/1064564.jhtml
  目标字段: 开标时间, 标书发售时间, 公告内容, 招标人, 招标人地址, 招标人联系人, 招标人联系方式, 招标代理机构, 招标代理机构地址, 招标代理机构联系人, 招标代理机构联系方式
  结果: 成功
  - 开标时间: 2026年7月7日09时00分
  - 标书发售时间: 2026年6月15日00时00分起至2026年6月20日00时00分止
  - 公告内容: 万荣县2026 年农村公路建设工程（汉池至汉薛等4 条路）招标公告 （招标编号：2026GC010576） 招标项目所在地区：运城市万荣县 一、招标条件 本万荣县2026 年农村公路建设工程（汉池至汉...
  - 招标人: 万荣县交通运输局
  - 招标人地址: 万荣县城五一东街
  - 招标人联系人: 王先生
  - 招标人联系方式: 15935990567
  - 招标代理机构: 山西三源工程项目管理有限公司
  - 招标代理机构地址: 运城市盐湖区红旗东街康乐苑临街办公楼1 栋2 单元301 室
  - 招标代理机构联系人: 崔先生
  - 招标代理机构联系方式: 0359-2507779、18634834446

项目: 长治市体育路(捉马大街-漳泽东街)道路建设工程施工
  链接: https://prec.sxzwfw.gov.cn/jyxxgczb/1065385.jhtml
  目标字段: 标书发售时间, 招标人, 招标人地址, 招标人联系人, 招标人联系方式, 招标代理机构, 招标代理机构地址, 招标代理机构联系人, 招标代理机构联系方式
  结果: 成功
  - 标书发售时间: 2026年6月16日至2026年7月7日(北京时间)
  - 招标人: 长治市市政建设中心
  - 招标人地址: 长治市太行西街36号
  - 招标人联系人: 王女士
  - 招标人联系方式: 0355-5829645
  - 招标代理机构: 山西卓元博盛建设工程项目管理有限公司
  - 招标代理机构地址: 长治市保宁门西街309号世纪城第一座807号
  - 招标代理机构联系人: 陈女士
  - 招标代理机构联系方式: 18235546118

项目: 2026年城市道路绿化工程总承包中标结果公告
  链接: https://prec.sxzwfw.gov.cn/jyxxgcgs/1073562.jhtml
  目标字段: 监督部门
  结果: 失败
  - 监督部门: 无

项目: 代县阳明堡镇2026年生态农业示范园配套道路及渠道修建项目项目
  链接: https://prec.sxzwfw.gov.cn/jyxxgchxr/1072768.jhtml
  目标字段: 监督部门联系方式
  结果: 失败
  - 监督部门联系方式: 无

项目: 阳泉市郊区2026 年国土绿化综合治理项目施工二次第七标段
  链接: https://prec.sxzwfw.gov.cn/jyxxgchxr/1072730.jhtml
  目标字段: 监督部门
  结果: 成功
  - 监督部门: 阳泉市规划和自然资源局

项目: 响水坡村供排污工程总承包二次招标
  链接: https://prec.sxzwfw.gov.cn/jyxxgczb/1062931.jhtml
  目标字段: 标书发售时间
  结果: 成功
  - 标书发售时间: 2026年6月8日17:00至2026年6月13日17:00

项目: 武乡县新城区污水处理厂尾水人工湿地净化工程初步设计设计项目
  链接: https://prec.sxzwfw.gov.cn/jyxxgczb/1065426.jhtml
  目标字段: 招标人地址, 招标人联系人, 招标人联系方式, 招标代理机构, 招标代理机构地址, 招标代理机构联系人, 招标代理机构联系方式
  结果: 失败
  - 招标人地址: 无
  - 招标人联系人: 无
  - 招标人联系方式: 无
  - 招标代理机构: 无
  - 招标代理机构地址: 无
  - 招标代理机构联系人: 无
  - 招标代理机构联系方式: 无

项目: 忻州市通岗路、广裕街道路建设工程设计项目
  链接: https://prec.sxzwfw.gov.cn/jyxxgchxr/1072587.jhtml
  目标字段: 监督部门联系方式
  结果: 失败
  - 监督部门联系方式: 无

项目: 2026年泽州县昆玉小区等4个老旧小区更新改造工程初步设计中标结果公告
  链接: https://prec.sxzwfw.gov.cn/jyxxgcgs/1073338.jhtml
  目标字段: 监督部门联系方式
  结果: 失败
  - 监督部门联系方式: 无

项目: 朔州市平鲁区偏关河、汤溪河流域水土流失治理工程勘察设计项目
  链接: https://prec.sxzwfw.gov.cn/jyxxgcgs/1073428.jhtml
  目标字段: 监督部门联系方式
  结果: 成功
  - 监督部门联系方式: 朔州市平鲁区水利局

项目: 山西转型综合改革示范区储能充换电停车场示范项目设计施工总承包中标候选人公示更正
  链接: https://prec.sxzwfw.gov.cn/jyxxgchxr/1073127.jhtml
  目标字段: 监督部门联系方式
  结果: 失败
  - 监督部门联系方式: 无

项目: 大秦铁路股份有限公司侯马北工务段南同蒲线K841+940-K843+233路堑护坡大修整治工程施工总价承包项目(1标段)中标候选人公示更正
  链接: https://prec.sxzwfw.gov.cn/jyxxgchxr/1073096.jhtml
  目标字段: 监督部门联系方式
  结果: 失败
  - 监督部门联系方式: 无

项目: 运城经济技术开发区数智未来产业中心建设项目1＃标准厂房幕墙工程
  链接: https://prec.sxzwfw.gov.cn/jyxxgczb/1073689.jhtml
  目标字段: 监督部门
  结果: 成功
  - 监督部门: 运城经济技术开发区管理委员会

项目: 山西省万荣县景盛牧业有限公司新建年出栏900头肉牛养殖建设（农业面源污染综合治理）项目
  链接: https://prec.sxzwfw.gov.cn/jyxxgczb/1073663.jhtml
  目标字段: 开标时间, 标书发售时间, 公告内容, 招标人, 招标人地址, 招标人联系人, 招标人联系方式, 招标代理机构, 招标代理机构地址, 招标代理机构联系人, 招标代理机构联系方式, 监督部门, 监督部门联系方式
  结果: 成功
  - 开标时间: 2026 年8 月4 日9 时00 分
  - 标书发售时间: 2026 年7 月14 日00：00 分至2026 年7 月21 日00：00
  - 公告内容: 山西省万荣县景盛牧业有限公司新建年出栏900 头肉牛养殖建设（农业面源 污染综合治理）项目招标公告 （招标编号：2026GC010729） 招标项目所在地区:万荣县 一、招标条件 本山西省万荣县景盛牧...
  - 招标人: 山西省万荣县景盛牧业有限公司
  - 招标人地址: 运城市万荣县
  - 招标人联系人: 牛先生
  - 招标人联系方式: 13623440000
  - 招标代理机构: 山西方昇项目管理有限公司
  - 招标代理机构地址: 运城市盐湖区铂郡东方6 号楼2203
  - 招标代理机构联系人: 薛女士
  - 招标代理机构联系方式: 0359-2500868
  - 监督部门: 万荣县农业农村局
  - 监督部门联系方式: 0359-4521007

项目: 陵川县清阳路东侧污水供暖管线更新改造工程
  链接: https://prec.sxzwfw.gov.cn/jyxxgczb/1073611.jhtml
  目标字段: 开标时间, 标书发售时间, 公告内容, 招标人, 招标人地址, 招标人联系人, 招标人联系方式, 招标代理机构, 招标代理机构地址, 招标代理机构联系人, 招标代理机构联系方式, 监督部门, 监督部门联系方式
  结果: 成功
  - 开标时间: 2026年8月3日10时00分
  - 标书发售时间: 2026年7月13日17时00分至2026年7月18日17时00分
  - 公告内容: 陵川县清阳路东侧污水供暖管线更新改造工程 招标公告 招标项目所在地区：山西省·晋城市·陵川县 一、招标条件 本招标项目陵川县清阳路东侧污水供暖管线更新改造工程（招标编号：I14000054460003...
  - 招标人: 陵川县住房和城乡建设管理局
  - 招标人地址: 陵川县崇文镇梅园西街240号
  - 招标人联系人: 赵先生
  - 招标人联系方式: 13935620820
  - 招标代理机构: 山西智行全过程工程咨询有限公司
  - 招标代理机构地址: 晋城市凤台东街131号中小企业局
  - 招标代理机构联系人: 索先生
  - 招标代理机构联系方式: 13068050566
  - 监督部门: 晋城市住房和城乡建设局
  - 监督部门联系方式: 13753629288

项目: 洪洞县2026年万安镇农村供水提升工程总承包（EPC）项目
  链接: https://prec.sxzwfw.gov.cn/jyxxgczb/1073599.jhtml
  目标字段: 监督部门
  结果: 成功
  - 监督部门: 洪行政监督：洪洞县水利局

项目: 古交-娄烦-方山高速公路环保水保监理监测及验收咨询服务
  链接: https://prec.sxzwfw.gov.cn/jyxxgczb/1073588.jhtml
  目标字段: 招标代理机构, 招标代理机构地址, 招标代理机构联系人, 招标代理机构联系方式
  结果: 成功
  - 招标代理机构: 北京中交建设工程咨询有限公司
  - 招标代理机构地址: 北京市朝阳区北苑路170号凯旋城3号楼501号
  - 招标代理机构联系人: 郭先生、高先生
  - 招标代理机构联系方式: 17636662545

项目: 上党革命老区散煤清零（长治市襄垣县）项目容海线霍村支线管网及换热站、五堡线侯村和小黄庄支线、五阳社区支线管网及换热站工程施工
  链接: https://prec.sxzwfw.gov.cn/jyxxgczb/1073585.jhtml
  目标字段: 标书发售时间, 招标人, 招标人地址, 招标人联系人, 招标人联系方式, 招标代理机构, 招标代理机构地址, 招标代理机构联系人, 招标代理机构联系方式
  结果: 成功
  - 标书发售时间: 2026年7月13日至2026年8月5日(北京时间)
  - 招标人: 襄垣县住房和城乡建设管理局
  - 招标人地址: 襄垣县太行路222号
  - 招标人联系人: 赵先生
  - 招标人联系方式: 0355-7222587
  - 招标代理机构: 山西垚华招标代理有限公司
  - 招标代理机构地址: 长治市潞阳门南路102号山西淮海机电有限公司招待所东楼二层
  - 招标代理机构联系人: 宋女士
  - 招标代理机构联系方式: 0355-3563105

项目: 长治市屯留区屯绛水库清淤工程勘察设计项目
  链接: https://prec.sxzwfw.gov.cn/jyxxgczb/1073545.jhtml
  目标字段: 标书发售时间, 招标人, 招标人地址, 招标人联系人, 招标人联系方式, 招标代理机构, 招标代理机构地址, 招标代理机构联系人, 招标代理机构联系方式
  结果: 成功
  - 标书发售时间: 2026年7月13日至2026年8月4日
  - 招标人: 长治市屯留区水利发展中心（长治市屯留区河道治理工程项目部）
  - 招标人地址: 长治市屯留区建设北路016号
  - 招标人联系人: 王先生
  - 招标人联系方式: 0355-7526116
  - 招标代理机构: 山西邦诚工程项目管理有限公司
  - 招标代理机构地址: 山西省长治市潞潞州区焦家庄村委南66米路东二楼
  - 招标代理机构联系人: 高先生
  - 招标代理机构联系方式: 15039957757

项目: 潞州区农村街巷户道路提档升级工程（大辛庄街道）二次施工项目
  链接: https://prec.sxzwfw.gov.cn/jyxxgczb/1073541.jhtml
  目标字段: 开标时间, 标书发售时间
  结果: 成功
  - 开标时间: 2026年08月04日9时30分
  - 标书发售时间: 2026年07月13日至2026年08月04日

项目: 侯马市凤驿晋源产业融合示范路项目施工（二次）
  链接: https://prec.sxzwfw.gov.cn/jyxxgczb/1073531.jhtml
  目标字段: 开标时间, 标书发售时间, 公告内容, 招标人, 招标人地址, 招标人联系人, 招标人联系方式, 招标代理机构, 招标代理机构地址, 招标代理机构联系人, 招标代理机构联系方式, 监督部门, 监督部门联系方式
  结果: 成功
  - 开标时间: 2026年8月10日9时00分
  - 标书发售时间: 2026年7月14日00时00分至2026年7月20日23时59分
  - 公告内容: 侯马市凤驿晋源产业融合示范路项目施工（二次） 招标公告 （招标编号： SXXZMGCSG20260506-02 ） 招标项目所在地区： 临汾市侯马市 一、招标条件 本 侯马市凤驿晋源产业融合示范路项目...
  - 招标人: 侯马市交通运输局
  - 招标人地址: 侯马市程王路40号
  - 招标人联系人: 刘堃
  - 招标人联系方式: 0357-4235122
  - 招标代理机构: 山西鑫振民工程项目管理有限公司
  - 招标代理机构地址: 临汾市尧都高新技术产业开发区兴荣物流园3楼315室
  - 招标代理机构联系人: 薛娜
  - 招标代理机构联系方式: 0357-4163913
  - 监督部门: 临汾市交通运输局
  - 监督部门联系方式: 15935762829

项目: 黎城县高级中学建设项目监理重新
  链接: https://prec.sxzwfw.gov.cn/jyxxgczb/1073495.jhtml
  目标字段: 招标人, 招标人地址, 招标人联系人, 招标人联系方式, 招标代理机构, 招标代理机构地址, 招标代理机构联系人, 招标代理机构联系方式
  结果: 成功
  - 招标人: 黎城县第一中学校
  - 招标人地址: 黎城县教育街
  - 招标人联系人: 刘先生
  - 招标人联系方式: 15803456827
  - 招标代理机构: 山西三木工程项目管理有限公司
  - 招标代理机构地址: 长治市英雄中路 383 号
  - 招标代理机构联系人: 李女士
  - 招标代理机构联系方式: 0355-2031510

项目: 长治高新技术产业开发区起步区低碳可再生能源综合利用项目-晶博光电产业园低碳能源综合利用分项（空气能供热及热水部分）（第十三标段）施工
  链接: https://prec.sxzwfw.gov.cn/jyxxgczb/1073464.jhtml
  目标字段: 开标时间, 标书发售时间, 招标人, 招标人地址, 招标人联系人, 招标人联系方式, 招标代理机构, 招标代理机构地址, 招标代理机构联系人, 招标代理机构联系方式
  结果: 成功
  - 开标时间: 2026年08月04日9时30分
  - 标书发售时间: 2026年07月13日至2026年08月04日
  - 招标人: 山西长高汇能科技有限公司
  - 招标人地址: 山西省长治市长治高新技术产业开发区北一环路9号
  - 招标人联系人: 唐先生
  - 招标人联系方式: 13835556673
  - 招标代理机构: 山西众利联建设项目管理有限公司
  - 招标代理机构地址: 山西省长治市潞州区太行东街街道东环路北段29号百厚大厦7725号
  - 招标代理机构联系人: 吉女士
  - 招标代理机构联系方式: 13834772277

项目: 西上庄煤矿无轨胶轮车（003标段）二次
  链接: https://prec.sxzwfw.gov.cn/jyxxgczb/1061294.jhtml
  目标字段: 标书发售时间, 监督部门
  结果: 成功
  - 标书发售时间: 2026-06-02 18:00 至 2026-06-08 18:00
  - 监督部门: 山西省能源局

项目: 山西省管涔山国有林管理局2026年吕梁山生态保护修复和水土流失综合治理项目（作业设计编制）
  链接: https://prec.sxzwfw.gov.cn/jyxxgczb/1073409.jhtml
  目标字段: 监督部门联系方式
  结果: 成功
  - 监督部门联系方式: 生态处:0351-4072954，纪检科:15034469663

项目: 介休泰新储能有限公司221MW/400.588MWh独立混合储能电站项目总承包（EPC）
  链接: https://prec.sxzwfw.gov.cn/jyxxgczb/1073383.jhtml
  目标字段: 监督部门联系方式
  结果: 成功
  - 监督部门联系方式: 电话:乔先生 电子邮件:13403446320

项目: 静乐县王村镇2026年下道宏村护坝及土地治理工程以工代赈项目项目
  链接: https://prec.sxzwfw.gov.cn/jyxxgchxr/1073620.jhtml
  目标字段: 监督部门联系方式
  结果: 失败
  - 监督部门联系方式: 无

项目: 沁水县干线道路更新提质工程初步设计
  链接: https://prec.sxzwfw.gov.cn/jyxxgczb/1066432.jhtml
  目标字段: 标书发售时间, 招标人地址, 招标代理机构地址
  结果: 成功
  - 标书发售时间: 2026年06月18日20时00分至2026年06月23日20时00分
  - 招标人地址: 无
  - 招标代理机构地址: 无

项目: 平顺县中心城区雨污分流源头治理及错接混接改造工程施工
  链接: https://prec.sxzwfw.gov.cn/jyxxgczb/1065429.jhtml
  目标字段: 开标时间, 标书发售时间
  结果: 成功
  - 开标时间: 2026年07月10日09时30分
  - 标书发售时间: 2026年06月16日至2026年07月10日

项目: 恒大九年一贯制学校北侧规划路建设工程（设计）
  链接: https://prec.sxzwfw.gov.cn/jyxxgczb/1064974.jhtml
  目标字段: 标书发售时间, 招标代理机构, 招标代理机构地址, 招标代理机构联系人, 招标代理机构联系方式
  结果: 成功
  - 标书发售时间: 2026年6月16日8时00分至2026年6月24日8时00分
  - 招标代理机构: 山西重力工程咨询有限公司
  - 招标代理机构地址: 太原市万柏林区长兴北街1号华润大厦T4楼15层
  - 招标代理机构联系人: 王亚男、孙远东、王雷、党慧慧
  - 招标代理机构联系方式: 0351-7077533、13835197726、15135151388

项目: 吕梁市中阳县后师峪水库工程设备及安装货物项目货物
  链接: https://prec.sxzwfw.gov.cn/jyxxgczb/1066221.jhtml
  目标字段: 开标时间, 标书发售时间, 招标人地址, 招标代理机构地址
  结果: 成功
  - 开标时间: 2026年7月9日10时00分
  - 标书发售时间: 2026年6月18日17时00分至2026年7月9日10时00分
  - 招标人地址: 山西省吕梁市中阳县县委大院二号楼3层
  - 招标代理机构地址: 山西省太原市万柏林区长风街道万国城MOMA19号楼1901

项目: 太原市西山地表水厂供水工程一取水泵站(引黄原水)工程钢制管件及法兰采购
  链接: https://prec.sxzwfw.gov.cn/jyxxgczb/1065767.jhtml
  目标字段: 招标代理机构联系人
  结果: 成功
  - 招标代理机构联系人: 石亚琼

项目: 晋中（华北）表面处理工业园项目（一期工程）施工
  链接: https://prec.sxzwfw.gov.cn/jyxxgczb/1050619.jhtml
  目标字段: 开标时间
  结果: 成功
  - 开标时间: 2026-05-15 10:30

项目: 世界银行贷款可持续生态系统恢复与生物多样性保护项目河津市鸟类栖息地保护与修复工程
  链接: https://prec.sxzwfw.gov.cn/jyxxgczb/1044915.jhtml
  目标字段: 开标时间, 标书发售时间, 招标人, 招标人地址, 招标人联系人, 招标人联系方式, 招标代理机构, 招标代理机构地址, 招标代理机构联系人, 招标代理机构联系方式, 监督部门, 监督部门联系方式
  结果: 成功
  - 开标时间: 2026年5月26日 09:30
  - 标书发售时间: 2026年4月9日 15:00 至 2026年5月25日 17:00
  - 招标人: 河津市林业局
  - 招标人地址: 山西省河津市新耿街170号
  - 招标人联系人: 韩冬
  - 招标人联系方式: +86-359-5022281
  - 招标代理机构: 中金招标有限责任公司
  - 招标代理机构地址: 中国北京市海淀区西三环北路21号久凌大厦南楼15层
  - 招标代理机构联系人: 何平
  - 招标代理机构联系方式: +86-10-67409997
  - 监督部门: 运城市规划和自然资源局
  - 监督部门联系方式: 无

项目: 沁河流域（张峰水库下游-殷庄段）水环境综合治理项目监理
  链接: https://prec.sxzwfw.gov.cn/jyxxgczb/1065883.jhtml
  目标字段: 标书发售时间
  结果: 成功
  - 标书发售时间: 2026年6月17日18时00分至2026年6月22日18时00分

项目: 山西晋城兴唐煤业有限公司车寨矿井矿建工程、部分土建工程及井下安装工程施工监理
  链接: https://prec.sxzwfw.gov.cn/jyxxgczb/1055815.jhtml
  目标字段: 招标代理机构地址, 招标代理机构联系人, 招标代理机构联系方式
  结果: 成功
  - 招标代理机构地址: 山西省太原市迎泽区柳巷街道开化寺街86号综合办公楼
  - 招标代理机构联系人: 霍女士、苏先生
  - 招标代理机构联系方式: 15536866060、13934133190

项目: 古交市公益性公墓建设项目施工
  链接: https://prec.sxzwfw.gov.cn/jyxxgczb/1060646.jhtml
  目标字段: 开标时间, 标书发售时间, 招标代理机构联系人
  结果: 成功
  - 开标时间: 2026年06月15日09时30分
  - 标书发售时间: 2026年06月0101日10时00分 - 2026年06月06日17时00分
  - 招标代理机构联系人: 李勇

项目: 晋城市主城区再生水综合利用及配套设施项目（西线）工程总承包中标结果公告
  链接: https://prec.sxzwfw.gov.cn/jyxxgcgs/1073416.jhtml
  目标字段: 监督部门联系方式
  结果: 成功
  - 监督部门联系方式: 0356-2229661

项目: 清徐县城乡供水一体化工程(一期)施工远传阀控水表设备采购
  链接: https://prec.sxzwfw.gov.cn/jyxxgczb/1064903.jhtml
  目标字段: 标书发售时间, 招标代理机构, 招标代理机构地址, 招标代理机构联系人, 招标代理机构联系方式
  结果: 成功
  - 标书发售时间: 2026年06月15日15时00分-2026年06月24日15时00分
  - 招标代理机构: 山西泰昊工程技术咨询有限公司
  - 招标代理机构地址: 太原市小店区亲贤北街368号水工大厦630室
  - 招标代理机构联系人: 李旭升
  - 招标代理机构联系方式: 15235170426

