山西省公共资源交易平台 AI补全报告
生成时间: 2026-07-12 22:09:26
使用模型: glm-4.6-thinking
============================================================

【汇总】
  处理项目数 : 34
  成功        : 1
  失败        : 33
  跳过        : 0
  字段补全数  : 1

【Token消耗】
  AI调用次数  : 32
  输入tokens  : 40,546
  输出tokens  : 895
  合计tokens  : 41,441

【详细记录】
----------------------------------------
项目: 马村镇马村村高标准设施蔬菜基地项目
  链接: https://prec.sxzwfw.gov.cn/jyxxgczb/1069822.jhtml
  目标字段: 招标代理机构地址
  结果: 失败
  - 招标代理机构地址: 无

项目: 太原市杏花岭区宇乔400MW/800MWh独立储能调频电站项目(EPC总承包）
  链接: https://prec.sxzwfw.gov.cn/jyxxgcgs/1071357.jhtml
  目标字段: 监督部门联系方式
  结果: 失败
  - 监督部门联系方式: 无

项目: 太原西山“骑行+”户外运动场地设施与服务保障设施建设项目施工
  链接: https://prec.sxzwfw.gov.cn/jyxxgcgs/1070917.jhtml
  目标字段: 监督部门
  结果: 失败
  - 监督部门: 无

项目: 华信振阳高新区200MW/400MWh独立储能项目EPC总承包
  链接: https://prec.sxzwfw.gov.cn/jyxxgcgs/1071264.jhtml
  目标字段: 监督部门
  结果: 失败
  - 监督部门: 无

项目: 原平市2025年农村公路灾毁改造工程（裕隆社区-武彦等6条）监理项目
  链接: https://prec.sxzwfw.gov.cn/jyxxgchxr/1069689.jhtml
  目标字段: 监督部门联系方式
  结果: 失败
  - 监督部门联系方式: 无

项目: 代县城市地下管网及设施建设改造工程-东北街片区（分区二）施工项目
  链接: https://prec.sxzwfw.gov.cn/jyxxgchxr/1069209.jhtml
  目标字段: 监督部门联系方式
  结果: 失败
  - 监督部门联系方式: 无

项目: 大同市晋北地区高原风沙源生态保护和修复项目桦林背林场2026年人工造林(1,2,3,4,5,6,8,9,10,11,12,
  链接: https://prec.sxzwfw.gov.cn/jyxxgczb/1069176.jhtml
  目标字段: 监督部门联系方式
  结果: 成功
  - 监督部门联系方式: 电话:0352-7789836

项目: 山西蓝焰煤层气集团有限责任公司晋城矿区煤层气加密井建设项目（二期）煤层气井录井技术服务
  链接: https://prec.sxzwfw.gov.cn/jyxxgczb/1055857.jhtml
  目标字段: 招标人地址, 招标人联系人, 招标人联系方式
  结果: 失败
  - 招标人地址: 无
  - 招标人联系人: 无
  - 招标人联系方式: 无

项目: 高平市炎谷丰高标准设施蔬菜基地项目(002二标段)
  链接: https://prec.sxzwfw.gov.cn/jyxxgchxr/1067695.jhtml
  目标字段: 监督部门联系方式
  结果: 失败
  - 监督部门联系方式: 无

项目: 太原天然气有限公司太原市2026年住宅小区居民共有老旧庭院燃气管网及户内立管更新改造项目工程施工
  链接: https://prec.sxzwfw.gov.cn/jyxxgcgs/1069250.jhtml
  目标字段: 监督部门联系方式
  结果: 失败
  - 监督部门联系方式: 无

项目: 黄水河宁武县段河道治理工程勘察设计项目
  链接: https://prec.sxzwfw.gov.cn/jyxxgchxr/1067711.jhtml
  目标字段: 监督部门联系方式
  结果: 失败
  - 监督部门联系方式: 无

项目: 高平市燃气老化管网及设施更新改造工程（老化燃气管道更新改造EPC）
  链接: https://prec.sxzwfw.gov.cn/jyxxgczb/1060412.jhtml
  目标字段: 招标代理机构地址
  结果: 失败
  - 招标代理机构地址: 无

项目: 杏花岭区2024年老旧小区改造项目（二期）设计施工总承包（EPC）(004标段四)
  链接: https://prec.sxzwfw.gov.cn/jyxxgcgs/1071595.jhtml
  目标字段: 监督部门联系方式
  结果: 失败
  - 监督部门联系方式: 无

项目: 中村镇张马村历山花卉融创基地
  链接: https://prec.sxzwfw.gov.cn/jyxxgchxr/1070266.jhtml
  目标字段: 监督部门联系方式
  结果: 失败
  - 监督部门联系方式: 无

项目: 晋中市松塔水库供水（二期）工程管材及管件采购03标
  链接: https://prec.sxzwfw.gov.cn/jyxxgchxr/1070208.jhtml
  目标字段: 监督部门联系方式
  结果: 失败
  - 监督部门联系方式: 无

项目: 平陆县2026年村道水毁工程
  链接: https://prec.sxzwfw.gov.cn/jyxxgczb/1062514.jhtml
  目标字段: 招标人联系人
  结果: 失败
  - 招标人联系人: 无

项目: 原平市2025年农村公路灾毁改造工程（裕隆社区-武彦等6条）施工项目
  链接: https://prec.sxzwfw.gov.cn/jyxxgchxr/1070610.jhtml
  目标字段: 监督部门联系方式
  结果: 失败
  - 监督部门联系方式: 无

项目: 代县城市地下管网及设施建设改造工程-东北街片区（分区一）施工项目
  链接: https://prec.sxzwfw.gov.cn/jyxxgchxr/1068808.jhtml
  目标字段: 监督部门联系方式
  结果: 失败
  - 监督部门联系方式: 无

项目: 代县城市地下管网及设施建设改造工程-东北街片区（分区一）监理项目
  链接: https://prec.sxzwfw.gov.cn/jyxxgchxr/1068807.jhtml
  目标字段: 监督部门联系方式
  结果: 失败（详情页/PDF/OCR均未取得文本，AI未调用）

项目: 高平市原村乡冯村村集中供热二网项目
  链接: https://prec.sxzwfw.gov.cn/jyxxgczb/1071190.jhtml
  目标字段: 监督部门联系方式
  结果: 失败（详情页/PDF/OCR均未取得文本，AI未调用）

项目: 柿庄镇输配站基础设施提升改造项目
  链接: https://prec.sxzwfw.gov.cn/jyxxgczb/1064015.jhtml
  目标字段: 招标人地址
  结果: 失败
  - 招标人地址: 无

项目: 晋城市建筑垃圾资源化利用项目特许经营者（二次）招标
  链接: https://prec.sxzwfw.gov.cn/jyxxgczb/1065567.jhtml
  目标字段: 招标人, 招标人地址, 招标人联系人, 招标人联系方式, 招标代理机构, 招标代理机构地址, 招标代理机构联系人, 招标代理机构联系方式, 监督部门
  结果: 失败
  - 招标人: 无
  - 招标人地址: 无
  - 招标人联系人: 无
  - 招标人联系方式: 无
  - 招标代理机构: 无
  - 招标代理机构地址: 无
  - 招标代理机构联系人: 无
  - 招标代理机构联系方式: 无
  - 监督部门: 无

项目: 繁峙县资源路产业路108国道-上西庄公路改造工程施工项目
  链接: https://prec.sxzwfw.gov.cn/jyxxgchxr/1071396.jhtml
  目标字段: 监督部门联系方式
  结果: 失败
  - 监督部门联系方式: 无

项目: 杏花岭区2024年老旧小区改造项目（二期）设计施工总承包（EPC）(003标段三)
  链接: https://prec.sxzwfw.gov.cn/jyxxgcgs/1071593.jhtml
  目标字段: 监督部门联系方式
  结果: 失败
  - 监督部门联系方式: 无

项目: 杏花岭区2024年老旧小区改造项目（二期）设计施工总承包（EPC）(002标段二)
  链接: https://prec.sxzwfw.gov.cn/jyxxgcgs/1071592.jhtml
  目标字段: 监督部门联系方式
  结果: 失败
  - 监督部门联系方式: 无

项目: 杏花岭区2024年老旧小区改造项目（二期）设计施工总承包（EPC）(007标段七)
  链接: https://prec.sxzwfw.gov.cn/jyxxgcgs/1071561.jhtml
  目标字段: 监督部门联系方式
  结果: 失败
  - 监督部门联系方式: 无

项目: 杏花岭区2024年老旧小区改造项目（二期）设计施工总承包（EPC）(006标段六)
  链接: https://prec.sxzwfw.gov.cn/jyxxgcgs/1071560.jhtml
  目标字段: 监督部门联系方式
  结果: 失败
  - 监督部门联系方式: 无

项目: 杏花岭区2024年老旧小区改造项目（二期）设计施工总承包（EPC）(005标段五)
  链接: https://prec.sxzwfw.gov.cn/jyxxgcgs/1071559.jhtml
  目标字段: 监督部门联系方式
  结果: 失败
  - 监督部门联系方式: 无

项目: 陵川县秦家庄至司家河公路改造工程
  链接: https://prec.sxzwfw.gov.cn/jyxxgczb/1065887.jhtml
  目标字段: 招标人地址, 招标人联系人, 招标人联系方式, 招标代理机构, 招标代理机构地址, 招标代理机构联系人, 招标代理机构联系方式
  结果: 失败
  - 招标人地址: 无
  - 招标人联系人: 无
  - 招标人联系方式: 无
  - 招标代理机构: 无
  - 招标代理机构地址: 无
  - 招标代理机构联系人: 无
  - 招标代理机构联系方式: 无

项目: 武乡县新城区污水处理厂尾水人工湿地净化工程初步设计设计项目
  链接: https://prec.sxzwfw.gov.cn/jyxxgczb/1065426.jhtml
  目标字段: 招标人地址, 招标人联系人, 招标人联系方式, 招标代理机构, 招标代理机构地址, 招标代理机构联系人, 招标代理机构联系方式
  结果: 失败
  - 招标人地址: 无
  - 招标人联系人: 无
  - 招标人联系方式: 无
  - 招标代理机构: 无
  - 招标代理机构地址: 无
  - 招标代理机构联系人: 无
  - 招标代理机构联系方式: 无

项目: 忻州市通岗路、广裕街道路建设工程设计项目
  链接: https://prec.sxzwfw.gov.cn/jyxxgchxr/1072587.jhtml
  目标字段: 监督部门联系方式
  结果: 失败
  - 监督部门联系方式: 无

项目: 2026年泽州县昆玉小区等4个老旧小区更新改造工程初步设计
  链接: https://prec.sxzwfw.gov.cn/jyxxgczb/1065464.jhtml
  目标字段: 招标人地址, 招标人联系人, 招标人联系方式, 招标代理机构, 招标代理机构地址, 招标代理机构联系人, 招标代理机构联系方式
  结果: 失败
  - 招标人地址: 无
  - 招标人联系人: 无
  - 招标人联系方式: 无
  - 招标代理机构: 无
  - 招标代理机构地址: 无
  - 招标代理机构联系人: 无
  - 招标代理机构联系方式: 无

项目: 山西转型综合改革示范区储能充换电停车场示范项目设计施工总承包中标候选人公示更正
  链接: https://prec.sxzwfw.gov.cn/jyxxgchxr/1073127.jhtml
  目标字段: 监督部门联系方式
  结果: 失败
  - 监督部门联系方式: 无

项目: 大秦铁路股份有限公司侯马北工务段南同蒲线K841+940-K843+233路堑护坡大修整治工程施工总价承包项目(1标段)中标候选人公示更正
  链接: https://prec.sxzwfw.gov.cn/jyxxgchxr/1073096.jhtml
  目标字段: 监督部门联系方式
  结果: 失败
  - 监督部门联系方式: 无

