山西省公共资源交易平台 AI补全报告
生成时间: 2026-07-01 23:53:07
使用模型: glm-4.6-thinking
============================================================

【汇总】
  处理项目数 : 59
  成功        : 36
  失败        : 23
  跳过        : 0
  字段补全数  : 150

【Token消耗】
  AI调用次数  : 53
  输入tokens  : 101,050
  输出tokens  : 16,604
  合计tokens  : 117,654

【详细记录】
----------------------------------------
项目: 长子县医疗集团紧密型县域医共体建设项目（第一标段）施工
  链接: https://prec.sxzwfw.gov.cn/jyxxgczb/1070110.jhtml
  目标字段: 标书发售时间, 招标人, 招标人地址, 招标人联系人, 招标人联系方式, 招标代理机构, 招标代理机构地址, 招标代理机构联系人, 招标代理机构联系方式
  结果: 成功
  - 标书发售时间: 2026年07月01日至2026年07月24日
  - 招标人: 长子县卫生健康和体育局
  - 招标人地址: 山西省长子县东大街304号
  - 招标人联系人: 韩先生
  - 招标人联系方式: 0355-8322241
  - 招标代理机构: 山西安成项目管理有限公司
  - 招标代理机构地址: 长治市太行北路188号科技企业加速器6号楼四层
  - 招标代理机构联系人: 李先生
  - 招标代理机构联系方式: 0355-5124586

项目: 长治市第二中学校（滨湖校区）建设项目勘察
  链接: https://prec.sxzwfw.gov.cn/jyxxgczb/1070107.jhtml
  目标字段: 开标时间, 标书发售时间, 招标代理机构联系方式
  结果: 成功
  - 开标时间: 2026-07-22 09:30
  - 标书发售时间: 2026-07-01 至 2026-07-22
  - 招标代理机构联系方式: 1 6635593548@163.com

项目: 临猗县楚侯污水处理厂提标改造工程
  链接: https://prec.sxzwfw.gov.cn/jyxxgczb/1070071.jhtml
  目标字段: 开标时间, 标书发售时间, 公告内容, 招标人, 招标人地址, 招标人联系人, 招标人联系方式, 招标代理机构, 招标代理机构地址, 招标代理机构联系人, 招标代理机构联系方式
  结果: 成功
  - 开标时间: 2026 年7 月22 日9 时00 分
  - 标书发售时间: 2026 年7 月1 日09 时00 分至2026 年7 月8 日09 时00 分
  - 公告内容: 临猗县楚侯污水处理厂提标改造工程监理招标公告（招标编号：2026GC010499）招标项目所在地区:山西省 运城市 临猗现代农业产业示范区一、招标条件本临猗县楚侯污水处理厂提标改造工程监理（招标项目编...
  - 招标人: 无
  - 招标人地址: 无
  - 招标人联系人: 无
  - 招标人联系方式: 无
  - 招标代理机构: 无
  - 招标代理机构地址: 无
  - 招标代理机构联系人: 无
  - 招标代理机构联系方式: 无

项目: 马村镇马村村高标准设施蔬菜基地项目
  链接: https://prec.sxzwfw.gov.cn/jyxxgczb/1069822.jhtml
  目标字段: 招标人地址, 招标代理机构地址, 监督部门联系方式
  结果: 成功
  - 招标人地址: 无
  - 招标代理机构地址: 无
  - 监督部门联系方式: 高平市农业农村局

项目: 万荣县2026年农村公路建设工程（半坡至南张）
  链接: https://prec.sxzwfw.gov.cn/jyxxgczb/1069121.jhtml
  目标字段: 招标人, 招标人地址, 招标人联系人, 招标人联系方式, 招标代理机构, 招标代理机构地址, 招标代理机构联系人, 招标代理机构联系方式, 监督部门, 监督部门联系方式
  结果: 成功
  - 招标人: 万荣县交通运输局
  - 招标人地址: 万荣县城五一东街
  - 招标人联系人: 王先生
  - 招标人联系方式: 15935990567
  - 招标代理机构: 山西乾永项目管理有限公司
  - 招标代理机构地址: 运城市盐湖区红旗东街363 号隆兴美院内办公楼5 楼501 室
  - 招标代理机构联系人: 闫先生
  - 招标代理机构联系方式: 0359-2521086、19935745378
  - 监督部门: 运城市交通运输局
  - 监督部门联系方式: 0359-2050335

项目: 侯马市XX训练基地建设项目（二次）
  链接: https://prec.sxzwfw.gov.cn/jyxxgczb/1062990.jhtml
  目标字段: 监督部门联系方式
  结果: 失败
  - 监督部门联系方式: 无

项目: 阳泉市全民健身中心（小型体育综合体）建设项目设计施工总承包
  链接: https://prec.sxzwfw.gov.cn/jyxxgczb/1063973.jhtml
  目标字段: 监督部门联系方式
  结果: 成功
  - 监督部门联系方式: 0353-6668026/6668205

项目: 太原轨道交通集团2026年信息化一期及听景APP维保服务项目(二次)
  链接: https://prec.sxzwfw.gov.cn/jyxxgczb/1062946.jhtml
  目标字段: 标书发售时间, 招标代理机构, 招标代理机构地址, 招标代理机构联系人, 招标代理机构联系方式
  结果: 成功
  - 标书发售时间: 2026年06月08日17时00分-2026年06月15日17时00分
  - 招标代理机构: 山西众恒工程招标代理有限公司
  - 招标代理机构地址: 太原市迎泽区并州北路35号金港大厦C座东厅601
  - 招标代理机构联系人: 花艳春
  - 招标代理机构联系方式: 13513515113

项目: 太原市杏花岭区宇乔400MW/800MWh独立储能调频电站项目(EPC总承包）
  链接: https://prec.sxzwfw.gov.cn/jyxxgchxr/1070147.jhtml
  目标字段: 监督部门联系方式
  结果: 失败
  - 监督部门联系方式: 无

项目: 太原供水集团有限公司供水城市生命线监测系统项目软硬件设备采购
  链接: https://prec.sxzwfw.gov.cn/jyxxgczb/1063269.jhtml
  目标字段: 招标代理机构联系人
  结果: 成功
  - 招标代理机构联系人: 兰亚珍

项目: 001太原西山“骑行+”户外运动场地设施与服务保障设施建设项目施工
  链接: https://prec.sxzwfw.gov.cn/jyxxgchxr/1070143.jhtml
  目标字段: 监督部门, 监督部门联系方式
  结果: 成功
  - 监督部门: 太原西山生态文化旅游示范区管理委员会
  - 监督部门联系方式: 0351-5235953

项目: 清徐县集中供热联网扩容改造工程监理
  链接: https://prec.sxzwfw.gov.cn/jyxxgczb/1062945.jhtml
  目标字段: 招标代理机构联系人
  结果: 成功
  - 招标代理机构联系人: 罗丽

项目: 2025年长治市潞州区雨污分流管网改造项目监理
  链接: https://prec.sxzwfw.gov.cn/jyxxgczb/1063189.jhtml
  目标字段: 标书发售时间, 招标人, 招标人地址, 招标人联系人, 招标人联系方式, 招标代理机构, 招标代理机构地址, 招标代理机构联系人, 招标代理机构联系方式
  结果: 成功
  - 标书发售时间: 2026年6月9日 至 2026年6月30日
  - 招标人: 长治市潞州区住房和城乡建设局
  - 招标人地址: 长治市北外环关杜庄村
  - 招标人联系人: 郝先生
  - 招标人联系方式: 0355-2231454
  - 招标代理机构: 山西卓智建设项目管理有限公司
  - 招标代理机构地址: 山西省长治市长治高新技术产业开发区城西北路7080城1号楼4号商铺
  - 招标代理机构联系人: 张先生
  - 招标代理机构联系方式: 0355-6955666

项目: 山西蓝焰煤层气集团有限责任公司2026年和顺横岭区块煤层气勘查开发项目煤层气井钻井工程二次重新招标
  链接: https://prec.sxzwfw.gov.cn/jyxxgczb/1063443.jhtml
  目标字段: 招标人地址, 招标人联系人, 招标人联系方式
  结果: 成功
  - 招标人地址: 太原市长治路345号东楼23层
  - 招标人联系人: 李晓辉、张朝、闫潇腾
  - 招标人联系方式: 0351-2453225、2221733、2221755

项目: 大宁县胡城水库工程EPC总承包项目
  链接: https://prec.sxzwfw.gov.cn/jyxxgczb/1062365.jhtml
  目标字段: 标书发售时间
  结果: 成功
  - 标书发售时间: 2026年6月8日00时00分至2026年6月13日00时00分

项目: 应县2026年大石线-新堡东等4条农村道路改造工程
  链接: https://prec.sxzwfw.gov.cn/jyxxgczb/1062775.jhtml
  目标字段: 监督部门联系方式
  结果: 失败
  - 监督部门联系方式: 无

项目: 华信振阳高新区200MW/400MWh独立储能项目EPC总承包
  链接: https://prec.sxzwfw.gov.cn/jyxxgchxr/1069694.jhtml
  目标字段: 监督部门联系方式
  结果: 成功
  - 监督部门联系方式: 联系电话：15235885550

项目: 山西地方电力有限公司方山县10kV店坪线等线路新建及改造工程电杆采购
  链接: https://prec.sxzwfw.gov.cn/jyxxgczb/1061689.jhtml
  目标字段: 监督部门联系方式
  结果: 成功
  - 监督部门联系方式: 0351—4117591

项目: 五台山站站前综合交通枢纽及相关市政配套项目（供电工程）设计项目
  链接: https://prec.sxzwfw.gov.cn/jyxxgchxr/1069607.jhtml
  目标字段: 监督部门联系方式
  结果: 失败
  - 监督部门联系方式: 无

项目: 代县城市地下管网及设施建设改造工程-东北街片区（分区二）监理项目
  链接: https://prec.sxzwfw.gov.cn/jyxxgchxr/1069232.jhtml
  目标字段: 监督部门联系方式
  结果: 失败
  - 监督部门联系方式: 无

项目: 代县城市地下管网及设施建设改造工程-东北街片区（分区二）施工项目
  链接: https://prec.sxzwfw.gov.cn/jyxxgchxr/1069209.jhtml
  目标字段: 监督部门联系方式
  结果: 失败
  - 监督部门联系方式: 无

项目: 吉县吉电200MW/400MWh独立储能电站EPC总承包
  链接: https://prec.sxzwfw.gov.cn/jyxxgchxr/1069140.jhtml
  目标字段: 监督部门联系方式
  结果: 失败
  - 监督部门联系方式: 无

项目: 五台山风景名胜区石咀热源厂及管网配套工程项目泵类设备（暂估价）采购
  链接: https://prec.sxzwfw.gov.cn/jyxxgczb/1062440.jhtml
  目标字段: 招标人, 招标人地址, 招标人联系人, 招标人联系方式, 招标代理机构, 招标代理机构地址, 招标代理机构联系人, 招标代理机构联系方式, 监督部门联系方式
  结果: 成功
  - 招标人: 山西省安装集团股份有限公司
  - 招标人地址: 山西转型综合改革示范区唐槐产业园新化路8号
  - 招标人联系人: 李青丽
  - 招标人联系方式: 19135615133
  - 招标代理机构: 山西仲信达工程造价咨询有限公司
  - 招标代理机构地址: 山西转型综合改革示范区唐槐产业园孵化基地4号楼E区10层1012-1014室
  - 招标代理机构联系人: 无
  - 招标代理机构联系方式: 13293919789
  - 监督部门联系方式: 0350-6542678

项目: 大同市晋北地区高原风沙源生态保护和修复项目桦林背林场2026年人工造林(1,2,3,4,5,6,8,9,10,11,12,
  链接: https://prec.sxzwfw.gov.cn/jyxxgchxr/1069104.jhtml
  目标字段: 监督部门联系方式
  结果: 失败
  - 监督部门联系方式: 无

项目: 山西蓝焰煤层气集团有限责任公司晋城矿区煤层气加密井建设项目（二期）煤层气井录井技术服务
  链接: https://prec.sxzwfw.gov.cn/jyxxgczb/1055857.jhtml
  目标字段: 招标人地址, 招标人联系人, 招标人联系方式
  结果: 成功
  - 招标人地址: 太原市长治路345号东楼23层
  - 招标人联系人: 李晓辉、张朝、闫潇腾
  - 招标人联系方式: 0351-2453225、2221733、2221755

项目: 运城市专门学校项目（一期）-智能化系统
  链接: https://prec.sxzwfw.gov.cn/jyxxgczb/1060059.jhtml
  目标字段: 标书发售时间, 招标代理机构, 招标代理机构地址, 招标代理机构联系人, 招标代理机构联系方式
  结果: 成功
  - 标书发售时间: 2026年5月28日20时00分至2026年6月2日20时00分
  - 招标代理机构: 山西华厦建设工程咨询有限公司
  - 招标代理机构地址: 山西省太原市小店区平阳路街道八一街8号（平阳路290号）
  - 招标代理机构联系人: 崔晓雄、王思杰、姚红霞
  - 招标代理机构联系方式: 0351-7672889、15525475653、13734011261

项目: 绛县中心城区集中供热管网及换热站改造扩容建设项目监理
  链接: https://prec.sxzwfw.gov.cn/jyxxgczb/1053270.jhtml
  目标字段: 开标时间, 标书发售时间, 公告内容, 招标人, 招标人地址, 招标人联系人, 招标人联系方式, 招标代理机构, 招标代理机构地址, 招标代理机构联系人, 招标代理机构联系方式
  结果: 成功
  - 开标时间: 2026-06-02 15:00
  - 标书发售时间: 2026-05-13 08:00 - 2026-05-19 18:00
  - 公告内容: 绛县中心城区集中供热管网及换热站改造扩容建设项目监理招标公告（招标编号：2026GC010438）招标项目所在地区：绛县一、招标条件本绛县中心城区集中供热管网及换热站改造扩容建设项目监理（招标项目编号...
  - 招标人: 绛县市政公用服务中心
  - 招标人地址: 绛县绛山东街街104 号
  - 招标人联系人: 赵先生
  - 招标人联系方式: 13509799699
  - 招标代理机构: 山西盛友项目管理有限公司
  - 招标代理机构地址: 运城市盐湖区红旗东街2589 号
  - 招标代理机构联系人: 范田田、王超
  - 招标代理机构联系方式: 17634095858

项目: 洪洞县山焦中学新建餐厅项目施工
  链接: https://prec.sxzwfw.gov.cn/jyxxgczb/1058786.jhtml
  目标字段: 招标代理机构联系人
  结果: 成功
  - 招标代理机构联系人: 李彦强

项目: 山西阳煤寺家庄煤业有限责任公司矿井水处理站改造工程（EPC）项目
  链接: https://prec.sxzwfw.gov.cn/jyxxgczb/1060440.jhtml
  目标字段: 监督部门联系方式
  结果: 失败
  - 监督部门联系方式: 无

项目: 广灵县增减挂钩跨省域调剂指标项目高标准农田建设（一斗泉乡等三乡镇板塔寺等三村高标准农田建设项目）
  链接: https://prec.sxzwfw.gov.cn/jyxxgcgs/1069592.jhtml
  目标字段: 监督部门联系方式
  结果: 失败
  - 监督部门联系方式: 无

项目: 高平市炎谷丰高标准设施蔬菜基地项目(002二标段)
  链接: https://prec.sxzwfw.gov.cn/jyxxgchxr/1067695.jhtml
  目标字段: 监督部门联系方式
  结果: 失败
  - 监督部门联系方式: 无

项目: 孝义市城排渠马庄营、长黄村段农桥改建工程施工项目
  链接: https://prec.sxzwfw.gov.cn/jyxxgczb/1060810.jhtml
  目标字段: 监督部门联系方式
  结果: 成功
  - 监督部门联系方式: 0358-8282206

项目: 临猗县城区供水管网漏损治理建设项目监理
  链接: https://prec.sxzwfw.gov.cn/jyxxgczb/1062512.jhtml
  目标字段: 开标时间, 标书发售时间, 公告内容, 招标人, 招标人地址, 招标人联系人, 招标人联系方式, 招标代理机构, 招标代理机构地址, 招标代理机构联系人, 招标代理机构联系方式
  结果: 成功
  - 开标时间: 2026 年6 月26 日09 时00 分
  - 标书发售时间: 2026 年6 月6 日00 时00 分至 2026 年6 月12 日23 时59 分
  - 公告内容: 临猗县城区供水管网漏损治理建设项目监理招标公告（招标编号：2026GC010556） 招标项目所在地区：运城市临猗县 一、招标条件 本临猗县城区供水管网漏损治理建设项目监理（招标项目编号：2026GC...
  - 招标人: 临猗县市政公用服务中心
  - 招标人地址: 临猗县双塔南路1190 号
  - 招标人联系人: 任先生
  - 招标人联系方式: 13513590611
  - 招标代理机构: 山西华信锦成项目管理有限公司
  - 招标代理机构地址: 山西省太原市迎泽区汇通街与东中环路出口亲海国际B 幢10 层1012 室
  - 招标代理机构联系人: 任先生
  - 招标代理机构联系方式: 15110328778

项目: 寿阳县盂上线公路改建工程施工（第一标段）
  链接: https://prec.sxzwfw.gov.cn/jyxxgcgs/1069354.jhtml
  目标字段: 监督部门联系方式
  结果: 失败
  - 监督部门联系方式: 无

项目: 太原天然气有限公司太原市2026年住宅小区居民共有老旧庭院燃气管网及户内立管更新改造项目工程施工
  链接: https://prec.sxzwfw.gov.cn/jyxxgcgs/1069250.jhtml
  目标字段: 监督部门联系方式
  结果: 失败
  - 监督部门联系方式: 无

项目: 黄水河宁武县段河道治理工程勘察设计项目
  链接: https://prec.sxzwfw.gov.cn/jyxxgchxr/1067711.jhtml
  目标字段: 监督部门联系方式
  结果: 失败
  - 监督部门联系方式: 无

项目: 太原天然气有限公司太原市2026年住宅小区居民共有老旧庭院燃气管网及户内立管更新改造工程监理
  链接: https://prec.sxzwfw.gov.cn/jyxxgczb/1061325.jhtml
  目标字段: 监督部门联系方式
  结果: 成功
  - 监督部门联系方式: 电话：0351-2453225、2221733、2221755

项目: 高平市燃气老化管网及设施更新改造工程（老化燃气管道更新改造EPC）
  链接: https://prec.sxzwfw.gov.cn/jyxxgczb/1060412.jhtml
  目标字段: 招标人地址, 招标代理机构地址
  结果: 失败
  - 招标人地址: 无
  - 招标代理机构地址: 无

项目: 物产片区现状路环境整治工程
  链接: https://prec.sxzwfw.gov.cn/jyxxgczb/1070381.jhtml
  目标字段: 招标代理机构, 招标代理机构地址, 招标代理机构联系人, 招标代理机构联系方式
  结果: 成功
  - 招标代理机构: 山西宏昇伟业工程咨询有限公司
  - 招标代理机构地址: 太原市万柏林区和平南路143号金诺大厦5层
  - 招标代理机构联系人: 秦艺丹、杨涛
  - 招标代理机构联系方式: 15110402047、15513889789

项目: 长治市屯留区城乡生活西部供水工程勘察设计项目
  链接: https://prec.sxzwfw.gov.cn/jyxxgczb/1070251.jhtml
  目标字段: 开标时间, 标书发售时间, 监督部门联系方式
  结果: 成功
  - 开标时间: 2026-07-23 09:30
  - 标书发售时间: 2026-07-01 至 2026-07-23
  - 监督部门联系方式: 无

项目: 和顺县生活垃圾焚烧发电项目特许经营者
  链接: https://prec.sxzwfw.gov.cn/jyxxgczb/1070243.jhtml
  目标字段: 监督部门联系方式
  结果: 失败
  - 监督部门联系方式: 无

项目: 翼城县规模化供水项目（第九标段）
  链接: https://prec.sxzwfw.gov.cn/jyxxgczb/1070223.jhtml
  目标字段: 标书发售时间
  结果: 成功
  - 标书发售时间: 2026年7月2日00时00分至2026年7月8日23时59分

项目: 汾西县县域东部支线供水工程勘察设计
  链接: https://prec.sxzwfw.gov.cn/jyxxgczb/1070222.jhtml
  目标字段: 招标代理机构, 招标代理机构地址, 招标代理机构联系人, 招标代理机构联系方式
  结果: 成功
  - 招标代理机构: 山西汇鑫磊招标代理有限公司
  - 招标代理机构地址: 山西省临汾市尧都区平阳国际A座4层408室
  - 招标代理机构联系人: 田杉杉
  - 招标代理机构联系方式: 13467137510

项目: 壶关县龙泉镇四家池村蔬菜育苗基地厂房建设项目施工
  链接: https://prec.sxzwfw.gov.cn/jyxxgczb/1070212.jhtml
  目标字段: 开标时间, 标书发售时间, 招标人联系方式, 招标代理机构地址, 招标代理机构联系人, 招标代理机构联系方式, 监督部门联系方式
  结果: 成功
  - 开标时间: 2026年07月23日09时30分
  - 标书发售时间: 2026年07月01日至2026年07月23日
  - 招标人联系方式: {'地址': '山西省壶关县奋进大街', '联系人': '张女士', '电话': '0355-8777354', '邮箱': 'm15935898751@163.com'}
  - 招标代理机构地址: 山西省长治市长治高新技术产业开发区城西北路7080城1号楼4号商铺
  - 招标代理机构联系人: 张先生
  - 招标代理机构联系方式: {'电话': '0355-6955666', '邮箱': 'SXZZ123456_78@163.com'}
  - 监督部门联系方式: {'地址': '', '联系人': '张先生', '电话': '0355-4274188', '邮箱': '0355hgjx@163.com'}

项目: 山西汾西矿业（集团）有限责任公司灵北煤矿矸石充填二期工程项目二次招标
  链接: https://prec.sxzwfw.gov.cn/jyxxgczb/1062809.jhtml
  目标字段: 标书发售时间, 招标代理机构, 招标代理机构地址, 招标代理机构联系人, 招标代理机构联系方式
  结果: 成功
  - 标书发售时间: 2026年6月8日 18:00 至 2026年6月13日 18:00（北京时间）
  - 招标代理机构: 山西焦煤集团招标有限公司
  - 招标代理机构地址: 山西省太原市小店区龙城大街102号文旅大厦A座4层
  - 招标代理机构联系人: 朱虹宇
  - 招标代理机构联系方式: 0351-7955111

项目: 大禹渡灌区新增恢复灌溉面积工程2026年度项目二次
  链接: https://prec.sxzwfw.gov.cn/jyxxgczb/1062720.jhtml
  目标字段: 开标时间, 标书发售时间, 公告内容, 招标人, 招标人地址, 招标人联系人, 招标人联系方式, 招标代理机构, 招标代理机构地址, 招标代理机构联系人, 招标代理机构联系方式
  结果: 成功
  - 开标时间: 2026 年6 月30 日09 时00 分
  - 标书发售时间: 2026 年6 月8 日00 时00 分起至2026 年6 月13 日00 时00 分
  - 公告内容: 大禹渡灌区新增恢复灌溉面积工程2026 年度项目二次 招标公告 （招标编号：2026GC010421） 招标项目所在地区：运城市芮城县 一、招标条件 本大禹渡灌区新增恢复灌溉面积工程2026 年度项目...
  - 招标人: 无
  - 招标人地址: 无
  - 招标人联系人: 无
  - 招标人联系方式: 无
  - 招标代理机构: 无
  - 招标代理机构地址: 无
  - 招标代理机构联系人: 无
  - 招标代理机构联系方式: 无

项目: 国道209线河津市过境改线工程施工
  链接: https://prec.sxzwfw.gov.cn/jyxxgczb/1062836.jhtml
  目标字段: 开标时间, 标书发售时间, 公告内容, 招标人, 招标人地址, 招标人联系人, 招标人联系方式, 招标代理机构, 招标代理机构地址, 招标代理机构联系人, 招标代理机构联系方式
  结果: 成功
  - 开标时间: 2026年6月30日09时00分
  - 标书发售时间: 2026年6月9日00时00分至2026年6月16日00时00分
  - 公告内容: 国道209 线河津市过境改线工程施工招标公告（项目编号：2026GC010557）招标项目所在地区：运城市河津市一、招标条件国道209 线河津市过境改线工程（项目编号：2026GC010557）可行性...
  - 招标人: 河津市交通运输局
  - 招标人地址: 河津市复兴路1号
  - 招标人联系人: 孙先生
  - 招标人联系方式: 13327485138
  - 招标代理机构: 山西诚泰达工程项目管理有限公司
  - 招标代理机构地址: 运城市盐湖区学苑路立交桥西侧恒大绿洲1号楼三单元301室
  - 招标代理机构联系人: 王先生
  - 招标代理机构联系方式: 17636003318

项目: 山西新景矿煤业有限责任公司保安分区15号煤开采项目PC总承包
  链接: https://prec.sxzwfw.gov.cn/jyxxgchxr/1070342.jhtml
  目标字段: 监督部门联系方式
  结果: 失败
  - 监督部门联系方式: 无

项目: 寿阳县老旧小区供热老化管道更新改造工程
  链接: https://prec.sxzwfw.gov.cn/jyxxgczb/1056919.jhtml
  目标字段: 开标时间, 标书发售时间, 公告内容, 招标人, 招标人地址, 招标人联系人, 招标人联系方式, 招标代理机构, 招标代理机构地址, 招标代理机构联系人, 招标代理机构联系方式, 监督部门, 监督部门联系方式
  结果: 成功
  - 开标时间: 2026-06-03 09:30
  - 标书发售时间: 2026-05-21 18:00:00.0 至2026-05-26 18:00:00.0
  - 公告内容: （招标编号：E1407000827004381001） 招标项目所在地区:寿阳县 一、招标条件 本 寿阳县老旧小区供热老化管道更新改造工程（招标项目编号：E1407000827004381001）,已...
  - 招标人: 寿阳县城乡建设和环境卫生服务中心
  - 招标人地址: 山西省寿阳县新东关街71号
  - 招标人联系人: 闫先生
  - 招标人联系方式: 0354-4621844
  - 招标代理机构: 山西华益工程项目管理有限公司
  - 招标代理机构地址: 山西省晋中市山西示范区晋中开发区汇通产业园区迎宾西街169号银海心悦818-1号商铺
  - 招标代理机构联系人: 贾女士
  - 招标代理机构联系方式: 03548143666
  - 监督部门: 寿阳县住房和城乡建设管理局
  - 监督部门联系方式: 03544623240

项目: 2026年绛县小型农村供水工程规范化改造项目勘察设计
  链接: https://prec.sxzwfw.gov.cn/jyxxgczb/1063480.jhtml
  目标字段: 开标时间, 标书发售时间, 公告内容, 招标人, 招标人地址, 招标人联系人, 招标人联系方式, 招标代理机构, 招标代理机构地址, 招标代理机构联系人, 招标代理机构联系方式
  结果: 成功
  - 开标时间: 2026年7月1日09时00分
  - 标书发售时间: 2026年6月10日09时30分至2026年6月17日09时30分
  - 公告内容: 2026 年绛县小型农村供水工程规范化改造项目勘察设计招标公告（招标编号：2026GC010558）招标项目所在地区：运城市绛县一、招标条件本2026年绛县小型农村供水工程规范化改造项目勘察设计（招标...
  - 招标人: 无
  - 招标人地址: 无
  - 招标人联系人: 无
  - 招标人联系方式: 无
  - 招标代理机构: 无
  - 招标代理机构地址: 无
  - 招标代理机构联系人: 无
  - 招标代理机构联系方式: 无

项目: 黎城县公办养老中心项目施工
  链接: https://prec.sxzwfw.gov.cn/jyxxgczb/1063141.jhtml
  目标字段: 开标时间, 标书发售时间
  结果: 成功
  - 开标时间: 2026年6月30日上午9时30分
  - 标书发售时间: 2026年6月9日至2026年6月30日上午9时30分

项目: 杨家堡污水厂进水管网改造工程施工
  链接: https://prec.sxzwfw.gov.cn/jyxxgczb/1063397.jhtml
  目标字段: 招标代理机构联系人
  结果: 成功
  - 招标代理机构联系人: 赵鑫

项目: 太原市西山地表水厂供水工程一取水泵站(引黄原水)工程施工
  链接: https://prec.sxzwfw.gov.cn/jyxxgczb/1056211.jhtml
  目标字段: 开标时间, 招标代理机构联系人
  结果: 成功
  - 开标时间: 2026年06月03日09时30分
  - 招标代理机构联系人: 石亚琼

项目: 太原供水集团有限公司财大东巷等46条新建给水管网工程钢管采购（二次）
  链接: https://prec.sxzwfw.gov.cn/jyxxgczb/1063567.jhtml
  目标字段: 标书发售时间, 招标代理机构联系人
  结果: 失败
  - 标书发售时间: 无
  - 招标代理机构联系人: 无

项目: 潇河产业园区文源学校建设工程（一标段）施工（暂估价）断桥铝合金窗采购项目
  链接: https://prec.sxzwfw.gov.cn/jyxxgczb/1061980.jhtml
  目标字段: 标书发售时间, 招标代理机构, 招标代理机构地址, 招标代理机构联系人, 招标代理机构联系方式
  结果: 失败
  - 标书发售时间: 无
  - 招标代理机构: 无
  - 招标代理机构地址: 无
  - 招标代理机构联系人: 无
  - 招标代理机构联系方式: 无

项目: 大秦铁路股份有限公司太原铁路工程建设指挥部太原动车组运用所增设控制集中系统（CCS）工程施工总价承包项目(1标段)中标候选人公示更正
  链接: https://prec.sxzwfw.gov.cn/jyxxgchxr/1070214.jhtml
  目标字段: 监督部门联系方式
  结果: 失败（详情页/PDF/OCR均未取得文本，AI未调用）

项目: 晋中市松塔水库供水（二期）工程管材及管件采购03标
  链接: https://prec.sxzwfw.gov.cn/jyxxgchxr/1070208.jhtml
  目标字段: 监督部门, 监督部门联系方式
  结果: 失败
  - 监督部门: 无
  - 监督部门联系方式: 无

项目: 中信机电能源科技（山西）有限公司 220千伏变电站工程项目设备采购（一）
  链接: https://prec.sxzwfw.gov.cn/jyxxgczb/1056210.jhtml
  目标字段: 开标时间, 标书发售时间, 公告内容, 招标人, 招标人地址, 招标人联系人, 招标人联系方式, 招标代理机构, 招标代理机构地址, 招标代理机构联系人, 招标代理机构联系方式, 监督部门
  结果: 失败
  - 开标时间: 无
  - 标书发售时间: 无
  - 公告内容: 无
  - 招标人: 无
  - 招标人地址: 无
  - 招标人联系人: 无
  - 招标人联系方式: 无
  - 招标代理机构: 无
  - 招标代理机构地址: 无
  - 招标代理机构联系人: 无
  - 招标代理机构联系方式: 无
  - 监督部门: 无

项目: 清徐县2025年农村公路养护工程
  链接: https://prec.sxzwfw.gov.cn/jyxxgczb/1060013.jhtml
  目标字段: 标书发售时间, 招标代理机构联系人
  结果: 失败
  - 标书发售时间: 无
  - 招标代理机构联系人: 无

