山西省公共资源交易平台 AI补全报告
生成时间: 2026-07-08 23:50:37
使用模型: glm-4.6-thinking
============================================================

【汇总】
  处理项目数 : 72
  成功        : 41
  失败        : 31
  跳过        : 0
  字段补全数  : 204

【Token消耗】
  AI调用次数  : 76
  输入tokens  : 107,939
  输出tokens  : 29,226
  合计tokens  : 137,165

【详细记录】
----------------------------------------
项目: 长子县医疗集团紧密型县域医共体建设项目（第一标段）施工
  链接: https://prec.sxzwfw.gov.cn/jyxxgczb/1070110.jhtml
  目标字段: 标书发售时间, 招标人, 招标人地址, 招标人联系人, 招标人联系方式, 招标代理机构, 招标代理机构地址, 招标代理机构联系人, 招标代理机构联系方式
  结果: 成功
  - 标书发售时间: 2026年07月01日至2026年07月24日
  - 招标人: 长子县卫生健康和体育局
  - 招标人地址: 山西省长子县东大街304号
  - 招标人联系人: 韩先生
  - 招标人联系方式: 0355-8322241
  - 招标代理机构: 山西安成项目管理有限公司
  - 招标代理机构地址: 长治市太行北路188号科技企业加速器6号楼四层
  - 招标代理机构联系人: 李先生
  - 招标代理机构联系方式: 0355-5124586

项目: 马村镇马村村高标准设施蔬菜基地项目
  链接: https://prec.sxzwfw.gov.cn/jyxxgczb/1069822.jhtml
  目标字段: 招标代理机构地址
  结果: 失败
  - 招标代理机构地址: 无

项目: 长治市台上片区城中村改造及基础设施配套建设项目勘察设计
  链接: https://prec.sxzwfw.gov.cn/jyxxgczb/1069583.jhtml
  目标字段: 开标时间, 标书发售时间
  结果: 成功
  - 开标时间: 2026年7月22日09时30分
  - 标书发售时间: 2026年6月30日至2026年7月22日

项目: 襄垣经开区中瑞瑞恒道路工程施工
  链接: https://prec.sxzwfw.gov.cn/jyxxgczb/1069020.jhtml
  目标字段: 招标人, 招标人地址, 招标人联系人, 招标人联系方式, 招标代理机构, 招标代理机构地址, 招标代理机构联系人, 招标代理机构联系方式
  结果: 成功
  - 招标人: 襄垣县交通运输局
  - 招标人地址: 长治市襄垣县新建东街89号
  - 招标人联系人: 杨先生
  - 招标人联系方式: 0355-7222558
  - 招标代理机构: 长治市玺信珵工程项目管理有限公司
  - 招标代理机构地址: 山西省长治市太行北路 154 号中奥建商务楼
  - 招标代理机构联系人: 苗雨、方智慧
  - 招标代理机构联系方式: 15713550663

项目: 侯马市XX训练基地建设项目（二次）
  链接: https://prec.sxzwfw.gov.cn/jyxxgczb/1062990.jhtml
  目标字段: 监督部门联系方式
  结果: 成功
  - 监督部门联系方式: 0357—3900150

项目: 五台县高铁片区管网建设工程总承包（EPC）项目
  链接: https://prec.sxzwfw.gov.cn/jyxxgchxr/1072341.jhtml
  目标字段: 监督部门联系方式
  结果: 成功
  - 监督部门联系方式: 忻州市住房和城乡建设局

项目: 太原市杏花岭区宇乔400MW/800MWh独立储能调频电站项目(EPC总承包）
  链接: https://prec.sxzwfw.gov.cn/jyxxgcgs/1071357.jhtml
  目标字段: 监督部门联系方式
  结果: 失败
  - 监督部门联系方式: 无

项目: 太原西山“骑行+”户外运动场地设施与服务保障设施建设项目施工
  链接: https://prec.sxzwfw.gov.cn/jyxxgcgs/1070917.jhtml
  目标字段: 监督部门
  结果: 失败
  - 监督部门: 无

项目: 华信振阳高新区200MW/400MWh独立储能项目EPC总承包
  链接: https://prec.sxzwfw.gov.cn/jyxxgcgs/1071264.jhtml
  目标字段: 监督部门
  结果: 失败
  - 监督部门: 无

项目: 原平市2025年农村公路灾毁改造工程（裕隆社区-武彦等6条）监理项目
  链接: https://prec.sxzwfw.gov.cn/jyxxgchxr/1069689.jhtml
  目标字段: 监督部门联系方式
  结果: 失败
  - 监督部门联系方式: 无

项目: 五台山站站前综合交通枢纽及相关市政配套项目（供电工程）设计项目
  链接: https://prec.sxzwfw.gov.cn/jyxxgchxr/1069607.jhtml
  目标字段: 监督部门联系方式
  结果: 成功
  - 监督部门联系方式: 五台山风景名胜区旅游发展局

项目: 代县城市地下管网及设施建设改造工程-东北街片区（分区二）施工项目
  链接: https://prec.sxzwfw.gov.cn/jyxxgchxr/1069209.jhtml
  目标字段: 监督部门联系方式
  结果: 失败
  - 监督部门联系方式: 无

项目: 吉县吉电200MW/400MWh独立储能电站EPC总承包
  链接: https://prec.sxzwfw.gov.cn/jyxxgcgs/1070781.jhtml
  目标字段: 监督部门联系方式
  结果: 成功
  - 监督部门联系方式: 吉县发展和改革局

项目: 大同市晋北地区高原风沙源生态保护和修复项目桦林背林场2026年人工造林(1,2,3,4,5,6,8,9,10,11,12,
  链接: https://prec.sxzwfw.gov.cn/jyxxgczb/1069176.jhtml
  目标字段: 监督部门联系方式
  结果: 成功
  - 监督部门联系方式: 0352-7789836

项目: 高平市炎谷丰高标准设施蔬菜基地项目(002二标段)
  链接: https://prec.sxzwfw.gov.cn/jyxxgchxr/1067695.jhtml
  目标字段: 监督部门联系方式
  结果: 失败
  - 监督部门联系方式: 无

项目: 太原天然气有限公司太原市2026年住宅小区居民共有老旧庭院燃气管网及户内立管更新改造项目工程施工
  链接: https://prec.sxzwfw.gov.cn/jyxxgcgs/1069250.jhtml
  目标字段: 监督部门联系方式
  结果: 失败
  - 监督部门联系方式: 无

项目: 黄水河宁武县段河道治理工程勘察设计项目
  链接: https://prec.sxzwfw.gov.cn/jyxxgchxr/1067711.jhtml
  目标字段: 监督部门联系方式
  结果: 失败
  - 监督部门联系方式: 无

项目: 高平市燃气老化管网及设施更新改造工程（老化燃气管道更新改造EPC）
  链接: https://prec.sxzwfw.gov.cn/jyxxgczb/1060412.jhtml
  目标字段: 招标代理机构地址
  结果: 失败
  - 招标代理机构地址: 无

项目: 山西汾西矿业（集团）有限责任公司灵北煤矿矸石充填二期工程项目二次招标
  链接: https://prec.sxzwfw.gov.cn/jyxxgczb/1062809.jhtml
  目标字段: 标书发售时间, 招标代理机构, 招标代理机构地址, 招标代理机构联系人, 招标代理机构联系方式
  结果: 成功
  - 标书发售时间: 2026年6月8日18:00 至 2026年6月13日18:00
  - 招标代理机构: 山西焦煤集团招标有限公司
  - 招标代理机构地址: 山西省太原市小店区龙城大街102 号文旅大厦 A 座4层
  - 招标代理机构联系人: 朱虹宇
  - 招标代理机构联系方式: 0351-7955111

项目: 杏花岭区2024年老旧小区改造项目（二期）设计施工总承包（EPC）(004标段四)
  链接: https://prec.sxzwfw.gov.cn/jyxxgcgs/1071595.jhtml
  目标字段: 监督部门联系方式
  结果: 失败
  - 监督部门联系方式: 无

项目: 中村镇张马村历山花卉融创基地
  链接: https://prec.sxzwfw.gov.cn/jyxxgchxr/1070266.jhtml
  目标字段: 监督部门联系方式
  结果: 失败
  - 监督部门联系方式: 无

项目: 晋中市松塔水库供水（二期）工程管材及管件采购03标
  链接: https://prec.sxzwfw.gov.cn/jyxxgchxr/1070208.jhtml
  目标字段: 监督部门联系方式
  结果: 失败
  - 监督部门联系方式: 无

项目: 阳曲县2025年“千万工程”精品示范村建设项目施工二标段项目
  链接: https://prec.sxzwfw.gov.cn/jyxxgczb/1072331.jhtml
  目标字段: 开标时间
  结果: 成功
  - 开标时间: 2026-07-23 09:30:00

项目: 平陆县2026年村道水毁工程
  链接: https://prec.sxzwfw.gov.cn/jyxxgczb/1062514.jhtml
  目标字段: 招标人联系人
  结果: 失败
  - 招标人联系人: 无

项目: 原平市2025年农村公路灾毁改造工程（裕隆社区-武彦等6条）施工项目
  链接: https://prec.sxzwfw.gov.cn/jyxxgchxr/1070610.jhtml
  目标字段: 监督部门联系方式
  结果: 失败
  - 监督部门联系方式: 无

项目: 山阴县第四中学校教学楼加固改造工程项目
  链接: https://prec.sxzwfw.gov.cn/jyxxgcgs/1071427.jhtml
  目标字段: 监督部门联系方式
  结果: 失败
  - 监督部门联系方式: 无

项目: 代县城市地下管网及设施建设改造工程-东北街片区（分区一）施工项目
  链接: https://prec.sxzwfw.gov.cn/jyxxgchxr/1068808.jhtml
  目标字段: 监督部门联系方式
  结果: 失败
  - 监督部门联系方式: 无

项目: 代县城市地下管网及设施建设改造工程-东北街片区（分区一）监理项目
  链接: https://prec.sxzwfw.gov.cn/jyxxgchxr/1068807.jhtml
  目标字段: 监督部门联系方式
  结果: 失败
  - 监督部门联系方式: 无

项目: 泽州县丹溪片区集中供热建设项目（EPC）总承包中标结果公告
  链接: https://prec.sxzwfw.gov.cn/jyxxgcgs/1070481.jhtml
  目标字段: 监督部门联系方式
  结果: 失败
  - 监督部门联系方式: 无

项目: 高平市原村乡冯村村集中供热二网项目
  链接: https://prec.sxzwfw.gov.cn/jyxxgczb/1071190.jhtml
  目标字段: 监督部门联系方式
  结果: 失败
  - 监督部门联系方式: 无

项目: 柿庄镇输配站基础设施提升改造项目
  链接: https://prec.sxzwfw.gov.cn/jyxxgczb/1064015.jhtml
  目标字段: 招标人地址
  结果: 失败
  - 招标人地址: 无

项目: 省道366老马岭至里必段改建工程全过程项目管理咨询服务中标结果公告
  链接: https://prec.sxzwfw.gov.cn/jyxxgcgs/1072332.jhtml
  目标字段: 监督部门联系方式
  结果: 成功
  - 监督部门联系方式: 晋城市交通运输局

项目: 万柏林区老旧供水管网改造工程（一期）大虎沟社区标段
  链接: https://prec.sxzwfw.gov.cn/jyxxgczb/1055753.jhtml
  目标字段: 开标时间, 标书发售时间, 招标代理机构联系人
  结果: 成功
  - 开标时间: 2026年06月02日09时30分
  - 标书发售时间: 2026年05月18日15时30分2026年05月25日15时30分
  - 招标代理机构联系人: 潘晓辉

项目: 汾阳市三泉河（三泉镇段）山洪沟治理工程施工项目
  链接: https://prec.sxzwfw.gov.cn/jyxxgczb/1066088.jhtml
  目标字段: 招标人, 招标人地址, 招标人联系人, 招标人联系方式, 招标代理机构, 招标代理机构地址, 招标代理机构联系人, 招标代理机构联系方式
  结果: 成功
  - 招标人: 汾阳市水资源保护中心
  - 招标人地址: 汾阳市永和西大街 9 号
  - 招标人联系人: 赵先生
  - 招标人联系方式: 13753351906
  - 招标代理机构: 远瓴（北京）国际工程咨询有限公司
  - 招标代理机构地址: 太原市万柏林区和平南路丽景广场 405
  - 招标代理机构联系人: 吴剑、薛芳、赵斌、张德杰、熊建平、邵博宇、顾振华
  - 招标代理机构联系方式: 1513511

项目: 晋城市建筑垃圾资源化利用项目特许经营者（二次）招标
  链接: https://prec.sxzwfw.gov.cn/jyxxgczb/1065567.jhtml
  目标字段: 招标人, 招标人地址, 招标人联系人, 招标人联系方式, 招标代理机构, 招标代理机构地址, 招标代理机构联系人, 招标代理机构联系方式, 监督部门
  结果: 失败
  - 招标人: 无
  - 招标人地址: 无
  - 招标人联系人: 无
  - 招标人联系方式: 无
  - 招标代理机构: 无
  - 招标代理机构地址: 无
  - 招标代理机构联系人: 无
  - 招标代理机构联系方式: 无
  - 监督部门: 无

项目: 繁峙县资源路产业路108国道-上西庄公路改造工程施工项目
  链接: https://prec.sxzwfw.gov.cn/jyxxgchxr/1071396.jhtml
  目标字段: 监督部门联系方式
  结果: 失败
  - 监督部门联系方式: 无

项目: 杏花岭区2024年老旧小区改造项目（二期）设计施工总承包（EPC）(003标段三)
  链接: https://prec.sxzwfw.gov.cn/jyxxgcgs/1071593.jhtml
  目标字段: 监督部门联系方式
  结果: 失败
  - 监督部门联系方式: 无

项目: 杏花岭区2024年老旧小区改造项目（二期）设计施工总承包（EPC）(002标段二)
  链接: https://prec.sxzwfw.gov.cn/jyxxgcgs/1071592.jhtml
  目标字段: 监督部门联系方式
  结果: 失败
  - 监督部门联系方式: 无

项目: 杏花岭区2024年老旧小区改造项目（二期）设计施工总承包（EPC）(009标段九)
  链接: https://prec.sxzwfw.gov.cn/jyxxgcgs/1071563.jhtml
  目标字段: 监督部门联系方式
  结果: 失败
  - 监督部门联系方式: 无

项目: 杏花岭区2024年老旧小区改造项目（二期）设计施工总承包（EPC）(007标段七)
  链接: https://prec.sxzwfw.gov.cn/jyxxgcgs/1071561.jhtml
  目标字段: 监督部门联系方式
  结果: 失败
  - 监督部门联系方式: 无

项目: 杏花岭区2024年老旧小区改造项目（二期）设计施工总承包（EPC）(006标段六)
  链接: https://prec.sxzwfw.gov.cn/jyxxgcgs/1071560.jhtml
  目标字段: 监督部门联系方式
  结果: 失败
  - 监督部门联系方式: 无

项目: 杏花岭区2024年老旧小区改造项目（二期）设计施工总承包（EPC）(005标段五)
  链接: https://prec.sxzwfw.gov.cn/jyxxgcgs/1071559.jhtml
  目标字段: 监督部门联系方式
  结果: 失败
  - 监督部门联系方式: 无

项目: 保德县2026年农村公路改造工程施工项目
  链接: https://prec.sxzwfw.gov.cn/jyxxgchxr/1069015.jhtml
  目标字段: 监督部门联系方式
  结果: 失败
  - 监督部门联系方式: 无

项目: 岚县县城新建路地下管网改造项目施工
  链接: https://prec.sxzwfw.gov.cn/jyxxgczb/1071994.jhtml
  目标字段: 标书发售时间
  结果: 成功
  - 标书发售时间: 2026年7月7日18时00分至2026年7月31日10时00分前

项目: 清徐县城乡供水一体化工程(一期)施工 远传阀控水表设备采购
  链接: https://prec.sxzwfw.gov.cn/jyxxgchxr/1071960.jhtml
  目标字段: 监督部门, 监督部门联系方式
  结果: 失败
  - 监督部门: 无
  - 监督部门联系方式: 无

项目: 山西省肿瘤医院医疗服务综合能力提升修缮工程（病房改造提升）项目施工（二次）
  链接: https://prec.sxzwfw.gov.cn/jyxxgczb/1061675.jhtml
  目标字段: 标书发售时间, 招标代理机构联系人
  结果: 成功
  - 标书发售时间: 2026年06月03日17时30分 - 2026年06月09日17时30分
  - 招标代理机构联系人: 迟岩

项目: 新绛经济技术开发区地下水污染风险管控与修复项目勘察
  链接: https://prec.sxzwfw.gov.cn/jyxxgczb/1072421.jhtml
  目标字段: 开标时间, 标书发售时间, 公告内容, 招标人, 招标人地址, 招标人联系人, 招标人联系方式, 招标代理机构, 招标代理机构地址, 招标代理机构联系人, 招标代理机构联系方式, 监督部门, 监督部门联系方式
  结果: 成功
  - 开标时间: 2026年7月29日09时00分
  - 标书发售时间: 2026年7月9日08时00分至2026年7月15日18时00分
  - 公告内容: 新绛经济技术开发区地下水污染风险管控与修复项目勘察二次 招标公告 （招标编号：2026GC010589） 招标项目所在地区：运城市新绛县 一、招标条件 本招标项目新绛经济技术开发区地下水污染风险管控与...
  - 招标人: 新绛经济技术开发区管理委员会
  - 招标人地址: 山西省新绛县城北临夏县5 公里
  - 招标人联系人: 邱先生
  - 招标人联系方式: 0359-2366085
  - 招标代理机构: 山西泽林工程项目管理有限公司
  - 招标代理机构地址: 山西省运城市盐湖区禹西路1569 号金华国际大厦23 层
  - 招标代理机构联系人: 黄女士
  - 招标代理机构联系方式: 13620699079
  - 监督部门: 新绛县住房和城乡建设管理局
  - 监督部门联系方式: 0359-7523736

项目: 西塬湖水库（硝池滩）水生态修复综合治理项目设计
  链接: https://prec.sxzwfw.gov.cn/jyxxgczb/1072384.jhtml
  目标字段: 开标时间, 标书发售时间, 公告内容, 招标人, 招标人地址, 招标人联系人, 招标人联系方式, 招标代理机构, 招标代理机构地址, 招标代理机构联系人, 招标代理机构联系方式, 监督部门, 监督部门联系方式
  结果: 成功
  - 开标时间: 2026 年 7 月 30 日 09 时 00 分
  - 标书发售时间: 2026年7月9日00时00分起至 2026年7月15日23时59分止
  - 公告内容: 西塬湖水库（硝池滩）水生态修复综合治理项目设计招标公告 （招标编号：2026GC010701） 招标项目所在地区： 运城市盐湖区 一、招标条件 本西塬湖水库（硝池滩）水生态修复综合治理项目设计（招标项...
  - 招标人: 运城市生态环境局盐湖分局
  - 招标人地址: 山西省运城市盐湖区红旗东街3952号奥阳大厦
  - 招标人联系人: 董先生
  - 招标人联系方式: 18935097775
  - 招标代理机构: 山西中鑫海工程项目管理有限公司
  - 招标代理机构地址: 山西省运城市盐湖区人民南路华曦广场城央首府C-1-901
  - 招标代理机构联系人: 王女士
  - 招标代理机构联系方式: 15535909696
  - 监督部门: 运城市盐湖区住房和城乡建设局
  - 监督部门联系方式: 0359-2360628

项目: 北门滩水环境综合整治项目设计
  链接: https://prec.sxzwfw.gov.cn/jyxxgczb/1072382.jhtml
  目标字段: 开标时间, 标书发售时间, 公告内容, 招标人, 招标人地址, 招标人联系人, 招标人联系方式, 招标代理机构, 招标代理机构地址, 招标代理机构联系人, 招标代理机构联系方式, 监督部门, 监督部门联系方式
  结果: 成功
  - 开标时间: 2026 年 7 月 30 日 9:00:00
  - 标书发售时间: 2026年7月9日00时00分起至 2026年7月15日23时59分止
  - 公告内容: 北门滩水环境综合整治项目设计招标公告 （招标编号：2026GC010700） 招标项目所在地区： 运城市盐湖区 一、招标条件 本北门滩水环境综合整治项目设计（招标项目编号：2026GC010700），...
  - 招标人: 运城市生态环境局盐湖分局
  - 招标人地址: 山西省运城市盐湖区红旗东街3952号奥阳大厦
  - 招标人联系人: 董先生
  - 招标人联系方式: 18935097775
  - 招标代理机构: 山西中鑫海工程项目管理有限公司
  - 招标代理机构地址: 山西省运城市盐湖区人民南路华曦广场城央首府C-1-901
  - 招标代理机构联系人: 王女士
  - 招标代理机构联系方式: 15535909696
  - 监督部门: 运城市盐湖区住房和城乡建设局
  - 监督部门联系方式: 0359-2360628

项目: 吕梁市新城北川河治理工程二期工程2标段末端新旧河道连接工程施工项目
  链接: https://prec.sxzwfw.gov.cn/jyxxgczb/1072361.jhtml
  目标字段: 标书发售时间, 招标人, 招标人地址, 招标人联系人, 招标人联系方式, 招标代理机构, 招标代理机构地址, 招标代理机构联系人, 招标代理机构联系方式
  结果: 成功
  - 标书发售时间: 2026年07月08日18时00分至2026年07月29日10时00分
  - 招标人: 吕梁市新城两山防洪指挥部
  - 招标人地址: 吕梁市离石区滨河北西路1号
  - 招标人联系人: 付先生
  - 招标人联系方式: 13935813347
  - 招标代理机构: 山西鼎盛源项目管理有限责任公司
  - 招标代理机构地址: 吕梁市离石区凤山街道文丰路69号（乔家沟八巷正对面）
  - 招标代理机构联系人: 薛女士
  - 招标代理机构联系方式: 13233589799

项目: 太原市易涝积水点周边收水设施更新改造项目施工项目
  链接: https://prec.sxzwfw.gov.cn/jyxxgczb/1072343.jhtml
  目标字段: 开标时间
  结果: 成功
  - 开标时间: 2026-07-20 09:30:00

项目: 河西镇河西村蔬菜园区项目
  链接: https://prec.sxzwfw.gov.cn/jyxxgczb/1072299.jhtml
  目标字段: 标书发售时间, 监督部门
  结果: 成功
  - 标书发售时间: 2026年7月8日12时00分至2026年7月13日12时00分
  - 监督部门: 高平市农业农村局

项目: 吕梁医疗卫生园区周边环路新增挡墙项目施工
  链接: https://prec.sxzwfw.gov.cn/jyxxgczb/1072285.jhtml
  目标字段: 开标时间, 标书发售时间
  结果: 成功
  - 开标时间: 2026年7月30日10时00分
  - 标书发售时间: 2026年7月8日17时00分至2026年7月30日10时00分

项目: 武乡县分水岭乡石盘村以工代赈河道治理综合项目施工
  链接: https://prec.sxzwfw.gov.cn/jyxxgczb/1072277.jhtml
  目标字段: 标书发售时间, 招标人, 招标人地址, 招标人联系人, 招标人联系方式, 招标代理机构, 招标代理机构地址, 招标代理机构联系人, 招标代理机构联系方式, 监督部门
  结果: 成功
  - 标书发售时间: 2026年07月08日至2026年07月30日09时30分
  - 招标人: 武乡县分水岭乡人民政府
  - 招标人地址: 武乡县分水岭乡分水岭村
  - 招标人联系人: 王先生
  - 招标人联系方式: 0355-6368005
  - 招标代理机构: 山西昌源工程项目管理有限公司
  - 招标代理机构地址: 长治市潞州区英雄南路锦绣司马小区112号商铺二楼
  - 招标代理机构联系人: 王女士
  - 招标代理机构联系方式: 0355-3508890
  - 监督部门: 山西省武乡县水利局

项目: 阳曲县2025年“千万工程”精品示范村建设项目施工一标段项目
  链接: https://prec.sxzwfw.gov.cn/jyxxgczb/1072258.jhtml
  目标字段: 开标时间
  结果: 成功
  - 开标时间: 2026-07-22 09:30:00

项目: 郑庄区块阳城片区与蓝焰公司合作区煤层气试采项目（侯甲龙湾合作区东南部煤层气开发项目）龙湾增压站新建工程设备购置
  链接: https://prec.sxzwfw.gov.cn/jyxxgczb/1072221.jhtml
  目标字段: 招标人联系方式, 招标代理机构, 招标代理机构地址, 招标代理机构联系人, 招标代理机构联系方式
  结果: 成功
  - 招标人联系方式: 山西蓝焰控股股份有限公司，地址：山西转型综合改革示范区学府产业园中心街6号，联系人：常先生
  - 招标代理机构: 无
  - 招标代理机构地址: 无
  - 招标代理机构联系人: 无
  - 招标代理机构联系方式: 无

项目: 陵川县秦家庄至司家河公路改造工程
  链接: https://prec.sxzwfw.gov.cn/jyxxgczb/1065887.jhtml
  目标字段: 招标人, 招标人地址, 招标人联系人, 招标人联系方式, 招标代理机构, 招标代理机构地址, 招标代理机构联系人, 招标代理机构联系方式
  结果: 成功
  - 招标人: 陵川县交通事业发展中心
  - 招标人地址: 无
  - 招标人联系人: 无
  - 招标人联系方式: 无
  - 招标代理机构: 无
  - 招标代理机构地址: 无
  - 招标代理机构联系人: 无
  - 招标代理机构联系方式: 无

项目: 临猗县城区雨污分流改造项目（一期）南环路雨污分流改造监理
  链接: https://prec.sxzwfw.gov.cn/jyxxgczb/1065463.jhtml
  目标字段: 开标时间, 标书发售时间, 公告内容, 招标人, 招标人地址, 招标人联系人, 招标人联系方式, 招标代理机构, 招标代理机构地址, 招标代理机构联系人, 招标代理机构联系方式
  结果: 成功
  - 开标时间: 2026 年7 月8 日09 时00 分（北京时间）
  - 标书发售时间: 2026 年6 月17 日08 时00 分至2026 年6 月23 日18 时00 分
  - 公告内容: 临猗县城区雨污分流改造项目（一期）南环路雨污分流改造监理 招标公告 （项目编号：2026GC010562） 招标项目所在地区：运城市临猗县 一、招标条件 本临猗县城区雨污分流改造项目（一期）南环路雨污...
  - 招标人: 临猗县市政公用服务中心
  - 招标人地址: 临猗县双塔南路1190 号
  - 招标人联系人: 谢先生
  - 招标人联系方式: 13835929284
  - 招标代理机构: 中鼎誉润工程咨询有限公司
  - 招标代理机构地址: 运城市红旗东街盐湖城小区
  - 招标代理机构联系人: 张女士
  - 招标代理机构联系方式: 0359-8333353

项目: 稷山县汾北城乡一体化供水工程监理二次
  链接: https://prec.sxzwfw.gov.cn/jyxxgczb/1064946.jhtml
  目标字段: 开标时间, 标书发售时间, 公告内容, 招标人, 招标人地址, 招标人联系人, 招标人联系方式, 招标代理机构, 招标代理机构地址, 招标代理机构联系人, 招标代理机构联系方式
  结果: 成功
  - 开标时间: 2026 年7 月7 日9 时00 分
  - 标书发售时间: 2026 年 6 月 15 日 17 时 00 分至 2026 年 6 月 23 日 17 时 00 分
  - 公告内容: 稷山县汾北城乡一体化供水工程监理二次 招标公告 （招标项目编号：2026GC010465） 招标项目所在地区:运城市 稷山县 一、招标条件 本稷山县汾北城乡一体化供水工程监理（招标项目编号：2026G...
  - 招标人: 稷山县水利局
  - 招标人地址: 稷山县稷王南路7 号
  - 招标人联系人: 赵先生
  - 招标人联系方式: 13293993113
  - 招标代理机构: 山西渊诚工程管理有限公司
  - 招标代理机构地址: 运城市盐湖区解放路与老西街交汇处南5050 米
  - 招标代理机构联系人: 薛先生
  - 招标代理机构联系方式: 13620691422

项目: 新绛经济技术开发区地下水污染风险管控与修复项目设计
  链接: https://prec.sxzwfw.gov.cn/jyxxgczb/1065310.jhtml
  目标字段: 开标时间, 标书发售时间, 公告内容, 招标人, 招标人地址, 招标人联系人, 招标人联系方式, 招标代理机构, 招标代理机构地址, 招标代理机构联系人, 招标代理机构联系方式
  结果: 成功
  - 开标时间: 2026年7月8日09时00分
  - 标书发售时间: 2026年6月17日08时00分至2026年6月24日18时00分
  - 公告内容: 新绛经济技术开发区地下水污染风险管控与修复项目设计 招标公告 （招标编号：2026GC010588 ） 招标项目所在地区：运城市新绛县 一、招标条件 本招标项目新绛经济技术开发区地下水污染风险管控与修...
  - 招标人: 新绛经济技术开发区管理委员会
  - 招标人地址: 山西省新绛县城北临夏县5公里
  - 招标人联系人: 邱先生
  - 招标人联系方式: 0359-2366085
  - 招标代理机构: 山西泽林工程项目管理有限公司
  - 招标代理机构地址: 山西省运城市盐湖区禹西路1569 号金华国际大厦23 层
  - 招标代理机构联系人: 黄女士
  - 招标代理机构联系方式: 13620699079

项目: 山西朔州山阴兰花口前煤业有限公司11号煤层开采项目监理
  链接: https://prec.sxzwfw.gov.cn/jyxxgczb/1065644.jhtml
  目标字段: 标书发售时间
  结果: 成功
  - 标书发售时间: 2026年06月17日17时00分至2026年06月25日17时00分

项目: 山西省储备粮（阳曲）直属库有限责任公司粮食绿色仓储提升项目施工
  链接: https://prec.sxzwfw.gov.cn/jyxxgczb/1061349.jhtml
  目标字段: 开标时间, 招标代理机构联系人, 监督部门
  结果: 成功
  - 开标时间: 2026年06月16日09时30分
  - 招标代理机构联系人: 郑小雪
  - 监督部门: 阳曲县住房和城乡建设管理局

项目: 清徐县城乡供水一体化工程(一期)施工水表井采购
  链接: https://prec.sxzwfw.gov.cn/jyxxgczb/1064902.jhtml
  目标字段: 招标代理机构, 招标代理机构地址, 招标代理机构联系人, 招标代理机构联系方式
  结果: 成功
  - 招标代理机构: 山西泰昊工程技术咨询有限公司
  - 招标代理机构地址: 太原市小店区亲贤北街368号水工大厦630室
  - 招标代理机构联系人: 李旭升
  - 招标代理机构联系方式: 15235170426

项目: 规划一路（龙城大街—龙城南街）和规划二路（龙城大街—龙城南街）建设工程施工
  链接: https://prec.sxzwfw.gov.cn/jyxxgczb/1065549.jhtml
  目标字段: 招标代理机构联系人
  结果: 成功
  - 招标代理机构联系人: 赵超丰

项目: 吴家堡南北规划路（康兴街一吴家堡北街）建设工程施工
  链接: https://prec.sxzwfw.gov.cn/jyxxgczb/1065545.jhtml
  目标字段: 招标代理机构, 招标代理机构地址, 招标代理机构联系人, 招标代理机构联系方式
  结果: 成功
  - 招标代理机构: 山西通九州工程项目管理有限公司
  - 招标代理机构地址: 太原市小店区龙城南街98号富力尚悦居办公楼五层513室
  - 招标代理机构联系人: 于海霞
  - 招标代理机构联系方式: 13994237536

项目: 山西省黎城县佛崖底滑坡地质灾害治理项目工程施工
  链接: https://prec.sxzwfw.gov.cn/jyxxgczb/1065269.jhtml
  目标字段: 开标时间, 标书发售时间
  结果: 成功
  - 开标时间: 2026年07月07日09时30分
  - 标书发售时间: 2026年06月16日至2026年07月07日

项目: 中阳县南川河城区段生态综合治理和雨污管网更新改造项目EPC总承包其它 第一标段
  链接: https://prec.sxzwfw.gov.cn/jyxxgchxr/1072279.jhtml
  目标字段: 监督部门联系方式
  结果: 成功
  - 监督部门联系方式: 0358-3398049

项目: 中阳县南川河城区段生态综合治理和雨污管网更新改造项目EPC总承包其它第二标段
  链接: https://prec.sxzwfw.gov.cn/jyxxgchxr/1072278.jhtml
  目标字段: 监督部门联系方式
  结果: 成功
  - 监督部门联系方式: 0358-3398049

项目: 运城市排洪通道（姚暹渠盐湖段）改造工程互通项目
  链接: https://prec.sxzwfw.gov.cn/jyxxgczb/1064767.jhtml
  目标字段: 开标时间, 标书发售时间, 公告内容, 招标人, 招标人地址, 招标人联系人, 招标人联系方式, 招标代理机构, 招标代理机构地址, 招标代理机构联系人, 招标代理机构联系方式
  结果: 成功
  - 开标时间: 2026 年07 月07 日09 时00 分（北京时间）
  - 标书发售时间: 2026 年06 月15 日08 时00 分至2026 年06 月22 日18 时00 分
  - 公告内容: 运城市排洪通道（姚暹渠盐湖段）改造工程互通项目 招标公告 （项目编号：2026GC010582） 招标项目所在地区：运城市盐湖区 一、招标条件 运城市排洪通道（姚暹渠盐湖段）改造工程互通项目（项目编号...
  - 招标人: 运城市盐湖区水务局
  - 招标人地址: 盐湖区解放北路益农园约90 米
  - 招标人联系人: 李先生
  - 招标人联系方式: 0359-8605001
  - 招标代理机构: 山西沐泓工程项目管理有限公司
  - 招标代理机构地址: 运城市盐湖区铺安街天泰文化苑北区D 幢三单元2101 室
  - 招标代理机构联系人: 王女士
  - 招标代理机构联系方式: 0359-2226128/15364842299

项目: 运城经济技术开发区电子产业园1#2#标准厂房提升改造工程三次
  链接: https://prec.sxzwfw.gov.cn/jyxxgczb/1063958.jhtml
  目标字段: 开标时间, 标书发售时间, 公告内容, 招标人, 招标人地址, 招标人联系人, 招标人联系方式, 招标代理机构, 招标代理机构地址, 招标代理机构联系人, 招标代理机构联系方式
  结果: 成功
  - 开标时间: 2026 年07 月07 日09 时00 分
  - 标书发售时间: 2026 年06 月12 日08 时00 分至2026 年06 月18 日18 时00 分
  - 公告内容: 运城经济技术开发区电子产业园1#2#标准厂房提升改造工程三次 招标公告 （项目编号：2026GC010333） 招标项目所在地区：运城经济技术开发区 一、招标条件 本运城经济技术开发区电子产业园1#2...
  - 招标人: 运城经济开发区新城置业有限公司
  - 招标人地址: 运城经济技术开发区军屯街以南、安东路以西、纬四路以北（公租房 项目综合楼5 楼）
  - 招标人联系人: 刘先生
  - 招标人联系方式: 0359-2560299
  - 招标代理机构: 山西诚赢天下工程项目管理有限公司
  - 招标代理机构地址: 山西省运城市盐湖区红旗东街金水湾1 号楼21 层
  - 招标代理机构联系人: 张先生
  - 招标代理机构联系方式: 0359-8333373

项目: 万荣县2026年农村公路建设工程（汉池至汉薛等4条路）
  链接: https://prec.sxzwfw.gov.cn/jyxxgczb/1064564.jhtml
  目标字段: 开标时间, 标书发售时间, 公告内容, 招标人, 招标人地址, 招标人联系人, 招标人联系方式, 招标代理机构, 招标代理机构地址, 招标代理机构联系人, 招标代理机构联系方式, 监督部门
  结果: 成功
  - 开标时间: 2026年7月7日09时00分
  - 标书发售时间: 2026年6月15日00时00分起至2026年6月20日00时00分止
  - 公告内容: 万荣县2026 年农村公路建设工程（汉池至汉薛等4 条路）招标公告 （招标编号：2026GC010576） 招标项目所在地区：运城市万荣县 一、招标条件 本万荣县2026 年农村公路建设工程（汉池至汉...
  - 招标人: 万荣县交通运输局
  - 招标人地址: 万荣县城五一东街
  - 招标人联系人: 王先生
  - 招标人联系方式: 15935990567
  - 招标代理机构: 山西三源工程项目管理有限公司
  - 招标代理机构地址: 运城市盐湖区红旗东街康乐苑临街办公楼1 栋2 单元301 室
  - 招标代理机构联系人: 崔先生
  - 招标代理机构联系方式: 0359-2507779、18634834446
  - 监督部门: 运城市交通运输局

项目: 长治市体育路(捉马大街-漳泽东街)道路建设工程施工
  链接: https://prec.sxzwfw.gov.cn/jyxxgczb/1065385.jhtml
  目标字段: 标书发售时间, 招标人, 招标人地址, 招标人联系人, 招标人联系方式, 招标代理机构, 招标代理机构地址, 招标代理机构联系人, 招标代理机构联系方式
  结果: 成功
  - 标书发售时间: 2026年6月16日至2026年7月7日(北京时间)
  - 招标人: 长治市市政建设中心
  - 招标人地址: 长治市太行西街36号
  - 招标人联系人: 王女士
  - 招标人联系方式: 0355-5829645
  - 招标代理机构: 山西卓元博盛建设工程项目管理有限公司
  - 招标代理机构地址: 长治市保宁门西街309号世纪城第一座807号
  - 招标代理机构联系人: 陈女士
  - 招标代理机构联系方式: 18235546118

