山西省公共资源交易平台 AI补全报告
生成时间: 2026-07-10 23:19:25
使用模型: glm-4.6-thinking
============================================================

【汇总】
  处理项目数 : 58
  成功        : 25
  失败        : 33
  跳过        : 0
  字段补全数  : 131

【Token消耗】
  AI调用次数  : 59
  输入tokens  : 104,840
  输出tokens  : 17,383
  合计tokens  : 122,223

【详细记录】
----------------------------------------
项目: 中部引黄孝义市市域配套水网工程监理项目
  链接: https://prec.sxzwfw.gov.cn/jyxxgczb/1073057.jhtml
  目标字段: 标书发售时间, 监督部门联系方式
  结果: 成功
  - 标书发售时间: 2026年07月10日17时00分至2026年07月31日10时00分
  - 监督部门联系方式: 0358-7830647

项目: 马村镇马村村高标准设施蔬菜基地项目
  链接: https://prec.sxzwfw.gov.cn/jyxxgczb/1069822.jhtml
  目标字段: 招标代理机构地址
  结果: 失败
  - 招标代理机构地址: 无

项目: 太原市杏花岭区宇乔400MW/800MWh独立储能调频电站项目(EPC总承包）
  链接: https://prec.sxzwfw.gov.cn/jyxxgcgs/1071357.jhtml
  目标字段: 监督部门联系方式
  结果: 失败
  - 监督部门联系方式: 无

项目: 太原西山“骑行+”户外运动场地设施与服务保障设施建设项目施工
  链接: https://prec.sxzwfw.gov.cn/jyxxgcgs/1070917.jhtml
  目标字段: 监督部门
  结果: 失败
  - 监督部门: 无

项目: 华信振阳高新区200MW/400MWh独立储能项目EPC总承包
  链接: https://prec.sxzwfw.gov.cn/jyxxgcgs/1071264.jhtml
  目标字段: 监督部门
  结果: 失败
  - 监督部门: 无

项目: 原平市2025年农村公路灾毁改造工程（裕隆社区-武彦等6条）监理项目
  链接: https://prec.sxzwfw.gov.cn/jyxxgchxr/1069689.jhtml
  目标字段: 监督部门联系方式
  结果: 失败
  - 监督部门联系方式: 无

项目: 代县城市地下管网及设施建设改造工程-东北街片区（分区二）施工项目
  链接: https://prec.sxzwfw.gov.cn/jyxxgchxr/1069209.jhtml
  目标字段: 监督部门联系方式
  结果: 失败
  - 监督部门联系方式: 无

项目: 大同市晋北地区高原风沙源生态保护和修复项目桦林背林场2026年人工造林(1,2,3,4,5,6,8,9,10,11,12,
  链接: https://prec.sxzwfw.gov.cn/jyxxgczb/1069176.jhtml
  目标字段: 监督部门联系方式
  结果: 成功
  - 监督部门联系方式: 电话:0352-7789836。电子邮件:/

项目: 山西蓝焰煤层气集团有限责任公司晋城矿区煤层气加密井建设项目（二期）煤层气井录井技术服务
  链接: https://prec.sxzwfw.gov.cn/jyxxgczb/1055857.jhtml
  目标字段: 招标人地址, 招标人联系人, 招标人联系方式
  结果: 失败
  - 招标人地址: 无
  - 招标人联系人: 无
  - 招标人联系方式: 无

项目: 高平市炎谷丰高标准设施蔬菜基地项目(002二标段)
  链接: https://prec.sxzwfw.gov.cn/jyxxgchxr/1067695.jhtml
  目标字段: 监督部门联系方式
  结果: 失败
  - 监督部门联系方式: 无

项目: 太原天然气有限公司太原市2026年住宅小区居民共有老旧庭院燃气管网及户内立管更新改造项目工程施工
  链接: https://prec.sxzwfw.gov.cn/jyxxgcgs/1069250.jhtml
  目标字段: 监督部门联系方式
  结果: 失败
  - 监督部门联系方式: 无

项目: 黄水河宁武县段河道治理工程勘察设计项目
  链接: https://prec.sxzwfw.gov.cn/jyxxgchxr/1067711.jhtml
  目标字段: 监督部门联系方式
  结果: 失败
  - 监督部门联系方式: 无

项目: 高平市燃气老化管网及设施更新改造工程（老化燃气管道更新改造EPC）
  链接: https://prec.sxzwfw.gov.cn/jyxxgczb/1060412.jhtml
  目标字段: 招标代理机构地址
  结果: 失败
  - 招标代理机构地址: 无

项目: 杏花岭区2024年老旧小区改造项目（二期）设计施工总承包（EPC）(004标段四)
  链接: https://prec.sxzwfw.gov.cn/jyxxgcgs/1071595.jhtml
  目标字段: 监督部门联系方式
  结果: 失败
  - 监督部门联系方式: 无

项目: 中村镇张马村历山花卉融创基地
  链接: https://prec.sxzwfw.gov.cn/jyxxgchxr/1070266.jhtml
  目标字段: 监督部门联系方式
  结果: 失败
  - 监督部门联系方式: 无

项目: 晋中市松塔水库供水（二期）工程管材及管件采购03标
  链接: https://prec.sxzwfw.gov.cn/jyxxgchxr/1070208.jhtml
  目标字段: 监督部门联系方式
  结果: 失败
  - 监督部门联系方式: 无

项目: 平陆县2026年村道水毁工程
  链接: https://prec.sxzwfw.gov.cn/jyxxgczb/1062514.jhtml
  目标字段: 招标人联系人
  结果: 失败
  - 招标人联系人: 无

项目: 原平市2025年农村公路灾毁改造工程（裕隆社区-武彦等6条）施工项目
  链接: https://prec.sxzwfw.gov.cn/jyxxgchxr/1070610.jhtml
  目标字段: 监督部门联系方式
  结果: 失败
  - 监督部门联系方式: 无

项目: 山阴县第四中学校教学楼加固改造工程项目
  链接: https://prec.sxzwfw.gov.cn/jyxxgcgs/1071427.jhtml
  目标字段: 监督部门联系方式
  结果: 成功
  - 监督部门联系方式: 山阴县住房和城乡建设管理局

项目: 代县城市地下管网及设施建设改造工程-东北街片区（分区一）施工项目
  链接: https://prec.sxzwfw.gov.cn/jyxxgchxr/1068808.jhtml
  目标字段: 监督部门联系方式
  结果: 失败
  - 监督部门联系方式: 无

项目: 代县城市地下管网及设施建设改造工程-东北街片区（分区一）监理项目
  链接: https://prec.sxzwfw.gov.cn/jyxxgchxr/1068807.jhtml
  目标字段: 监督部门联系方式
  结果: 失败
  - 监督部门联系方式: 无

项目: 高平市原村乡冯村村集中供热二网项目
  链接: https://prec.sxzwfw.gov.cn/jyxxgczb/1071190.jhtml
  目标字段: 监督部门联系方式
  结果: 失败
  - 监督部门联系方式: 无

项目: 柿庄镇输配站基础设施提升改造项目
  链接: https://prec.sxzwfw.gov.cn/jyxxgczb/1064015.jhtml
  目标字段: 招标人地址
  结果: 失败
  - 招标人地址: 无

项目: 晋城市建筑垃圾资源化利用项目特许经营者（二次）招标
  链接: https://prec.sxzwfw.gov.cn/jyxxgczb/1065567.jhtml
  目标字段: 招标人, 招标人地址, 招标人联系人, 招标人联系方式, 招标代理机构, 招标代理机构地址, 招标代理机构联系人, 招标代理机构联系方式, 监督部门
  结果: 失败
  - 招标人: 无
  - 招标人地址: 无
  - 招标人联系人: 无
  - 招标人联系方式: 无
  - 招标代理机构: 无
  - 招标代理机构地址: 无
  - 招标代理机构联系人: 无
  - 招标代理机构联系方式: 无
  - 监督部门: 无

项目: 繁峙县资源路产业路108国道-上西庄公路改造工程施工项目
  链接: https://prec.sxzwfw.gov.cn/jyxxgchxr/1071396.jhtml
  目标字段: 监督部门联系方式
  结果: 失败
  - 监督部门联系方式: 无

项目: 杏花岭区2024年老旧小区改造项目（二期）设计施工总承包（EPC）(003标段三)
  链接: https://prec.sxzwfw.gov.cn/jyxxgcgs/1071593.jhtml
  目标字段: 监督部门联系方式
  结果: 失败
  - 监督部门联系方式: 无

项目: 杏花岭区2024年老旧小区改造项目（二期）设计施工总承包（EPC）(002标段二)
  链接: https://prec.sxzwfw.gov.cn/jyxxgcgs/1071592.jhtml
  目标字段: 监督部门联系方式
  结果: 失败
  - 监督部门联系方式: 无

项目: 杏花岭区2024年老旧小区改造项目（二期）设计施工总承包（EPC）(007标段七)
  链接: https://prec.sxzwfw.gov.cn/jyxxgcgs/1071561.jhtml
  目标字段: 监督部门联系方式
  结果: 失败
  - 监督部门联系方式: 无

项目: 杏花岭区2024年老旧小区改造项目（二期）设计施工总承包（EPC）(006标段六)
  链接: https://prec.sxzwfw.gov.cn/jyxxgcgs/1071560.jhtml
  目标字段: 监督部门联系方式
  结果: 失败
  - 监督部门联系方式: 无

项目: 杏花岭区2024年老旧小区改造项目（二期）设计施工总承包（EPC）(005标段五)
  链接: https://prec.sxzwfw.gov.cn/jyxxgcgs/1071559.jhtml
  目标字段: 监督部门联系方式
  结果: 失败
  - 监督部门联系方式: 无

项目: 清徐县城乡供水一体化工程(一期)施工 远传阀控水表设备采购
  链接: https://prec.sxzwfw.gov.cn/jyxxgchxr/1071960.jhtml
  目标字段: 监督部门, 监督部门联系方式
  结果: 成功
  - 监督部门: 清徐县水务局
  - 监督部门联系方式: 0351-2971632

项目: 陵川县秦家庄至司家河公路改造工程
  链接: https://prec.sxzwfw.gov.cn/jyxxgczb/1065887.jhtml
  目标字段: 招标人地址, 招标人联系人, 招标人联系方式, 招标代理机构, 招标代理机构地址, 招标代理机构联系人, 招标代理机构联系方式
  结果: 失败
  - 招标人地址: 无
  - 招标人联系人: 无
  - 招标人联系方式: 无
  - 招标代理机构: 无
  - 招标代理机构地址: 无
  - 招标代理机构联系人: 无
  - 招标代理机构联系方式: 无

项目: 南大里区域养老服务中心项目(消防工程)
  链接: https://prec.sxzwfw.gov.cn/jyxxgczb/1072800.jhtml
  目标字段: 开标时间, 标书发售时间, 公告内容, 招标人, 招标人地址, 招标人联系人, 招标人联系方式, 招标代理机构, 招标代理机构地址, 招标代理机构联系人, 招标代理机构联系方式, 监督部门, 监督部门联系方式
  结果: 成功
  - 开标时间: 2026 年7 月31 日9 时00 分
  - 标书发售时间: 2026 年7 月10 日00 时00 分起至2026 年7 月17 日00 时00 分止
  - 公告内容: 南大里区域养老服务中心项目（消防工程）招标公告 （招标编号：2026GC010708） 招标项目所在地区：夏县 一、招标招标条件 本南大里区域养老服务中心项目（消防工程）（招标项目编号：2026GC0...
  - 招标人: 夏县南大里乡人民政府
  - 招标人地址: 夏县南大里乡
  - 招标人联系人: 宁先生
  - 招标人联系方式: 17836376868
  - 招标代理机构: 山西森鹏项目管理有限公司
  - 招标代理机构地址: 运城市盐湖区恒大绿洲5号楼3单元601室
  - 招标代理机构联系人: 张女士
  - 招标代理机构联系方式: 19135825352
  - 监督部门: 夏县住房和城乡建设管理局
  - 监督部门联系方式: 0359-8532041

项目: 山西介休义棠青云煤业有限公司保水开采地面区域探查治理工程总承包项目
  链接: https://prec.sxzwfw.gov.cn/jyxxgczb/1064608.jhtml
  目标字段: 监督部门联系方式
  结果: 成功
  - 监督部门联系方式: 介休市能源局

项目: 化章街（西温庄路—太原晋中界）两侧绿化带建设工程施工
  链接: https://prec.sxzwfw.gov.cn/jyxxgchxr/1072728.jhtml
  目标字段: 监督部门联系方式
  结果: 成功
  - 监督部门联系方式: 山西转型综合改革示范区管理委员会建设与公用事业管理部

项目: 武乡县新城区污水处理厂尾水人工湿地净化工程初步设计设计项目
  链接: https://prec.sxzwfw.gov.cn/jyxxgczb/1065426.jhtml
  目标字段: 招标人地址, 招标人联系人, 招标人联系方式, 招标代理机构, 招标代理机构地址, 招标代理机构联系人, 招标代理机构联系方式
  结果: 失败
  - 招标人地址: 无
  - 招标人联系人: 无
  - 招标人联系方式: 无
  - 招标代理机构: 无
  - 招标代理机构地址: 无
  - 招标代理机构联系人: 无
  - 招标代理机构联系方式: 无

项目: 忻州市通岗路、广裕街道路建设工程设计项目
  链接: https://prec.sxzwfw.gov.cn/jyxxgchxr/1072587.jhtml
  目标字段: 监督部门联系方式
  结果: 失败
  - 监督部门联系方式: 无

项目: 2026年泽州县昆玉小区等4个老旧小区更新改造工程初步设计
  链接: https://prec.sxzwfw.gov.cn/jyxxgczb/1065464.jhtml
  目标字段: 招标人地址, 招标人联系人, 招标人联系方式, 招标代理机构, 招标代理机构地址, 招标代理机构联系人, 招标代理机构联系方式
  结果: 失败
  - 招标人地址: 无
  - 招标人联系人: 无
  - 招标人联系方式: 无
  - 招标代理机构: 无
  - 招标代理机构地址: 无
  - 招标代理机构联系人: 无
  - 招标代理机构联系方式: 无

项目: 五台山风景名胜区石咀热源厂及管网配套工程项目输送机等设备（暂估价）采购
  链接: https://prec.sxzwfw.gov.cn/jyxxgczb/1073225.jhtml
  目标字段: 标书发售时间
  结果: 成功
  - 标书发售时间: 2026年7月10日21时00分至2026年7月15日21时00分（北京时间）

项目: 五台山风景名胜区石咀热源厂及管网配套工程项目汽车衡等设备（暂估价）采购
  链接: https://prec.sxzwfw.gov.cn/jyxxgczb/1073224.jhtml
  目标字段: 标书发售时间
  结果: 成功
  - 标书发售时间: 2026年7月10日21时00分至2026年7月15日21时00分（北京时间）

项目: 五台山风景名胜区石咀热源厂及管网配套工程项目冷渣机等设备（暂估价）采购
  链接: https://prec.sxzwfw.gov.cn/jyxxgczb/1073207.jhtml
  目标字段: 标书发售时间
  结果: 成功
  - 标书发售时间: 2026年7月10日21时00分至2026年7月15日21时00分（北京时间）

项目: 省道S255（蒲县至光华段）、S362（光华至襄汾段）升级改造工程电力迁改工程设计施工总承包
  链接: https://prec.sxzwfw.gov.cn/jyxxgczb/1073177.jhtml
  目标字段: 标书发售时间
  结果: 成功
  - 标书发售时间: 2026年7月10日18时00分至2026年7月17日18时00分

项目: 运城市平陆县亚洲开发银行贷款黄河流域绿色农田建设和农业高质量发展项目-冷库、温室、烘干场土建及货物
  链接: https://prec.sxzwfw.gov.cn/jyxxgczb/1073171.jhtml
  目标字段: 开标时间, 标书发售时间, 公告内容, 招标人, 招标人地址, 招标人联系人, 招标人联系方式, 招标代理机构, 招标代理机构地址, 招标代理机构联系人, 招标代理机构联系方式, 监督部门, 监督部门联系方式
  结果: 成功
  - 开标时间: 2026 年8 月4 日09 时00 分
  - 标书发售时间: 2026 年7 月13 日00 时00 分至2026 年7 月18 日00 时00 分止
  - 公告内容: 运城市平陆县亚洲开发银行贷款黄河流域绿色农田建设和农业高质 量发展项目-冷库、温室、烘干场土建及货物 招标公告 （招标编号：2026GC010728） 招标项目所在地区：运城市平陆县 一、招标条件 本...
  - 招标人: 平陆县农业农村局
  - 招标人地址: 平陆县五一街西3 号
  - 招标人联系人: 朱先生
  - 招标人联系方式: 0359-3522117
  - 招标代理机构: 山西恒晟源项目管理有限公司
  - 招标代理机构地址: 山西省运城市盐湖区铺安街金城商务大厦B 座701 室
  - 招标代理机构联系人: 李女士
  - 招标代理机构联系方式: 0359-8529302
  - 监督部门: 运城市农业农村局
  - 监督部门联系方式: 13994899637

项目: 运城市平陆县亚洲开发银行贷款黄河流域绿色农田建设和农业高质量发展项目监理
  链接: https://prec.sxzwfw.gov.cn/jyxxgczb/1073170.jhtml
  目标字段: 开标时间, 标书发售时间, 公告内容, 招标人, 招标人地址, 招标人联系人, 招标人联系方式, 招标代理机构, 招标代理机构地址, 招标代理机构联系人, 招标代理机构联系方式, 监督部门, 监督部门联系方式
  结果: 成功
  - 开标时间: 2026年8月4日09时00分
  - 标书发售时间: 2026年7月13日00时00分至2026年7月18日00时00分止
  - 公告内容: 运城市平陆县亚洲开发银行贷款黄河流域绿色农田建设和农业高质量发展项目监理招标公告 （招标编号：2026GC010717） 招标项目所在地区：运城市平陆县 一、招标条件 本运城市平陆县亚洲开发银行贷款黄...
  - 招标人: 平陆县农业农村局
  - 招标人地址: 平陆县五一街西3号
  - 招标人联系人: 朱先生
  - 招标人联系方式: 0359-3522117
  - 招标代理机构: 山西恒晟源项目管理有限公司
  - 招标代理机构地址: 山西省运城市盐湖区铺安街金城商务大厦B座701室
  - 招标代理机构联系人: 李女士
  - 招标代理机构联系方式: 0359-8529302
  - 监督部门: 运城市农业农村局
  - 监督部门联系方式: 13994899637

项目: 蒲县蒲城镇城关村高标准生态种养殖项目施工
  链接: https://prec.sxzwfw.gov.cn/jyxxgczb/1073144.jhtml
  目标字段: 开标时间, 标书发售时间
  结果: 成功
  - 开标时间: 2026年08月06日09时00分
  - 标书发售时间: 2026年07月13日00时00分至2026年07月17日23时59分

项目: 山西转型综改示范区南部潇河片区小牛线西延及大运路再生水管道建设工程施工图设计
  链接: https://prec.sxzwfw.gov.cn/jyxxgczb/1073140.jhtml
  目标字段: 标书发售时间, 招标代理机构, 招标代理机构地址, 招标代理机构联系人, 招标代理机构联系方式, 监督部门
  结果: 成功
  - 标书发售时间: 2026年7月13日8时00分至2026年7月20日8时00分
  - 招标代理机构: 山西中盛辰鑫工程咨询有限公司
  - 招标代理机构地址: 山西综改示范区太原学府园区晋阳街89号君威国际金融中心A座606-1室
  - 招标代理机构联系人: 赵慧强 侯雅红
  - 招标代理机构联系方式: 0351-5220185
  - 监督部门: 山西转型综合改革示范区管理委员会建设与公用事业管理部

项目: 国道108线太原晋中界至太谷任村一级公路新建工程施工监理
  链接: https://prec.sxzwfw.gov.cn/jyxxgczb/1073139.jhtml
  目标字段: 招标代理机构, 招标代理机构地址, 招标代理机构联系人, 招标代理机构联系方式, 监督部门联系方式
  结果: 成功
  - 招标代理机构: 中海建建国际招标有限责任公司
  - 招标代理机构地址: 山西省太原市晋阳街89号君威国际金融中心B座八层801室
  - 招标代理机构联系人: 杨女士
  - 招标代理机构联系方式: 17636613161
  - 监督部门联系方式: 0354-3366517

项目: 沁县2026年较大人口自然村通硬化路工程建设项目（第一批）施工
  链接: https://prec.sxzwfw.gov.cn/jyxxgczb/1073073.jhtml
  目标字段: 招标人, 招标人地址, 招标人联系人, 招标人联系方式, 招标代理机构, 招标代理机构地址, 招标代理机构联系人, 招标代理机构联系方式
  结果: 成功
  - 招标人: 沁县交通运输局
  - 招标人地址: 沁县定昌镇红旗街 49 号 10 号楼
  - 招标人联系人: 何先生
  - 招标人联系方式: 0355-7023302
  - 招标代理机构: 山西省国际招标有限公司
  - 招标代理机构地址: 太原市晋源区长兴南街 8 号阳光城环球金融中心 B 座 9 层
  - 招标代理机构联系人: 迟岩
  - 招标代理机构联系方式: 0351-7882699

项目: 长治市屯留区农控高端智慧设施蔬菜产业园配套基础设施项目EPC总承包
  链接: https://prec.sxzwfw.gov.cn/jyxxgczb/1073010.jhtml
  目标字段: 开标时间, 标书发售时间, 招标人, 招标人地址, 招标人联系人, 招标人联系方式, 招标代理机构, 招标代理机构地址, 招标代理机构联系人, 招标代理机构联系方式
  结果: 成功
  - 开标时间: 2026年08月11日09时30分
  - 标书发售时间: 2026年07月10日起至2026年08月11日
  - 招标人: 长治市屯留区乡村振兴发展中心
  - 招标人地址: 长治市屯留区羿神东大街003号
  - 招标人联系人: 王先生
  - 招标人联系方式: 0355-7527988
  - 招标代理机构: 山西华正项目管理有限公司
  - 招标代理机构地址: 长治市潞州区紫金街道紫金东街291号紫东综合楼1幢5单元12层1202号
  - 招标代理机构联系人: 王先生
  - 招标代理机构联系方式: 15386858565

项目: 运城市人民医院医养结合服务能力建设项目（EPC总承包）
  链接: https://prec.sxzwfw.gov.cn/jyxxgczb/1072998.jhtml
  目标字段: 开标时间, 标书发售时间, 公告内容, 招标人, 招标人地址, 招标人联系人, 招标人联系方式, 招标代理机构, 招标代理机构地址, 招标代理机构联系人, 招标代理机构联系方式, 监督部门, 监督部门联系方式
  结果: 成功
  - 开标时间: 2026年7月31日9时00分
  - 标书发售时间: 2026年7月10日12时00分起至2026年7月17日12时00分止
  - 公告内容: 运城市人民医院医养结合服务能力建设项目（EPC 总承包）监理招标公告 招标项目所在地区：运城市 一、招标条件 本招标项目运城市人民医院医养结合服务能力建设项目（EPC 总承包）监理 （招标项目编号：2...
  - 招标人: 运城市人民医院
  - 招标人地址: 运城市盐湖区人民南路313 号
  - 招标人联系人: 姬先生
  - 招标人联系方式: 0359-2888120
  - 招标代理机构: 丰汇国际项目管理有限公司
  - 招标代理机构地址: 陕西省西安市碑林区长安北路113 号大话南门壹中心14 楼1401 室
  - 招标代理机构联系人: 李女士
  - 招标代理机构联系方式: 17702917179
  - 监督部门: 运城市住房和城乡建设局
  - 监督部门联系方式: 0359-2222905

项目: 安泽经济技术开发区化工园区事故应急池项目总承包（EPC）
  链接: https://prec.sxzwfw.gov.cn/jyxxgczb/1072963.jhtml
  目标字段: 标书发售时间
  结果: 成功
  - 标书发售时间: 2026年07月13日00时00分至2026年07月17日23时59分

项目: 武乡县贾豁乡美丽村庄河道治理以工代赈项目总承包
  链接: https://prec.sxzwfw.gov.cn/jyxxgczb/1072921.jhtml
  目标字段: 监督部门
  结果: 成功
  - 监督部门: 山西省武乡县水利局

项目: 大同境内2026年普通国省道灾毁恢复重建工程施工
  链接: https://prec.sxzwfw.gov.cn/jyxxgczb/1065922.jhtml
  目标字段: 开标时间, 标书发售时间, 公告内容, 招标人, 招标人地址, 招标人联系人, 招标人联系方式, 招标代理机构, 招标代理机构地址, 招标代理机构联系人, 招标代理机构联系方式
  结果: 成功
  - 开标时间: 2026年7月9日9:00
  - 标书发售时间: 2026年6月17日20:00至2026年6月25日20:00
  - 公告内容: 大同境内2026年普通国省道灾毁恢复重建工程施工招标公告 (招标编号：ZHLH-2026-011） 招标项目所在地区：山西省大同市 一、招标条件 本招标项目大同境内2026年普通国省道灾毁恢复重建工程...
  - 招标人: 山西省公路局大同分局
  - 招标人地址: 山西省大同市花园里北街115号
  - 招标人联系人: 韩先生
  - 招标人联系方式: 0352-2084580
  - 招标代理机构: 中寰联珩建设咨询（山西）有限责任公司
  - 招标代理机构地址: 山西综改示范区太原唐槐园龙盛街52号盛玖大厦B座7层701室
  - 招标代理机构联系人: 樊鹏飞、王生辉、康彩虹、张晓花、郭新峰
  - 招标代理机构联系方式: 16636604535

项目: 晋中境内2026年普通国省道地质灾害处治工程施工
  链接: https://prec.sxzwfw.gov.cn/jyxxgczb/1065932.jhtml
  目标字段: 标书发售时间, 招标代理机构, 招标代理机构地址, 招标代理机构联系人, 招标代理机构联系方式, 监督部门联系方式
  结果: 成功
  - 标书发售时间: 2026年6月17日20时00分至2026年6月25日20时00分
  - 招标代理机构: 山西鑫众益项目管理有限公司
  - 招标代理机构地址: 山西省太原市小店区永利国际中心7层701室
  - 招标代理机构联系人: 王湧、魏巍
  - 招标代理机构联系方式: 0351-8710087
  - 监督部门联系方式: 0351-7582107

项目: 晋中境内2026年普通国省道灾毁恢复重建工程施工
  链接: https://prec.sxzwfw.gov.cn/jyxxgczb/1065933.jhtml
  目标字段: 标书发售时间, 招标代理机构, 招标代理机构地址, 招标代理机构联系人, 招标代理机构联系方式, 监督部门联系方式
  结果: 成功
  - 标书发售时间: 2026年6月17日20时00分至2026年6月25日20时00分
  - 招标代理机构: 山西鑫众益项目管理有限公司
  - 招标代理机构地址: 山西省太原市小店区永利国际中心7层701室
  - 招标代理机构联系人: 王湧、魏巍
  - 招标代理机构联系方式: 0351-8710087
  - 监督部门联系方式: 0351-7582107

项目: 山西省亳清河幸福河湖建设项目(垣曲段)勘察设计
  链接: https://prec.sxzwfw.gov.cn/jyxxgczb/1065457.jhtml
  目标字段: 开标时间, 标书发售时间, 公告内容, 招标人, 招标人地址, 招标人联系人, 招标人联系方式, 招标代理机构, 招标代理机构地址, 招标代理机构联系人, 招标代理机构联系方式
  结果: 成功
  - 开标时间: 2026 年7 月10 日9 时00 分（北京时间）
  - 标书发售时间: 2026 年6 月17 日00 时00 分起至2026 年6 月23 日18 时00 分（北京时间）
  - 公告内容: 山西省毫清河幸福河湖建设项目(垣曲段)勘察设计招标公告 （项目编号：2026GC010586） 招标项目所在地区：运城市垣曲县 一、招标条件 本山西省毫清河幸福河湖建设项目(垣曲段)勘察设计（项目编号...
  - 招标人: 垣曲县水利局
  - 招标人地址: 垣曲县黄河东路
  - 招标人联系人: 裴先生
  - 招标人联系方式: 13834373518
  - 招标代理机构: 中鼎誉润工程咨询有限公司
  - 招标代理机构地址: 运城市红旗东街盐湖城小区
  - 招标代理机构联系人: 张女士
  - 招标代理机构联系方式: 0359-8333353

项目: 山西转型综合改革示范区储能充换电停车场示范项目设计施工总承包中标候选人公示更正
  链接: https://prec.sxzwfw.gov.cn/jyxxgchxr/1073127.jhtml
  目标字段: 监督部门联系方式
  结果: 失败
  - 监督部门联系方式: 无

项目: 大秦铁路股份有限公司侯马北工务段南同蒲线K841+940-K843+233路堑护坡大修整治工程施工总价承包项目(1标段)中标候选人公示更正
  链接: https://prec.sxzwfw.gov.cn/jyxxgchxr/1073096.jhtml
  目标字段: 监督部门联系方式
  结果: 失败
  - 监督部门联系方式: 无

