山西省公共资源交易平台 自检日志
生成时间: 2026-07-05 22:08:02
============================================================

【类型1】未识别公告（共0条）
----------------------------------------
无

【类型2】字段提取失败（共24个项目）
----------------------------------------
项目: 马村镇马村村高标准设施蔬菜基地项目
  - 招标代理机构地址未提取

项目: 太原市杏花岭区宇乔400MW/800MWh独立储能调频电站项目(EPC总承包）
  - 监督部门联系方式未提取

项目: 太原西山“骑行+”户外运动场地设施与服务保障设施建设项目施工
  - 监督部门未提取

项目: 华信振阳高新区200MW/400MWh独立储能项目EPC总承包
  - 监督部门未提取

项目: 五台山站站前综合交通枢纽及相关市政配套项目（供电工程）设计项目
  - 监督部门联系方式未提取

项目: 朔城区2026年中央财政“三北”工程巩固防沙治沙成果项目（2021年营造林10687亩）项目
  - 监督部门联系方式未提取

项目: 代县城市地下管网及设施建设改造工程-东北街片区（分区二）施工项目
  - 监督部门联系方式未提取

项目: 吉县吉电200MW/400MWh独立储能电站EPC总承包
  - 监督部门联系方式未提取

项目: 大同市晋北地区高原风沙源生态保护和修复项目桦林背林场2026年人工造林(1,2,3,4,5,6,8,9,10,11,12,
  - 监督部门联系方式未提取

项目: 山西阳煤寺家庄煤业有限责任公司矿井水处理站改造工程（EPC）项目
  - 监督部门联系方式未提取
  - 监督部门联系方式未提取

项目: 高平市炎谷丰高标准设施蔬菜基地项目(002二标段)
  - 监督部门联系方式未提取

项目: 太原天然气有限公司太原市2026年住宅小区居民共有老旧庭院燃气管网及户内立管更新改造项目工程施工
  - 监督部门联系方式未提取

项目: 黄水河宁武县段河道治理工程勘察设计项目
  - 监督部门联系方式未提取

项目: 高平市燃气老化管网及设施更新改造工程（老化燃气管道更新改造EPC）
  - 招标代理机构地址未提取

项目: 和顺县生活垃圾焚烧发电项目特许经营者
  - 监督部门联系方式未提取

项目: 中村镇张马村历山花卉融创基地
  - 监督部门联系方式未提取

项目: 大秦铁路股份有限公司太原铁路工程建设指挥部太原动车组运用所增设控制集中系统（CCS）工程施工总价承包项目(1标段)中标候选人公示更正
  - 监督部门联系方式未提取

项目: 晋中市松塔水库供水（二期）工程管材及管件采购03标
  - 监督部门联系方式未提取

项目: 原平市2025年农村公路灾毁改造工程（裕隆社区-武彦等6条）施工项目
  - 监督部门联系方式未提取

项目: 代县城市地下管网及设施建设改造工程-东北街片区（分区一）施工项目
  - 监督部门联系方式未提取

项目: 代县城市地下管网及设施建设改造工程-东北街片区（分区一）监理项目
  - 监督部门联系方式未提取

项目: 泽州县丹溪片区集中供热建设项目（EPC）总承包中标结果公告
  - 监督部门联系方式未提取

项目: 高平市原村乡冯村村集中供热二网项目
  - 监督部门联系方式未提取

项目: 阳高县罗文皂镇镇大沟水毁河道清淤工程施工
  - 监督部门联系方式未提取

